Archive member included to satisfy reference by file (symbol)

/usr/local/gcc-arm-none-eabi/bin/../lib/gcc/arm-none-eabi/10.3.1/../../../../arm-none-eabi/lib/thumb/v7e-m/nofp/libstdc++.a(del_ops.o)
                              Libraries/FEHIO.o (operator delete(void*, unsigned int))
/usr/local/gcc-arm-none-eabi/bin/../lib/gcc/arm-none-eabi/10.3.1/../../../../arm-none-eabi/lib/thumb/v7e-m/nofp/libstdc++.a(new_op.o)
                              Libraries/FEHIO.o (operator new(unsigned int))
/usr/local/gcc-arm-none-eabi/bin/../lib/gcc/arm-none-eabi/10.3.1/../../../../arm-none-eabi/lib/thumb/v7e-m/nofp/libstdc++.a(bad_alloc.o)
                              /usr/local/gcc-arm-none-eabi/bin/../lib/gcc/arm-none-eabi/10.3.1/../../../../arm-none-eabi/lib/thumb/v7e-m/nofp/libstdc++.a(new_op.o) (std::bad_alloc::~bad_alloc())
/usr/local/gcc-arm-none-eabi/bin/../lib/gcc/arm-none-eabi/10.3.1/../../../../arm-none-eabi/lib/thumb/v7e-m/nofp/libstdc++.a(del_op.o)
                              /usr/local/gcc-arm-none-eabi/bin/../lib/gcc/arm-none-eabi/10.3.1/../../../../arm-none-eabi/lib/thumb/v7e-m/nofp/libstdc++.a(del_ops.o) (operator delete(void*))
/usr/local/gcc-arm-none-eabi/bin/../lib/gcc/arm-none-eabi/10.3.1/../../../../arm-none-eabi/lib/thumb/v7e-m/nofp/libstdc++.a(eh_alloc.o)
                              /usr/local/gcc-arm-none-eabi/bin/../lib/gcc/arm-none-eabi/10.3.1/../../../../arm-none-eabi/lib/thumb/v7e-m/nofp/libstdc++.a(new_op.o) (__cxa_allocate_exception)
/usr/local/gcc-arm-none-eabi/bin/../lib/gcc/arm-none-eabi/10.3.1/../../../../arm-none-eabi/lib/thumb/v7e-m/nofp/libstdc++.a(eh_exception.o)
                              /usr/local/gcc-arm-none-eabi/bin/../lib/gcc/arm-none-eabi/10.3.1/../../../../arm-none-eabi/lib/thumb/v7e-m/nofp/libstdc++.a(bad_alloc.o) (std::exception::~exception())
/usr/local/gcc-arm-none-eabi/bin/../lib/gcc/arm-none-eabi/10.3.1/../../../../arm-none-eabi/lib/thumb/v7e-m/nofp/libstdc++.a(eh_terminate.o)
                              /usr/local/gcc-arm-none-eabi/bin/../lib/gcc/arm-none-eabi/10.3.1/../../../../arm-none-eabi/lib/thumb/v7e-m/nofp/libstdc++.a(eh_alloc.o) (std::terminate())
/usr/local/gcc-arm-none-eabi/bin/../lib/gcc/arm-none-eabi/10.3.1/../../../../arm-none-eabi/lib/thumb/v7e-m/nofp/libstdc++.a(eh_throw.o)
                              /usr/local/gcc-arm-none-eabi/bin/../lib/gcc/arm-none-eabi/10.3.1/../../../../arm-none-eabi/lib/thumb/v7e-m/nofp/libstdc++.a(new_op.o) (__cxa_throw)
/usr/local/gcc-arm-none-eabi/bin/../lib/gcc/arm-none-eabi/10.3.1/../../../../arm-none-eabi/lib/thumb/v7e-m/nofp/libstdc++.a(eh_unex_handler.o)
                              /usr/local/gcc-arm-none-eabi/bin/../lib/gcc/arm-none-eabi/10.3.1/../../../../arm-none-eabi/lib/thumb/v7e-m/nofp/libstdc++.a(eh_terminate.o) (__cxxabiv1::__unexpected_handler)
/usr/local/gcc-arm-none-eabi/bin/../lib/gcc/arm-none-eabi/10.3.1/../../../../arm-none-eabi/lib/thumb/v7e-m/nofp/libstdc++.a(new_handler.o)
                              /usr/local/gcc-arm-none-eabi/bin/../lib/gcc/arm-none-eabi/10.3.1/../../../../arm-none-eabi/lib/thumb/v7e-m/nofp/libstdc++.a(new_op.o) (std::get_new_handler())
/usr/local/gcc-arm-none-eabi/bin/../lib/gcc/arm-none-eabi/10.3.1/../../../../arm-none-eabi/lib/thumb/v7e-m/nofp/libstdc++.a(pure.o)
                              /usr/local/gcc-arm-none-eabi/bin/../lib/gcc/arm-none-eabi/10.3.1/../../../../arm-none-eabi/lib/thumb/v7e-m/nofp/libstdc++.a(eh_exception.o) (__cxa_pure_virtual)
/usr/local/gcc-arm-none-eabi/bin/../lib/gcc/arm-none-eabi/10.3.1/../../../../arm-none-eabi/lib/thumb/v7e-m/nofp/libstdc++.a(si_class_type_info.o)
                              /usr/local/gcc-arm-none-eabi/bin/../lib/gcc/arm-none-eabi/10.3.1/../../../../arm-none-eabi/lib/thumb/v7e-m/nofp/libstdc++.a(bad_alloc.o) (vtable for __cxxabiv1::__si_class_type_info)
/usr/local/gcc-arm-none-eabi/bin/../lib/gcc/arm-none-eabi/10.3.1/../../../../arm-none-eabi/lib/thumb/v7e-m/nofp/libstdc++.a(tinfo.o)
                              /usr/local/gcc-arm-none-eabi/bin/../lib/gcc/arm-none-eabi/10.3.1/../../../../arm-none-eabi/lib/thumb/v7e-m/nofp/libstdc++.a(si_class_type_info.o) (std::type_info::__is_pointer_p() const)
/usr/local/gcc-arm-none-eabi/bin/../lib/gcc/arm-none-eabi/10.3.1/../../../../arm-none-eabi/lib/thumb/v7e-m/nofp/libstdc++.a(vterminate.o)
                              /usr/local/gcc-arm-none-eabi/bin/../lib/gcc/arm-none-eabi/10.3.1/../../../../arm-none-eabi/lib/thumb/v7e-m/nofp/libstdc++.a(eh_terminate.o) (__gnu_cxx::__verbose_terminate_handler())
/usr/local/gcc-arm-none-eabi/bin/../lib/gcc/arm-none-eabi/10.3.1/../../../../arm-none-eabi/lib/thumb/v7e-m/nofp/libstdc++.a(class_type_info.o)
                              /usr/local/gcc-arm-none-eabi/bin/../lib/gcc/arm-none-eabi/10.3.1/../../../../arm-none-eabi/lib/thumb/v7e-m/nofp/libstdc++.a(si_class_type_info.o) (__cxxabiv1::__class_type_info::__do_upcast(__cxxabiv1::__class_type_info const*, void**) const)
[...]
Memory Configuration

Name             Origin             Length             Attributes
PROGRAM_FLASH    0x000000000000c000 0x0000000000073c00 xr
SRAM_UPPER       0x0000000020000000 0x0000000000010000 xrw
SRAM_LOWER       0x000000001fff0000 0x0000000000010000 xrw
*default*        0x0000000000000000 0xffffffffffffffff

Linker script and memory map

LOAD /usr/local/gcc-arm-none-eabi/bin/../lib/gcc/arm-none-eabi/10.3.1/thumb/v7e-m/nofp/crti.o
LOAD /usr/local/gcc-arm-none-eabi/bin/../lib/gcc/arm-none-eabi/10.3.1/thumb/v7e-m/nofp/crtbegin.o
LOAD /usr/local/gcc-arm-none-eabi/bin/../lib/gcc/arm-none-eabi/10.3.1/../../../../arm-none-eabi/lib/thumb/v7e-m/nofp/crt0.o
LOAD ../main.o
LOAD Startup/startup_mk60d10.o
LOAD Libraries/FEHMotor.o
LOAD Drivers/mcg.o
LOAD Drivers/i2c.o
LOAD Drivers/spi.o
LOAD Drivers/uart.o
LOAD Drivers/ff.o
LOAD Drivers/SDHC.o
LOAD Drivers/lptmr.o
LOAD FEHProteus.o
LOAD Drivers/FEHPropeller.o
LOAD Libraries/FEHUtility.o
LOAD Libraries/FEHIO.o
LOAD Drivers/adc16.o
LOAD Libraries/FEHBuzzer.o
LOAD Libraries/FEHServo.o
LOAD Libraries/FEHLCD.o
LOAD Libraries/FEHAccel.o
LOAD Libraries/FEHBattery.o
LOAD Drivers/FEHXBee.o
LOAD Libraries/FEHRCS.o
LOAD Libraries/FEHSD.o
LOAD Libraries/FEHRandom.o
LOAD /usr/local/gcc-arm-none-eabi/bin/../lib/gcc/arm-none-eabi/10.3.1/../../../../arm-none-eabi/lib/thumb/v7e-m/nofp/libstdc++.a
LOAD /usr/local/gcc-arm-none-eabi/bin/../lib/gcc/arm-none-eabi/10.3.1/../../../../arm-none-eabi/lib/thumb/v7e-m/nofp/libm.a
START GROUP
LOAD /usr/local/gcc-arm-none-eabi/bin/../lib/gcc/arm-none-eabi/10.3.1/thumb/v7e-m/nofp/libgcc.a
LOAD /usr/local/gcc-arm-none-eabi/bin/../lib/gcc/arm-none-eabi/10.3.1/../../../../arm-none-eabi/lib/thumb/v7e-m/nofp/libg.a
LOAD /usr/local/gcc-arm-none-eabi/bin/../lib/gcc/arm-none-eabi/10.3.1/../../../../arm-none-eabi/lib/thumb/v7e-m/nofp/libc.a
END GROUP
START GROUP
LOAD /usr/local/gcc-arm-none-eabi/bin/../lib/gcc/arm-none-eabi/10.3.1/thumb/v7e-m/nofp/libgcc.a
LOAD /usr/local/gcc-arm-none-eabi/bin/../lib/gcc/arm-none-eabi/10.3.1/../../../../arm-none-eabi/lib/thumb/v7e-m/nofp/libc.a
LOAD /usr/local/gcc-arm-none-eabi/bin/../lib/gcc/arm-none-eabi/10.3.1/../../../../arm-none-eabi/lib/thumb/v7e-m/nofp/libnosys.a
END GROUP
LOAD /usr/local/gcc-arm-none-eabi/bin/../lib/gcc/arm-none-eabi/10.3.1/thumb/v7e-m/nofp/crtend.o
LOAD /usr/local/gcc-arm-none-eabi/bin/../lib/gcc/arm-none-eabi/10.3.1/thumb/v7e-m/nofp/crtn.o
                0x000000000000c000                __base_PROGRAM_FLASH = 0xc000
                0x000000000000c000                __base_Flash = 0xc000
                0x000000000007fc00                __top_PROGRAM_FLASH = 0x7fc00
                0x000000000007fc00                __top_Flash = 0x7fc00
                0x0000000020000000                __base_SRAM_UPPER = 0x20000000
                0x0000000020000000                __base_RAM = 0x20000000
                0x0000000020010000                __top_SRAM_UPPER = 0x20010000
                0x0000000020010000                __top_RAM = 0x20010000
                0x000000001fff0000                __base_SRAM_LOWER = 0x1fff0000
                0x000000001fff0000                __base_RAM2 = 0x1fff0000
                0x0000000020000000                __top_SRAM_LOWER = 0x20000000
                0x0000000020000000                __top_RAM2 = 0x20000000

.text           0x000000000000c000      0x410
 FILL mask 0xff
                0x000000000000c000                __vectors_start__ = ABSOLUTE (.)
 *(.isr_vector)
 .isr_vector    0x000000000000c000      0x1bc Startup/startup_mk60d10.o
                0x000000000000c000                __Vectors
                0x000000000000c000                g_pfnVectors
                0x000000000000c1bc                . = ALIGN (0x4)
                0x000000000000c1bc                __section_table_start = .
                0x000000000000c1bc                __data_section_table = .
                0x000000000000c1bc        0x4 LONG 0x19534 LOADADDR (.data)
                0x000000000000c1c0        0x4 LONG 0x20000000 ADDR (.data)
                0x000000000000c1c4        0x4 LONG 0x16c8 SIZEOF (.data)
                0x000000000000c1c8        0x4 LONG 0x19534 LOADADDR (.data_RAM2)
                0x000000000000c1cc        0x4 LONG 0x1fff0000 ADDR (.data_RAM2)
                0x000000000000c1d0        0x4 LONG 0x0 SIZEOF (.data_RAM2)
                0x000000000000c1d4                __data_section_table_end = .
                0x000000000000c1d4                __bss_section_table = .
                0x000000000000c1d4        0x4 LONG 0x200016c8 ADDR (.bss)
                0x000000000000c1d8        0x4 LONG 0x46c SIZEOF (.bss)
                0x000000000000c1dc        0x4 LONG 0x1fff0000 ADDR (.bss_RAM2)
                0x000000000000c1e0        0x4 LONG 0x0 SIZEOF (.bss_RAM2)
                0x000000000000c1e4                __bss_section_table_end = .
                0x000000000000c1e4                __section_table_end = .
 *(.after_vectors*)
 .after_vectors.init_data
                0x000000000000c1e4       0x42 Startup/startup_mk60d10.o
                0x000000000000c1e4                data_init(unsigned int, unsigned int, unsigned int)
 .after_vectors.init_bss
                0x000000000000c226       0x36 Startup/startup_mk60d10.o
                0x000000000000c226                bss_init(unsigned int, unsigned int)
 .after_vectors.reset
                0x000000000000c25c       0xb4 Startup/startup_mk60d10.o
                0x000000000000c25c                ResetISR
 .after_vectors
                0x000000000000c310       0x3c Startup/startup_mk60d10.o
                0x000000000000c310                NMI_Handler
                0x000000000000c316                HardFault_Handler
                0x000000000000c31c                MemManage_Handler
                0x000000000000c322                BusFault_Handler
                0x000000000000c328                UsageFault_Handler
                0x000000000000c32e                SVC_Handler
                0x000000000000c334                DebugMon_Handler
                0x000000000000c33a                PendSV_Handler
                0x000000000000c340                SysTick_Handler
                0x000000000000c346                PIT2_DriverIRQHandler
                0x000000000000c346                SDHC_DriverIRQHandler
                0x000000000000c346                I2S0_Tx_DriverIRQHandler
                0x000000000000c346                TSI0_DriverIRQHandler
                0x000000000000c346                RTC_Seconds_DriverIRQHandler
                0x000000000000c346                Reserved109_DriverIRQHandler
                0x000000000000c346                DMA6_DriverIRQHandler
                0x000000000000c346                LLWU_DriverIRQHandler
                0x000000000000c346                MCM_DriverIRQHandler
                0x000000000000c346                MCG_DriverIRQHandler
                0x000000000000c346                ENET_1588_Timer_DriverIRQHandler
                0x000000000000c346                DAC1_DriverIRQHandler
                0x000000000000c346                CMP1_DriverIRQHandler
                0x000000000000c346                UART5_RX_TX_DriverIRQHandler
                0x000000000000c346                FTM0_DriverIRQHandler
                0x000000000000c346                IntDefaultHandler
                0x000000000000c346                USB0_DriverIRQHandler
                0x000000000000c346                UART5_ERR_DriverIRQHandler
                0x000000000000c346                DMA11_DriverIRQHandler
                0x000000000000c346                DAC0_DriverIRQHandler
                0x000000000000c346                DMA10_DriverIRQHandler
                0x000000000000c346                CMP2_DriverIRQHandler
                0x000000000000c346                UART2_ERR_DriverIRQHandler
                0x000000000000c346                SPI2_DriverIRQHandler
                0x000000000000c346                LVD_LVW_DriverIRQHandler
                0x000000000000c346                RNG_DriverIRQHandler
                0x000000000000c346                DMA5_DriverIRQHandler
                0x000000000000c346                DMA4_DriverIRQHandler
                0x000000000000c346                UART2_RX_TX_DriverIRQHandler
                0x000000000000c346                USBDCD_DriverIRQHandler
                0x000000000000c346                UART3_ERR_DriverIRQHandler
                0x000000000000c346                DMA3_DriverIRQHandler
                0x000000000000c346                DMA8_DriverIRQHandler
                0x000000000000c346                DMA9_DriverIRQHandler
                0x000000000000c346                UART0_ERR_DriverIRQHandler
                0x000000000000c346                CMT_DriverIRQHandler
                0x000000000000c346                ADC1_DriverIRQHandler
                0x000000000000c346                DMA14_DriverIRQHandler
                0x000000000000c346                PIT3_DriverIRQHandler
                0x000000000000c346                PIT1_DriverIRQHandler
                0x000000000000c346                WDOG_EWM_DriverIRQHandler
                0x000000000000c346                PDB0_DriverIRQHandler
                0x000000000000c346                Reserved95_DriverIRQHandler
                0x000000000000c346                RTC_DriverIRQHandler
                0x000000000000c346                I2S0_Rx_DriverIRQHandler
                0x000000000000c346                Read_Collision_DriverIRQHandler
                0x000000000000c346                SWI_DriverIRQHandler
                0x000000000000c346                UART4_RX_TX_DriverIRQHandler
                0x000000000000c346                UART4_ERR_DriverIRQHandler
                0x000000000000c346                UART0_LON_DriverIRQHandler
                0x000000000000c346                DMA1_DriverIRQHandler
                0x000000000000c346                I2C1_DriverIRQHandler
                0x000000000000c346                UART3_RX_TX_DriverIRQHandler
                0x000000000000c346                ENET_Receive_DriverIRQHandler
                0x000000000000c346                DMA13_DriverIRQHandler
                0x000000000000c346                ENET_Error_DriverIRQHandler
                0x000000000000c346                DMA15_DriverIRQHandler
                0x000000000000c346                SPI0_DriverIRQHandler
                0x000000000000c346                ADC0_DriverIRQHandler
                0x000000000000c346                FTFL_DriverIRQHandler
                0x000000000000c346                CMP0_DriverIRQHandler
                0x000000000000c346                CAN0_DriverIRQHandler
                0x000000000000c346                Reserved59_DriverIRQHandler
                0x000000000000c346                UART1_ERR_DriverIRQHandler
                0x000000000000c346                DMA2_DriverIRQHandler
                0x000000000000c346                ENET_Transmit_DriverIRQHandler
                0x000000000000c346                I2C0_DriverIRQHandler
                0x000000000000c346                CAN1_DriverIRQHandler
                0x000000000000c346                DMA7_DriverIRQHandler
                0x000000000000c346                UART1_RX_TX_DriverIRQHandler
                0x000000000000c346                Reserved108_DriverIRQHandler
                0x000000000000c346                Reserved102_DriverIRQHandler
                0x000000000000c346                DMA0_DriverIRQHandler
                0x000000000000c346                DMA12_DriverIRQHandler
                0x000000000000c346                SPI1_DriverIRQHandler
                0x000000000000c346                LPTMR0_DriverIRQHandler
                0x000000000000c346                DMA_Error_DriverIRQHandler
                0x000000000000c346                FTM1_DriverIRQHandler
                0x000000000000c346                FTM2_DriverIRQHandler
                0x0000000000000400                . = 0x400
 *fill*         0x000000000000c34c       0xb4 ff
                0x000000000000c400                PROVIDE (__FLASH_CONFIG_START__ = .)
 *(.FlashConfig)
 .FlashConfig   0x000000000000c400       0x10 Startup/startup_mk60d10.o
                0x000000000000c410                PROVIDE (__FLASH_CONFIG_END__ = .)
                0x0000000000000001                ASSERT (! ((__FLASH_CONFIG_START__ == __FLASH_CONFIG_END__)), Linker Flash Config Support Enabled, but no .FlashConfig section provided within application)

.eh_frame       0x000000000000c410        0x0
 .eh_frame      0x000000000000c410        0x0 /usr/local/gcc-arm-none-eabi/bin/../lib/gcc/arm-none-eabi/10.3.1/thumb/v7e-m/nofp/crtbegin.o

.glue_7         0x000000000000c410        0x0
 .glue_7        0x000000000000c410        0x0 linker stubs

.glue_7t        0x000000000000c410        0x0
 .glue_7t       0x000000000000c410        0x0 linker stubs

.vfp11_veneer   0x000000000000c410        0x0
 .vfp11_veneer  0x000000000000c410        0x0 linker stubs

.v4_bx          0x000000000000c410        0x0
 .v4_bx         0x000000000000c410        0x0 linker stubs

.iplt           0x000000000000c410        0x0
 .iplt          0x000000000000c410        0x0 /usr/local/gcc-arm-none-eabi/bin/../lib/gcc/arm-none-eabi/10.3.1/thumb/v7e-m/nofp/crtbegin.o

.text           0x000000000000c440     0xd0ec
 *(.text*)
 .text          0x000000000000c440       0x40 /usr/local/gcc-arm-none-eabi/bin/../lib/gcc/arm-none-eabi/10.3.1/thumb/v7e-m/nofp/crtbegin.o
 .text._Z4moveiic
                0x000000000000c480      0x17c ../main.o
                0x000000000000c480                move(int, int, char)
 *fill*         0x000000000000c5fc        0x4 
 .text._Z9move_hilliic
                0x000000000000c600      0x184 ../main.o
                0x000000000000c600                move_hill(int, int, char)
 *fill*         0x000000000000c784        0x4 
 .text.main     0x000000000000c788      0x138 ../main.o
                0x000000000000c788                main
 .text._Z41__static_initialization_and_destruction_0ii
                0x000000000000c8c0       0x68 ../main.o
 .text._GLOBAL__sub_I_right_encoder
                0x000000000000c928       0x10 ../main.o
 .text.PORTD_IRQHandler
                0x000000000000c938       0x50 Startup/startup_mk60d10.o
                0x000000000000c938                PORTD_IRQHandler
 .text._Z15InitPowerButtonv
                0x000000000000c988       0x60 Startup/startup_mk60d10.o
                0x000000000000c988                InitPowerButton()
 .text._ZL11pll_init_blv
                0x000000000000c9e8       0xe0 Startup/startup_mk60d10.o
 .text._Z14InitFEHProteusv
                0x000000000000cac8       0xec Startup/startup_mk60d10.o
                0x000000000000cac8                InitFEHProteus()
 .text.DMA0_IRQHandler
                0x000000000000cbb4        0xc Startup/startup_mk60d10.o
                0x000000000000cbb4                DMA0_IRQHandler
 .text.DMA1_IRQHandler
                0x000000000000cbc0        0xc Startup/startup_mk60d10.o
                0x000000000000cbc0                DMA1_IRQHandler
 .text.DMA2_IRQHandler
                0x000000000000cbcc        0xc Startup/startup_mk60d10.o
                0x000000000000cbcc                DMA2_IRQHandler
 .text.DMA3_IRQHandler
                0x000000000000cbd8        0xc Startup/startup_mk60d10.o
                0x000000000000cbd8                DMA3_IRQHandler
 .text.DMA4_IRQHandler
                0x000000000000cbe4        0xc Startup/startup_mk60d10.o
                0x000000000000cbe4                DMA4_IRQHandler
 .text.DMA5_IRQHandler
                0x000000000000cbf0        0xc Startup/startup_mk60d10.o
                0x000000000000cbf0                DMA5_IRQHandler
 .text.DMA6_IRQHandler
                0x000000000000cbfc        0xc Startup/startup_mk60d10.o
                0x000000000000cbfc                DMA6_IRQHandler
 .text.DMA7_IRQHandler
                0x000000000000cc08        0xc Startup/startup_mk60d10.o
                0x000000000000cc08                DMA7_IRQHandler
 .text.DMA8_IRQHandler
                0x000000000000cc14        0xc Startup/startup_mk60d10.o
                0x000000000000cc14                DMA8_IRQHandler
 .text.DMA9_IRQHandler
                0x000000000000cc20        0xc Startup/startup_mk60d10.o
                0x000000000000cc20                DMA9_IRQHandler
 .text.DMA10_IRQHandler
                0x000000000000cc2c        0xc Startup/startup_mk60d10.o
                0x000000000000cc2c                DMA10_IRQHandler
 .text.DMA11_IRQHandler
                0x000000000000cc38        0xc Startup/startup_mk60d10.o
                0x000000000000cc38                DMA11_IRQHandler
 .text.DMA12_IRQHandler
                0x000000000000cc44        0xc Startup/startup_mk60d10.o
                0x000000000000cc44                DMA12_IRQHandler
 .text.DMA13_IRQHandler
                0x000000000000cc50        0xc Startup/startup_mk60d10.o
                0x000000000000cc50                DMA13_IRQHandler
 .text.DMA14_IRQHandler
                0x000000000000cc5c        0xc Startup/startup_mk60d10.o
                0x000000000000cc5c                DMA14_IRQHandler
 .text.DMA15_IRQHandler
                0x000000000000cc68        0xc Startup/startup_mk60d10.o
                0x000000000000cc68                DMA15_IRQHandler
 .text.DMA_Error_IRQHandler
                0x000000000000cc74        0xc Startup/startup_mk60d10.o
                0x000000000000cc74                DMA_Error_IRQHandler
 .text.MCM_IRQHandler
                0x000000000000cc80        0xc Startup/startup_mk60d10.o
                0x000000000000cc80                MCM_IRQHandler
 .text.FTFL_IRQHandler
                0x000000000000cc8c        0xc Startup/startup_mk60d10.o
                0x000000000000cc8c                FTFL_IRQHandler
 .text.Read_Collision_IRQHandler
                0x000000000000cc98        0xc Startup/startup_mk60d10.o
                0x000000000000cc98                Read_Collision_IRQHandler
 .text.LVD_LVW_IRQHandler
                0x000000000000cca4        0xc Startup/startup_mk60d10.o
                0x000000000000cca4                LVD_LVW_IRQHandler
 .text.LLWU_IRQHandler
                0x000000000000ccb0        0xc Startup/startup_mk60d10.o
                0x000000000000ccb0                LLWU_IRQHandler
 .text.WDOG_EWM_IRQHandler
                0x000000000000ccbc        0xc Startup/startup_mk60d10.o
                0x000000000000ccbc                WDOG_EWM_IRQHandler
 .text.RNG_IRQHandler
                0x000000000000ccc8        0xc Startup/startup_mk60d10.o
                0x000000000000ccc8                RNG_IRQHandler
 .text.I2C0_IRQHandler
                0x000000000000ccd4        0xc Startup/startup_mk60d10.o
                0x000000000000ccd4                I2C0_IRQHandler
 .text.I2C1_IRQHandler
                0x000000000000cce0        0xc Startup/startup_mk60d10.o
                0x000000000000cce0                I2C1_IRQHandler
 .text.SPI0_IRQHandler
                0x000000000000ccec        0xc Startup/startup_mk60d10.o
                0x000000000000ccec                SPI0_IRQHandler
 .text.SPI1_IRQHandler
                0x000000000000ccf8        0xc Startup/startup_mk60d10.o
                0x000000000000ccf8                SPI1_IRQHandler
 .text.SPI2_IRQHandler
                0x000000000000cd04        0xc Startup/startup_mk60d10.o
                0x000000000000cd04                SPI2_IRQHandler
 .text.CAN0_ORed_Message_buffer_IRQHandler
                0x000000000000cd10        0xc Startup/startup_mk60d10.o
                0x000000000000cd10                CAN0_ORed_Message_buffer_IRQHandler
 .text.CAN0_Bus_Off_IRQHandler
                0x000000000000cd1c        0xc Startup/startup_mk60d10.o
                0x000000000000cd1c                CAN0_Bus_Off_IRQHandler
 .text.CAN0_Error_IRQHandler
                0x000000000000cd28        0xc Startup/startup_mk60d10.o
                0x000000000000cd28                CAN0_Error_IRQHandler
 .text.CAN0_Tx_Warning_IRQHandler
                0x000000000000cd34        0xc Startup/startup_mk60d10.o
                0x000000000000cd34                CAN0_Tx_Warning_IRQHandler
 .text.CAN0_Rx_Warning_IRQHandler
                0x000000000000cd40        0xc Startup/startup_mk60d10.o
                0x000000000000cd40                CAN0_Rx_Warning_IRQHandler
 .text.CAN0_Wake_Up_IRQHandler
                0x000000000000cd4c        0xc Startup/startup_mk60d10.o
                0x000000000000cd4c                CAN0_Wake_Up_IRQHandler
 .text.I2S0_Tx_IRQHandler
                0x000000000000cd58        0xc Startup/startup_mk60d10.o
                0x000000000000cd58                I2S0_Tx_IRQHandler
 .text.I2S0_Rx_IRQHandler
                0x000000000000cd64        0xc Startup/startup_mk60d10.o
                0x000000000000cd64                I2S0_Rx_IRQHandler
 .text.CAN1_ORed_Message_buffer_IRQHandler
                0x000000000000cd70        0xc Startup/startup_mk60d10.o
                0x000000000000cd70                CAN1_ORed_Message_buffer_IRQHandler
 .text.CAN1_Bus_Off_IRQHandler
                0x000000000000cd7c        0xc Startup/startup_mk60d10.o
                0x000000000000cd7c                CAN1_Bus_Off_IRQHandler
 .text.CAN1_Error_IRQHandler
                0x000000000000cd88        0xc Startup/startup_mk60d10.o
                0x000000000000cd88                CAN1_Error_IRQHandler
 .text.CAN1_Tx_Warning_IRQHandler
                0x000000000000cd94        0xc Startup/startup_mk60d10.o
                0x000000000000cd94                CAN1_Tx_Warning_IRQHandler
 .text.CAN1_Rx_Warning_IRQHandler
                0x000000000000cda0        0xc Startup/startup_mk60d10.o
                0x000000000000cda0                CAN1_Rx_Warning_IRQHandler
 .text.CAN1_Wake_Up_IRQHandler
                0x000000000000cdac        0xc Startup/startup_mk60d10.o
                0x000000000000cdac                CAN1_Wake_Up_IRQHandler
 .text.Reserved59_IRQHandler
                0x000000000000cdb8        0xc Startup/startup_mk60d10.o
                0x000000000000cdb8                Reserved59_IRQHandler
 .text.UART0_LON_IRQHandler
                0x000000000000cdc4        0xc Startup/startup_mk60d10.o
                0x000000000000cdc4                UART0_LON_IRQHandler
 .text.UART0_ERR_IRQHandler
                0x000000000000cdd0        0xc Startup/startup_mk60d10.o
                0x000000000000cdd0                UART0_ERR_IRQHandler
 .text.UART1_RX_TX_IRQHandler
                0x000000000000cddc        0xc Startup/startup_mk60d10.o
                0x000000000000cddc                UART1_RX_TX_IRQHandler
 .text.UART1_ERR_IRQHandler
                0x000000000000cde8        0xc Startup/startup_mk60d10.o
                0x000000000000cde8                UART1_ERR_IRQHandler
 .text.UART2_RX_TX_IRQHandler
                0x000000000000cdf4        0xc Startup/startup_mk60d10.o
                0x000000000000cdf4                UART2_RX_TX_IRQHandler
 .text.UART2_ERR_IRQHandler
                0x000000000000ce00        0xc Startup/startup_mk60d10.o
                0x000000000000ce00                UART2_ERR_IRQHandler
 .text.UART3_RX_TX_IRQHandler
                0x000000000000ce0c        0xc Startup/startup_mk60d10.o
                0x000000000000ce0c                UART3_RX_TX_IRQHandler
 .text.UART3_ERR_IRQHandler
                0x000000000000ce18        0xc Startup/startup_mk60d10.o
                0x000000000000ce18                UART3_ERR_IRQHandler
 .text.UART4_RX_TX_IRQHandler
                0x000000000000ce24        0xc Startup/startup_mk60d10.o
                0x000000000000ce24                UART4_RX_TX_IRQHandler
 .text.UART4_ERR_IRQHandler
                0x000000000000ce30        0xc Startup/startup_mk60d10.o
                0x000000000000ce30                UART4_ERR_IRQHandler
 .text.UART5_RX_TX_IRQHandler
                0x000000000000ce3c        0xc Startup/startup_mk60d10.o
                0x000000000000ce3c                UART5_RX_TX_IRQHandler
 .text.UART5_ERR_IRQHandler
                0x000000000000ce48        0xc Startup/startup_mk60d10.o
                0x000000000000ce48                UART5_ERR_IRQHandler
 .text.ADC0_IRQHandler
                0x000000000000ce54        0xc Startup/startup_mk60d10.o
                0x000000000000ce54                ADC0_IRQHandler
 .text.ADC1_IRQHandler
                0x000000000000ce60        0xc Startup/startup_mk60d10.o
                0x000000000000ce60                ADC1_IRQHandler
 .text.CMP0_IRQHandler
                0x000000000000ce6c        0xc Startup/startup_mk60d10.o
                0x000000000000ce6c                CMP0_IRQHandler
 .text.CMP1_IRQHandler
                0x000000000000ce78        0xc Startup/startup_mk60d10.o
                0x000000000000ce78                CMP1_IRQHandler
 .text.CMP2_IRQHandler
                0x000000000000ce84        0xc Startup/startup_mk60d10.o
                0x000000000000ce84                CMP2_IRQHandler
 .text.FTM0_IRQHandler
                0x000000000000ce90        0xc Startup/startup_mk60d10.o
                0x000000000000ce90                FTM0_IRQHandler
 .text.FTM1_IRQHandler
                0x000000000000ce9c        0xc Startup/startup_mk60d10.o
                0x000000000000ce9c                FTM1_IRQHandler
 .text.FTM2_IRQHandler
                0x000000000000cea8        0xc Startup/startup_mk60d10.o
                0x000000000000cea8                FTM2_IRQHandler
 .text.CMT_IRQHandler
                0x000000000000ceb4        0xc Startup/startup_mk60d10.o
                0x000000000000ceb4                CMT_IRQHandler
 .text.RTC_IRQHandler
                0x000000000000cec0        0xc Startup/startup_mk60d10.o
                0x000000000000cec0                RTC_IRQHandler
 .text.RTC_Seconds_IRQHandler
                0x000000000000cecc        0xc Startup/startup_mk60d10.o
                0x000000000000cecc                RTC_Seconds_IRQHandler
 .text.PIT1_IRQHandler
                0x000000000000ced8        0xc Startup/startup_mk60d10.o
                0x000000000000ced8                PIT1_IRQHandler
 .text.PIT2_IRQHandler
                0x000000000000cee4        0xc Startup/startup_mk60d10.o
                0x000000000000cee4                PIT2_IRQHandler
 .text.PIT3_IRQHandler
                0x000000000000cef0        0xc Startup/startup_mk60d10.o
                0x000000000000cef0                PIT3_IRQHandler
 .text.PDB0_IRQHandler
                0x000000000000cefc        0xc Startup/startup_mk60d10.o
                0x000000000000cefc                PDB0_IRQHandler
 .text.USB0_IRQHandler
                0x000000000000cf08        0xc Startup/startup_mk60d10.o
                0x000000000000cf08                USB0_IRQHandler
 .text.USBDCD_IRQHandler
                0x000000000000cf14        0xc Startup/startup_mk60d10.o
                0x000000000000cf14                USBDCD_IRQHandler
 .text.ENET_1588_Timer_IRQHandler
                0x000000000000cf20        0xc Startup/startup_mk60d10.o
                0x000000000000cf20                ENET_1588_Timer_IRQHandler
 .text.ENET_Transmit_IRQHandler
                0x000000000000cf2c        0xc Startup/startup_mk60d10.o
                0x000000000000cf2c                ENET_Transmit_IRQHandler
 .text.ENET_Receive_IRQHandler
                0x000000000000cf38        0xc Startup/startup_mk60d10.o
                0x000000000000cf38                ENET_Receive_IRQHandler
 .text.ENET_Error_IRQHandler
                0x000000000000cf44        0xc Startup/startup_mk60d10.o
                0x000000000000cf44                ENET_Error_IRQHandler
 .text.Reserved95_IRQHandler
                0x000000000000cf50        0xc Startup/startup_mk60d10.o
                0x000000000000cf50                Reserved95_IRQHandler
 .text.SDHC_IRQHandler
                0x000000000000cf5c        0xc Startup/startup_mk60d10.o
                0x000000000000cf5c                SDHC_IRQHandler
 .text.DAC0_IRQHandler
                0x000000000000cf68        0xc Startup/startup_mk60d10.o
                0x000000000000cf68                DAC0_IRQHandler
 .text.DAC1_IRQHandler
                0x000000000000cf74        0xc Startup/startup_mk60d10.o
                0x000000000000cf74                DAC1_IRQHandler
 .text.TSI0_IRQHandler
                0x000000000000cf80        0xc Startup/startup_mk60d10.o
                0x000000000000cf80                TSI0_IRQHandler
 .text.MCG_IRQHandler
                0x000000000000cf8c        0xc Startup/startup_mk60d10.o
                0x000000000000cf8c                MCG_IRQHandler
 .text.LPTMR0_IRQHandler
                0x000000000000cf98        0xc Startup/startup_mk60d10.o
                0x000000000000cf98                LPTMR0_IRQHandler
 .text.Reserved102_IRQHandler
                0x000000000000cfa4        0xc Startup/startup_mk60d10.o
                0x000000000000cfa4                Reserved102_IRQHandler
 .text.Reserved108_IRQHandler
                0x000000000000cfb0        0xc Startup/startup_mk60d10.o
                0x000000000000cfb0                Reserved108_IRQHandler
 .text.Reserved109_IRQHandler
                0x000000000000cfbc        0xc Startup/startup_mk60d10.o
                0x000000000000cfbc                Reserved109_IRQHandler
 .text.SWI_IRQHandler
                0x000000000000cfc8        0xc Startup/startup_mk60d10.o
                0x000000000000cfc8                SWI_IRQHandler
 *fill*         0x000000000000cfd4        0x4 
 .text._ZN8FEHMotorC2ENS_12FEHMotorPortEf
                0x000000000000cfd8       0x7c Libraries/FEHMotor.o
                0x000000000000cfd8                FEHMotor::FEHMotor(FEHMotor::FEHMotorPort, float)
                0x000000000000cfd8                FEHMotor::FEHMotor(FEHMotor::FEHMotorPort, float)
 .text._ZN8FEHMotor4StopEv
                0x000000000000d054       0x30 Libraries/FEHMotor.o
                0x000000000000d054                FEHMotor::Stop()
 .text._ZN8FEHMotor8SetPowerEi
                0x000000000000d084       0x54 Libraries/FEHMotor.o
                0x000000000000d084                FEHMotor::SetPower(int)
 .text._ZN8FEHMotor10SetPercentEf
                0x000000000000d0d8       0xf8 Libraries/FEHMotor.o
                0x000000000000d0d8                FEHMotor::SetPercent(float)
 .text._Z21IIC_StartTransmissionhh
                0x000000000000d1d0       0x6c Drivers/i2c.o
                0x000000000000d1d0                IIC_StartTransmission(unsigned char, unsigned char)
 .text._Z5Pausev
                0x000000000000d23c       0x24 Drivers/i2c.o
                0x000000000000d23c                Pause()
 .text._Z21MMA8451QWriteRegisterhh
                0x000000000000d260       0x68 Drivers/i2c.o
                0x000000000000d260                MMA8451QWriteRegister(unsigned char, unsigned char)
 .text._Z8i2c_Waitv
                0x000000000000d2c8       0x6c Drivers/i2c.o
                0x000000000000d2c8                i2c_Wait()
 .text._Z12SPI_SendCharh
                0x000000000000d334       0x1a Drivers/spi.o
                0x000000000000d334                SPI_SendChar(unsigned char)
 .text._Z16SPI_WriteCommandhh
                0x000000000000d34e       0x34 Drivers/spi.o
                0x000000000000d34e                SPI_WriteCommand(unsigned char, unsigned char)
 .text._Z11SPI_GetCharv
                0x000000000000d382       0x10 Drivers/spi.o
                0x000000000000d382                SPI_GetChar()
 .text._Z15SPI_ReadCommandh
                0x000000000000d392       0x38 Drivers/spi.o
                0x000000000000d392                SPI_ReadCommand(unsigned char)
 *fill*         0x000000000000d3ca        0x2 
 .text._Z13SPI_CS_Assertv
                0x000000000000d3cc       0x1c Drivers/spi.o
                0x000000000000d3cc                SPI_CS_Assert()
 .text._Z15SPI_CS_Deassertv
                0x000000000000d3e8       0x1c Drivers/spi.o
                0x000000000000d3e8                SPI_CS_Deassert()
 .text._Z12SPI_Transferh
                0x000000000000d404       0x6c Drivers/spi.o
                0x000000000000d404                SPI_Transfer(unsigned char)
 .text._Z8SPI_Initv
                0x000000000000d470       0xa0 Drivers/spi.o
                0x000000000000d470                SPI_Init()
 .text._Z9uart_initPV11UART_MemMapii
                0x000000000000d510      0x174 Drivers/uart.o
                0x000000000000d510                uart_init(UART_MemMap volatile*, int, int)
 .text._Z12uart_getcharPV11UART_MemMap
                0x000000000000d684       0x32 Drivers/uart.o
                0x000000000000d684                uart_getchar(UART_MemMap volatile*)
 .text._Z12uart_putcharPV11UART_MemMapc
                0x000000000000d6b6       0x32 Drivers/uart.o
                0x000000000000d6b6                uart_putchar(UART_MemMap volatile*, char)
 .text._ZL7mem_setPvij
                0x000000000000d6e8       0x3c Drivers/ff.o
 .text._ZL11move_windowP5FATFSm
                0x000000000000d724       0xc8 Drivers/ff.o
 .text._ZL4syncP5FATFS
                0x000000000000d7ec      0x14c Drivers/ff.o
 .text._ZL8validateP5FATFSt
                0x000000000000d938       0x54 Drivers/ff.o
 .text._Z6f_syncP3FIL
                0x000000000000d98c      0x186 Drivers/ff.o
                0x000000000000d98c                f_sync(FIL*)
 .text._Z7f_closeP3FIL
                0x000000000000db12       0x28 Drivers/ff.o
                0x000000000000db12                f_close(FIL*)
 *fill*         0x000000000000db3a        0x2 
 .text._ZL17SDHC_set_baudratemm
                0x000000000000db3c       0xe8 Drivers/SDHC.o
 .text._Z9SDHC_initP17esdhc_info_structPK17esdhc_init_struct
                0x000000000000dc24      0x130 Drivers/SDHC.o
                0x000000000000dc24                SDHC_init(esdhc_info_struct*, esdhc_init_struct const*)
 .text._ZL15SDHC_is_runningv
                0x000000000000dd54       0x24 Drivers/SDHC.o
 .text._ZL16SDHC_status_waitm
                0x000000000000dd78       0x2c Drivers/SDHC.o
 .text._ZL17SDHC_send_commandP20esdhc_command_struct
                0x000000000000dda4      0x1f8 Drivers/SDHC.o
 .text._Z10SDHC_ioctlmPv
                0x000000000000df9c      0x6f0 Drivers/SDHC.o
                0x000000000000df9c                SDHC_ioctl(unsigned long, void*)
 .text._ZL14rcvr_datablockPhm
                0x000000000000e68c       0xf0 Drivers/SDHC.o
 .text._Z9disk_readhPhmh
                0x000000000000e77c      0x124 Drivers/SDHC.o
                0x000000000000e77c                disk_read(unsigned char, unsigned char*, unsigned long, unsigned char)
 .text._ZL14xmit_datablockPKhm
                0x000000000000e8a0       0xa4 Drivers/SDHC.o
 .text._Z10disk_writehPKhmh
                0x000000000000e944      0x198 Drivers/SDHC.o
                0x000000000000e944                disk_write(unsigned char, unsigned char const*, unsigned long, unsigned char)
 .text._Z10disk_ioctlhhPv
                0x000000000000eadc      0x104 Drivers/SDHC.o
                0x000000000000eadc                disk_ioctl(unsigned char, unsigned char, void*)
 .text._Z11disk_statush
                0x000000000000ebe0       0x28 Drivers/SDHC.o
                0x000000000000ebe0                disk_status(unsigned char)
 .text._Z13time_delay_msm
                0x000000000000ec08       0x6c Drivers/lptmr.o
                0x000000000000ec08                time_delay_ms(unsigned long)
 .text._Z41__static_initialization_and_destruction_0ii
                0x000000000000ec74       0x2c FEHProteus.o
 .text._GLOBAL__sub_I_Propeller
                0x000000000000eca0       0x10 FEHProteus.o
 .text._ZN12FEHPropellerC2Ev
                0x000000000000ecb0       0x1a Drivers/FEHPropeller.o
                0x000000000000ecb0                FEHPropeller::FEHPropeller()
                0x000000000000ecb0                FEHPropeller::FEHPropeller()
 *fill*         0x000000000000ecca        0x2 
 .text._ZN12FEHPropeller10InitializeEv
                0x000000000000eccc       0x74 Drivers/FEHPropeller.o
                0x000000000000eccc                FEHPropeller::Initialize()
 .text._ZN12FEHPropeller12SetMotorRateEhhh
                0x000000000000ed40       0x5c Drivers/FEHPropeller.o
                0x000000000000ed40                FEHPropeller::SetMotorRate(unsigned char, unsigned char, unsigned char)
 .text._ZL5Delaymjj
                0x000000000000ed9c       0x94 Libraries/FEHUtility.o
 .text._Z5Sleepi
                0x000000000000ee30       0x2c Libraries/FEHUtility.o
                0x000000000000ee30                Sleep(int)
 .text._Z5Sleepd
                0x000000000000ee5c       0x4c Libraries/FEHUtility.o
                0x000000000000ee5c                Sleep(double)
 .text._ZN14DigitalEncoderC2EN5FEHIO8FEHIOPinE
                0x000000000000eea8       0x26 Libraries/FEHIO.o
                0x000000000000eea8                DigitalEncoder::DigitalEncoder(FEHIO::FEHIOPin)
                0x000000000000eea8                DigitalEncoder::DigitalEncoder(FEHIO::FEHIOPin)
 *fill*         0x000000000000eece        0x2 
 .text._Z10enable_irqi
                0x000000000000eed0      0x11c Libraries/FEHIO.o
                0x000000000000eed0                enable_irq(int)
 .text._ZN14DigitalEncoder10InitializeEN5FEHIO8FEHIOPinENS0_21FEHIOInterruptTriggerE
                0x000000000000efec      0x1a8 Libraries/FEHIO.o
                0x000000000000efec                DigitalEncoder::Initialize(FEHIO::FEHIOPin, FEHIO::FEHIOInterruptTrigger)
 .text._Z16PORTB_IRQHandlerv
                0x000000000000f194       0x9c Libraries/FEHIO.o
                0x000000000000f194                PORTB_IRQHandler()
 .text._Z16PORTC_IRQHandlerv
                0x000000000000f230       0x9c Libraries/FEHIO.o
                0x000000000000f230                PORTC_IRQHandler()
 .text._Z16PORTA_IRQHandlerv
                0x000000000000f2cc       0xa0 Libraries/FEHIO.o
                0x000000000000f2cc                PORTA_IRQHandler()
 .text._Z16PORTE_IRQHandlerv
                0x000000000000f36c       0x98 Libraries/FEHIO.o
                0x000000000000f36c                PORTE_IRQHandler()
 .text._ZN14DigitalEncoder6CountsEv
                0x000000000000f404       0x24 Libraries/FEHIO.o
                0x000000000000f404                DigitalEncoder::Counts()
 .text._ZN14DigitalEncoder11ResetCountsEv
                0x000000000000f428       0x24 Libraries/FEHIO.o
                0x000000000000f428                DigitalEncoder::ResetCounts()
 .text._ZN14AnalogInputPinC2EN5FEHIO8FEHIOPinE
                0x000000000000f44c       0x1e Libraries/FEHIO.o
                0x000000000000f44c                AnalogInputPin::AnalogInputPin(FEHIO::FEHIOPin)
                0x000000000000f44c                AnalogInputPin::AnalogInputPin(FEHIO::FEHIOPin)
 *fill*         0x000000000000f46a        0x6 
 .text._ZN14AnalogInputPin5ValueEv
                0x000000000000f470      0x120 Libraries/FEHIO.o
                0x000000000000f470                AnalogInputPin::Value()
 .text._ZN13AnalogEncoder12EncoderValueEv
                0x000000000000f590       0xb0 Libraries/FEHIO.o
                0x000000000000f590                AnalogEncoder::EncoderValue()
 .text._ZN14AnalogInputPin8InitADCsEv
                0x000000000000f640       0x98 Libraries/FEHIO.o
                0x000000000000f640                AnalogInputPin::InitADCs()
 .text._Z15PIT0_IRQHandlerv
                0x000000000000f6d8       0x28 Libraries/FEHIO.o
                0x000000000000f6d8                PIT0_IRQHandler()
 .text._ZN13AnalogEncoder4InitEv
                0x000000000000f700       0x44 Libraries/FEHIO.o
                0x000000000000f700                AnalogEncoder::Init()
 .text._ZN13AnalogEncoder14SetCounterInitEj
                0x000000000000f744       0x20 Libraries/FEHIO.o
                0x000000000000f744                AnalogEncoder::SetCounterInit(unsigned int)
 .text._ZN13AnalogEncoder10ProcessIntEv
                0x000000000000f764       0x68 Libraries/FEHIO.o
                0x000000000000f764                AnalogEncoder::ProcessInt()
 .text._ZN13AnalogEncoder14ProcessIntSelfEv
                0x000000000000f7cc       0x6e Libraries/FEHIO.o
                0x000000000000f7cc                AnalogEncoder::ProcessIntSelf()
 .text._Z7ADC_CalPV10ADC_MemMap
                0x000000000000f83a      0x13e Drivers/adc16.o
                0x000000000000f83a                ADC_Cal(ADC_MemMap volatile*)
 .text._Z14ADC_Config_AltPV10ADC_MemMapP7adc_cfg
                0x000000000000f978       0x6c Drivers/adc16.o
                0x000000000000f978                ADC_Config_Alt(ADC_MemMap volatile*, adc_cfg*)
 .text._ZN9FEHBuzzerC2Ev
                0x000000000000f9e4       0x14 Libraries/FEHBuzzer.o
                0x000000000000f9e4                FEHBuzzer::FEHBuzzer()
                0x000000000000f9e4                FEHBuzzer::FEHBuzzer()
 .text._Z41__static_initialization_and_destruction_0ii
                0x000000000000f9f8       0x2c Libraries/FEHBuzzer.o
 .text._GLOBAL__sub_I_Buzzer
                0x000000000000fa24       0x10 Libraries/FEHBuzzer.o
 .text._ZN6FEHLCD11_InitializeEv
                0x000000000000fa34      0x410 Libraries/FEHLCD.o
                0x000000000000fa34                FEHLCD::_Initialize()
 .text._ZN6FEHLCDC2Ev
                0x000000000000fe44       0x50 Libraries/FEHLCD.o
                0x000000000000fe44                FEHLCD::FEHLCD()
                0x000000000000fe44                FEHLCD::FEHLCD()
 .text._ZN6FEHLCD10InitializeEv
                0x000000000000fe94       0x28 Libraries/FEHLCD.o
                0x000000000000fe94                FEHLCD::Initialize()
 .text._ZN6FEHLCD10PrintImageEii
                0x000000000000febc       0xbc Libraries/FEHLCD.o
                0x000000000000febc                FEHLCD::PrintImage(int, int)
 .text._ZN6FEHLCD9PrintLogoEii
                0x000000000000ff78       0xbc Libraries/FEHLCD.o
                0x000000000000ff78                FEHLCD::PrintLogo(int, int)
 .text._ZN6FEHLCD22ConvertFEHColorTo24BitENS_11FEHLCDColorE
                0x0000000000010034       0x78 Libraries/FEHLCD.o
                0x0000000000010034                FEHLCD::ConvertFEHColorTo24Bit(FEHLCD::FEHLCDColor)
 .text._ZN6FEHLCD24Convert24BitColorTo16BitEj
                0x00000000000100ac       0x30 Libraries/FEHLCD.o
                0x00000000000100ac                FEHLCD::Convert24BitColorTo16Bit(unsigned int)
 .text._ZN6FEHLCD22ConvertRGBColorTo16BitEhhh
                0x00000000000100dc       0x4a Libraries/FEHLCD.o
                0x00000000000100dc                FEHLCD::ConvertRGBColorTo16Bit(unsigned char, unsigned char, unsigned char)
 .text._ZN6FEHLCD5ClearENS_11FEHLCDColorE
                0x0000000000010126       0x28 Libraries/FEHLCD.o
                0x0000000000010126                FEHLCD::Clear(FEHLCD::FEHLCDColor)
 .text._ZN6FEHLCD5ClearEj
                0x000000000001014e       0x2c Libraries/FEHLCD.o
                0x000000000001014e                FEHLCD::Clear(unsigned int)
 .text._ZN6FEHLCD18SetBackgroundColorENS_11FEHLCDColorE
                0x000000000001017a       0x28 Libraries/FEHLCD.o
                0x000000000001017a                FEHLCD::SetBackgroundColor(FEHLCD::FEHLCDColor)
 .text._ZN6FEHLCD18SetBackgroundColorEj
                0x00000000000101a2       0x26 Libraries/FEHLCD.o
                0x00000000000101a2                FEHLCD::SetBackgroundColor(unsigned int)
 .text._ZN6FEHLCD12SetFontColorENS_11FEHLCDColorE
                0x00000000000101c8       0x28 Libraries/FEHLCD.o
                0x00000000000101c8                FEHLCD::SetFontColor(FEHLCD::FEHLCDColor)
 .text._ZN6FEHLCD12SetFontColorEj
                0x00000000000101f0       0x26 Libraries/FEHLCD.o
                0x00000000000101f0                FEHLCD::SetFontColor(unsigned int)
 .text._ZN6FEHLCD7WriteAtEPKcii
                0x0000000000010216       0x46 Libraries/FEHLCD.o
                0x0000000000010216                FEHLCD::WriteAt(char const*, int, int)
 .text._ZN6FEHLCD11TS_SPI_InitEv
                0x000000000001025c       0x7c Libraries/FEHLCD.o
                0x000000000001025c                FEHLCD::TS_SPI_Init()
 .text._ZN6FEHLCD5TouchEPfS0_
                0x00000000000102d8      0x1fc Libraries/FEHLCD.o
                0x00000000000102d8                FEHLCD::Touch(float*, float*)
 .text._ZN6FEHLCD3absEi
                0x00000000000104d4       0x22 Libraries/FEHLCD.o
                0x00000000000104d4                FEHLCD::abs(int)
 .text._ZN6FEHLCD5WriteEPKc
                0x00000000000104f6       0x4e Libraries/FEHLCD.o
                0x00000000000104f6                FEHLCD::Write(char const*)
 .text._ZN6FEHLCD5WriteEi
                0x0000000000010544       0x30 Libraries/FEHLCD.o
                0x0000000000010544                FEHLCD::Write(int)
 .text._ZN6FEHLCD5WriteEf
                0x0000000000010574       0xc0 Libraries/FEHLCD.o
                0x0000000000010574                FEHLCD::Write(float)
 .text._ZN6FEHLCD9WriteLineEPKc
                0x0000000000010634       0x26 Libraries/FEHLCD.o
                0x0000000000010634                FEHLCD::WriteLine(char const*)
 .text._ZN6FEHLCD9WriteLineEi
                0x000000000001065a       0x26 Libraries/FEHLCD.o
                0x000000000001065a                FEHLCD::WriteLine(int)
 .text._ZN6FEHLCD9WriteLineEf
                0x0000000000010680       0x26 Libraries/FEHLCD.o
                0x0000000000010680                FEHLCD::WriteLine(float)
 *fill*         0x00000000000106a6        0x2 
 .text._ZN6FEHLCD10WriteIndexEh
                0x00000000000106a8      0x14c Libraries/FEHLCD.o
                0x00000000000106a8                FEHLCD::WriteIndex(unsigned char)
 .text._ZN6FEHLCD14WriteParameterEh
                0x00000000000107f4      0x130 Libraries/FEHLCD.o
                0x00000000000107f4                FEHLCD::WriteParameter(unsigned char)
 .text._ZN6FEHLCD6_ClearEv
                0x0000000000010924      0x15c Libraries/FEHLCD.o
                0x0000000000010924                FEHLCD::_Clear()
 .text._ZN6FEHLCD8NextLineEv
                0x0000000000010a80       0x2a Libraries/FEHLCD.o
                0x0000000000010a80                FEHLCD::NextLine()
 .text._ZN6FEHLCD9CheckLineEv
                0x0000000000010aaa       0x28 Libraries/FEHLCD.o
                0x0000000000010aaa                FEHLCD::CheckLine()
 .text._ZN6FEHLCD8NextCharEv
                0x0000000000010ad2       0x32 Libraries/FEHLCD.o
                0x0000000000010ad2                FEHLCD::NextChar()
 .text._ZN6FEHLCD13SetDrawRegionEiiii
                0x0000000000010b04       0xfe Libraries/FEHLCD.o
                0x0000000000010b04                FEHLCD::SetDrawRegion(int, int, int, int)
 .text._ZN6FEHLCD9WriteCharEiic
                0x0000000000010c02       0x34 Libraries/FEHLCD.o
                0x0000000000010c02                FEHLCD::WriteChar(int, int, char)
 *fill*         0x0000000000010c36        0x2 
 .text._ZN6FEHLCD11WriteCharAtEiic
                0x0000000000010c38      0x214 Libraries/FEHLCD.o
                0x0000000000010c38                FEHLCD::WriteCharAt(int, int, char)
 .text._ZN6FEHLCD11RepeatColorEv
                0x0000000000010e4c       0x70 Libraries/FEHLCD.o
                0x0000000000010e4c                FEHLCD::RepeatColor()
 .text._ZN6FEHLCD10_ForePixelEv
                0x0000000000010ebc       0xc4 Libraries/FEHLCD.o
                0x0000000000010ebc                FEHLCD::_ForePixel()
 .text._ZN6FEHLCD10_BackPixelEv
                0x0000000000010f80       0xc4 Libraries/FEHLCD.o
                0x0000000000010f80                FEHLCD::_BackPixel()
 .text._ZN6FEHLCD22SetRegisterColorValuesEv
                0x0000000000011044      0x336 Libraries/FEHLCD.o
                0x0000000000011044                FEHLCD::SetRegisterColorValues()
 *fill*         0x000000000001137a        0x2 
 .text._Z41__static_initialization_and_destruction_0ii
                0x000000000001137c       0x2c Libraries/FEHLCD.o
 .text._GLOBAL__sub_I_image
                0x00000000000113a8       0x10 Libraries/FEHLCD.o
 .text._ZN8FEHAccelC2Ev
                0x00000000000113b8       0x70 Libraries/FEHAccel.o
                0x00000000000113b8                FEHAccel::FEHAccel()
                0x00000000000113b8                FEHAccel::FEHAccel()
 .text._Z41__static_initialization_and_destruction_0ii
                0x0000000000011428       0x2c Libraries/FEHAccel.o
 .text._GLOBAL__sub_I_Accel
                0x0000000000011454       0x10 Libraries/FEHAccel.o
 .text._ZN10FEHBatteryC2EN5FEHIO8FEHIOPinE
                0x0000000000011464       0x22 Libraries/FEHBattery.o
                0x0000000000011464                FEHBattery::FEHBattery(FEHIO::FEHIOPin)
                0x0000000000011464                FEHBattery::FEHBattery(FEHIO::FEHIOPin)
 *fill*         0x0000000000011486        0x2 
 .text._Z41__static_initialization_and_destruction_0ii
                0x0000000000011488       0x30 Libraries/FEHBattery.o
 .text._GLOBAL__sub_I_Battery
                0x00000000000114b8       0x10 Libraries/FEHBattery.o
 .text._ZN7FEHXBeeC2Ev
                0x00000000000114c8       0x1a Drivers/FEHXBee.o
                0x00000000000114c8                FEHXBee::FEHXBee()
                0x00000000000114c8                FEHXBee::FEHXBee()
 *fill*         0x00000000000114e2        0x2 
 .text._ZN7FEHXBee17SetPacketCallBackEPFvPhhE
                0x00000000000114e4       0x20 Drivers/FEHXBee.o
                0x00000000000114e4                FEHXBee::SetPacketCallBack(void (*)(unsigned char*, unsigned char))
 .text._Z22UART0_RX_TX_IRQHandlerv
                0x0000000000011504       0xec Drivers/FEHXBee.o
                0x0000000000011504                UART0_RX_TX_IRQHandler()
 .text._ZN6FEHRCSC2Ev
                0x00000000000115f0       0x74 Libraries/FEHRCS.o
                0x00000000000115f0                FEHRCS::FEHRCS()
                0x00000000000115f0                FEHRCS::FEHRCS()
 .text._Z14RCSDataProcessPhh
                0x0000000000011664       0xa0 Libraries/FEHRCS.o
                0x0000000000011664                RCSDataProcess(unsigned char*, unsigned char)
 .text._Z41__static_initialization_and_destruction_0ii
                0x0000000000011704       0x2c Libraries/FEHRCS.o
 .text._GLOBAL__sub_I_RCS
                0x0000000000011730       0x10 Libraries/FEHRCS.o
 .text._ZN5FEHSDC2Ev
                0x0000000000011740       0x24 Libraries/FEHSD.o
                0x0000000000011740                FEHSD::FEHSD()
                0x0000000000011740                FEHSD::FEHSD()
 .text._ZN5FEHSD9FCloseAllEv
                0x0000000000011764       0x6c Libraries/FEHSD.o
                0x0000000000011764                FEHSD::FCloseAll()
 .text._Z41__static_initialization_and_destruction_0ii
                0x00000000000117d0       0x2c Libraries/FEHSD.o
 .text._GLOBAL__sub_I_SD
                0x00000000000117fc       0x10 Libraries/FEHSD.o
 .text._ZN9FEHRandom10InitializeEv
                0x000000000001180c       0x3c Libraries/FEHRandom.o
                0x000000000001180c                FEHRandom::Initialize()
 .text.startup._GLOBAL__sub_I__ZN9__gnu_cxx9__freeresEv
                0x0000000000011848       0x28 /usr/local/gcc-arm-none-eabi/bin/../lib/gcc/arm-none-eabi/10.3.1/../../../../arm-none-eabi/lib/thumb/v7e-m/nofp/libstdc++.a(eh_alloc.o)
 .text          0x0000000000011870      0x378 /usr/local/gcc-arm-none-eabi/bin/../lib/gcc/arm-none-eabi/10.3.1/thumb/v7e-m/nofp/libgcc.a(_arm_addsubdf3.o)
                0x0000000000011870                __aeabi_drsub
                0x0000000000011878                __subdf3
                0x0000000000011878                __aeabi_dsub
                0x000000000001187c                __aeabi_dadd
                0x000000000001187c                __adddf3
                0x0000000000011af4                __aeabi_ui2d
                0x0000000000011af4                __floatunsidf
                0x0000000000011b14                __floatsidf
                0x0000000000011b14                __aeabi_i2d
                0x0000000000011b38                __extendsfdf2
                0x0000000000011b38                __aeabi_f2d
                0x0000000000011b7c                __aeabi_ul2d
                0x0000000000011b7c                __floatundidf
                0x0000000000011b8c                __aeabi_l2d
                0x0000000000011b8c                __floatdidf
 .text          0x0000000000011be8      0x424 /usr/local/gcc-arm-none-eabi/bin/../lib/gcc/arm-none-eabi/10.3.1/thumb/v7e-m/nofp/libgcc.a(_arm_muldivdf3.o)
                0x0000000000011be8                __aeabi_dmul
                0x0000000000011be8                __muldf3
                0x0000000000011e3c                __aeabi_ddiv
                0x0000000000011e3c                __divdf3
 .text          0x000000000001200c      0x110 /usr/local/gcc-arm-none-eabi/bin/../lib/gcc/arm-none-eabi/10.3.1/thumb/v7e-m/nofp/libgcc.a(_arm_cmpdf2.o)
                0x000000000001200c                __gedf2
                0x000000000001200c                __gtdf2
                0x0000000000012014                __ledf2
                0x0000000000012014                __ltdf2
                0x000000000001201c                __cmpdf2
                0x000000000001201c                __eqdf2
                0x000000000001201c                __nedf2
                0x0000000000012098                __aeabi_cdrcmple
                0x00000000000120a8                __aeabi_cdcmple
                0x00000000000120a8                __aeabi_cdcmpeq
                0x00000000000120b8                __aeabi_dcmpeq
                0x00000000000120cc                __aeabi_dcmplt
                0x00000000000120e0                __aeabi_dcmple
                0x00000000000120f4                __aeabi_dcmpge
                0x0000000000012108                __aeabi_dcmpgt
 .text          0x000000000001211c       0x50 /usr/local/gcc-arm-none-eabi/bin/../lib/gcc/arm-none-eabi/10.3.1/thumb/v7e-m/nofp/libgcc.a(_arm_fixdfsi.o)
                0x000000000001211c                __fixdfsi
                0x000000000001211c                __aeabi_d2iz
 .text          0x000000000001216c       0x40 /usr/local/gcc-arm-none-eabi/bin/../lib/gcc/arm-none-eabi/10.3.1/thumb/v7e-m/nofp/libgcc.a(_arm_fixunsdfsi.o)
                0x000000000001216c                __fixunsdfsi
                0x000000000001216c                __aeabi_d2uiz
 .text          0x00000000000121ac       0xa0 /usr/local/gcc-arm-none-eabi/bin/../lib/gcc/arm-none-eabi/10.3.1/thumb/v7e-m/nofp/libgcc.a(_arm_truncdfsf2.o)
                0x00000000000121ac                __aeabi_d2f
                0x00000000000121ac                __truncdfsf2
 .text          0x000000000001224c      0x21c /usr/local/gcc-arm-none-eabi/bin/../lib/gcc/arm-none-eabi/10.3.1/thumb/v7e-m/nofp/libgcc.a(_arm_addsubsf3.o)
                0x000000000001224c                __aeabi_frsub
                0x0000000000012254                __aeabi_fsub
                0x0000000000012254                __subsf3
                0x0000000000012258                __aeabi_fadd
                0x0000000000012258                __addsf3
                0x00000000000123b8                __aeabi_ui2f
                0x00000000000123b8                __floatunsisf
                0x00000000000123c0                __floatsisf
                0x00000000000123c0                __aeabi_i2f
                0x00000000000123dc                __aeabi_ul2f
                0x00000000000123dc                __floatundisf
                0x00000000000123ec                __aeabi_l2f
                0x00000000000123ec                __floatdisf
 .text          0x0000000000012468      0x2a0 /usr/local/gcc-arm-none-eabi/bin/../lib/gcc/arm-none-eabi/10.3.1/thumb/v7e-m/nofp/libgcc.a(_arm_muldivsf3.o)
                0x0000000000012468                __mulsf3
                0x0000000000012468                __aeabi_fmul
                0x00000000000125d0                __divsf3
                0x00000000000125d0                __aeabi_fdiv
 .text          0x0000000000012708       0xec /usr/local/gcc-arm-none-eabi/bin/../lib/gcc/arm-none-eabi/10.3.1/thumb/v7e-m/nofp/libgcc.a(_arm_cmpsf2.o)
                0x0000000000012708                __gesf2
                0x0000000000012708                __gtsf2
                0x0000000000012710                __ltsf2
                0x0000000000012710                __lesf2
                0x0000000000012718                __nesf2
                0x0000000000012718                __eqsf2
                0x0000000000012718                __cmpsf2
                0x0000000000012778                __aeabi_cfrcmple
                0x0000000000012780                __aeabi_cfcmpeq
                0x0000000000012780                __aeabi_cfcmple
                0x0000000000012790                __aeabi_fcmpeq
                0x00000000000127a4                __aeabi_fcmplt
                0x00000000000127b8                __aeabi_fcmple
                0x00000000000127cc                __aeabi_fcmpge
                0x00000000000127e0                __aeabi_fcmpgt
 .text          0x00000000000127f4       0x4c /usr/local/gcc-arm-none-eabi/bin/../lib/gcc/arm-none-eabi/10.3.1/thumb/v7e-m/nofp/libgcc.a(_arm_fixsfsi.o)
                0x00000000000127f4                __fixsfsi
                0x00000000000127f4                __aeabi_f2iz
 .text.abort    0x0000000000012840       0x10 /usr/local/gcc-arm-none-eabi/bin/../lib/gcc/arm-none-eabi/10.3.1/../../../../arm-none-eabi/lib/thumb/v7e-m/nofp/libg.a(lib_a-abort.o)
                0x0000000000012840                abort
 .text.__sfvwrite_r
                0x0000000000012850      0x2e8 /usr/local/gcc-arm-none-eabi/bin/../lib/gcc/arm-none-eabi/10.3.1/../../../../arm-none-eabi/lib/thumb/v7e-m/nofp/libg.a(lib_a-fvwrite.o)
                0x0000000000012850                __sfvwrite_r
 .text.__libc_init_array
                0x0000000000012b38       0x48 /usr/local/gcc-arm-none-eabi/bin/../lib/gcc/arm-none-eabi/10.3.1/../../../../arm-none-eabi/lib/thumb/v7e-m/nofp/libg.a(lib_a-init.o)
                0x0000000000012b38                __libc_init_array
 .text.__retarget_lock_init_recursive
                0x0000000000012b80        0x4 /usr/local/gcc-arm-none-eabi/bin/../lib/gcc/arm-none-eabi/10.3.1/../../../../arm-none-eabi/lib/thumb/v7e-m/nofp/libg.a(lib_a-lock.o)
                0x0000000000012b80                __retarget_lock_init_recursive
 .text.__retarget_lock_close_recursive
                0x0000000000012b84        0x4 /usr/local/gcc-arm-none-eabi/bin/../lib/gcc/arm-none-eabi/10.3.1/../../../../arm-none-eabi/lib/thumb/v7e-m/nofp/libg.a(lib_a-lock.o)
                0x0000000000012b84                __retarget_lock_close_recursive
 .text.__retarget_lock_acquire_recursive
                0x0000000000012b88        0x4 /usr/local/gcc-arm-none-eabi/bin/../lib/gcc/arm-none-eabi/10.3.1/../../../../arm-none-eabi/lib/thumb/v7e-m/nofp/libg.a(lib_a-lock.o)
                0x0000000000012b88                __retarget_lock_acquire_recursive
 .text.__retarget_lock_release_recursive
                0x0000000000012b8c        0x4 /usr/local/gcc-arm-none-eabi/bin/../lib/gcc/arm-none-eabi/10.3.1/../../../../arm-none-eabi/lib/thumb/v7e-m/nofp/libg.a(lib_a-lock.o)
                0x0000000000012b8c                __retarget_lock_release_recursive
 .text.malloc   0x0000000000012b90       0x10 /usr/local/gcc-arm-none-eabi/bin/../lib/gcc/arm-none-eabi/10.3.1/../../../../arm-none-eabi/lib/thumb/v7e-m/nofp/libg.a(lib_a-malloc.o)
                0x0000000000012b90                malloc
 .text._malloc_r
                0x0000000000012ba0      0x560 /usr/local/gcc-arm-none-eabi/bin/../lib/gcc/arm-none-eabi/10.3.1/../../../../arm-none-eabi/lib/thumb/v7e-m/nofp/libg.a(lib_a-mallocr.o)
                0x0000000000012ba0                _malloc_r
 .text          0x0000000000013100       0xa0 /usr/local/gcc-arm-none-eabi/bin/../lib/gcc/arm-none-eabi/10.3.1/../../../../arm-none-eabi/lib/thumb/v7e-m/nofp/libg.a(lib_a-memchr.o)
                0x0000000000013100                memchr
 .text          0x00000000000131a0      0x134 /usr/local/gcc-arm-none-eabi/bin/../lib/gcc/arm-none-eabi/10.3.1/../../../../arm-none-eabi/lib/thumb/v7e-m/nofp/libg.a(lib_a-memcpy.o)
                0x00000000000131a0                memcpy
 .text.memmove  0x00000000000132d4       0xf8 /usr/local/gcc-arm-none-eabi/bin/../lib/gcc/arm-none-eabi/10.3.1/../../../../arm-none-eabi/lib/thumb/v7e-m/nofp/libg.a(lib_a-memmove.o)
                0x00000000000132d4                memmove
 .text.memset   0x00000000000133cc       0xa4 /usr/local/gcc-arm-none-eabi/bin/../lib/gcc/arm-none-eabi/10.3.1/../../../../arm-none-eabi/lib/thumb/v7e-m/nofp/libg.a(lib_a-memset.o)
                0x00000000000133cc                memset
 .text.__malloc_lock
                0x0000000000013470        0xc /usr/local/gcc-arm-none-eabi/bin/../lib/gcc/arm-none-eabi/10.3.1/../../../../arm-none-eabi/lib/thumb/v7e-m/nofp/libg.a(lib_a-mlock.o)
                0x0000000000013470                __malloc_lock
 .text.__malloc_unlock
                0x000000000001347c        0xc /usr/local/gcc-arm-none-eabi/bin/../lib/gcc/arm-none-eabi/10.3.1/../../../../arm-none-eabi/lib/thumb/v7e-m/nofp/libg.a(lib_a-mlock.o)
                0x000000000001347c                __malloc_unlock
 .text._realloc_r
                0x0000000000013488      0x3d8 /usr/local/gcc-arm-none-eabi/bin/../lib/gcc/arm-none-eabi/10.3.1/../../../../arm-none-eabi/lib/thumb/v7e-m/nofp/libg.a(lib_a-reallocr.o)
                0x0000000000013488                _realloc_r
 .text._sbrk_r  0x0000000000013860       0x24 /usr/local/gcc-arm-none-eabi/bin/../lib/gcc/arm-none-eabi/10.3.1/../../../../arm-none-eabi/lib/thumb/v7e-m/nofp/libg.a(lib_a-sbrkr.o)
                0x0000000000013860                _sbrk_r
 .text.raise    0x0000000000013884       0x5c /usr/local/gcc-arm-none-eabi/bin/../lib/gcc/arm-none-eabi/10.3.1/../../../../arm-none-eabi/lib/thumb/v7e-m/nofp/libg.a(lib_a-signal.o)
                0x0000000000013884                raise
 .text._kill_r  0x00000000000138e0       0x2c /usr/local/gcc-arm-none-eabi/bin/../lib/gcc/arm-none-eabi/10.3.1/../../../../arm-none-eabi/lib/thumb/v7e-m/nofp/libg.a(lib_a-signalr.o)
                0x00000000000138e0                _kill_r
 .text._getpid_r
                0x000000000001390c        0x4 /usr/local/gcc-arm-none-eabi/bin/../lib/gcc/arm-none-eabi/10.3.1/../../../../arm-none-eabi/lib/thumb/v7e-m/nofp/libg.a(lib_a-signalr.o)
                0x000000000001390c                _getpid_r
 .text.sprintf  0x0000000000013910       0x40 /usr/local/gcc-arm-none-eabi/bin/../lib/gcc/arm-none-eabi/10.3.1/../../../../arm-none-eabi/lib/thumb/v7e-m/nofp/libg.a(lib_a-sprintf.o)
                0x0000000000013910                sprintf
 *fill*         0x0000000000013950       0x30 
 .text          0x0000000000013980       0xdc /usr/local/gcc-arm-none-eabi/bin/../lib/gcc/arm-none-eabi/10.3.1/../../../../arm-none-eabi/lib/thumb/v7e-m/nofp/libg.a(lib_a-strlen.o)
                0x0000000000013980                strlen
 .text._svfprintf_r
                0x0000000000013a5c     0x1a3c /usr/local/gcc-arm-none-eabi/bin/../lib/gcc/arm-none-eabi/10.3.1/../../../../arm-none-eabi/lib/thumb/v7e-m/nofp/libg.a(lib_a-svfprintf.o)
                0x0000000000013a5c                _svfprintf_r
 .text.__swbuf_r
                0x0000000000015498       0xb0 /usr/local/gcc-arm-none-eabi/bin/../lib/gcc/arm-none-eabi/10.3.1/../../../../arm-none-eabi/lib/thumb/v7e-m/nofp/libg.a(lib_a-wbuf.o)
                0x0000000000015498                __swbuf_r
 .text._write_r
                0x0000000000015548       0x2c /usr/local/gcc-arm-none-eabi/bin/../lib/gcc/arm-none-eabi/10.3.1/../../../../arm-none-eabi/lib/thumb/v7e-m/nofp/libg.a(lib_a-writer.o)
                0x0000000000015548                _write_r
 .text.__swsetup_r
                0x0000000000015574       0xd4 /usr/local/gcc-arm-none-eabi/bin/../lib/gcc/arm-none-eabi/10.3.1/../../../../arm-none-eabi/lib/thumb/v7e-m/nofp/libg.a(lib_a-wsetup.o)
                0x0000000000015574                __swsetup_r
 .text.startup.register_fini
                0x0000000000015648       0x14 /usr/local/gcc-arm-none-eabi/bin/../lib/gcc/arm-none-eabi/10.3.1/../../../../arm-none-eabi/lib/thumb/v7e-m/nofp/libg.a(lib_a-__call_atexit.o)
 .text.atexit   0x000000000001565c        0xc /usr/local/gcc-arm-none-eabi/bin/../lib/gcc/arm-none-eabi/10.3.1/../../../../arm-none-eabi/lib/thumb/v7e-m/nofp/libg.a(lib_a-atexit.o)
                0x000000000001565c                atexit
 .text.quorem   0x0000000000015668      0x124 /usr/local/gcc-arm-none-eabi/bin/../lib/gcc/arm-none-eabi/10.3.1/../../../../arm-none-eabi/lib/thumb/v7e-m/nofp/libg.a(lib_a-dtoa.o)
 *fill*         0x000000000001578c        0x4 
 .text._dtoa_r  0x0000000000015790      0xec4 /usr/local/gcc-arm-none-eabi/bin/../lib/gcc/arm-none-eabi/10.3.1/../../../../arm-none-eabi/lib/thumb/v7e-m/nofp/libg.a(lib_a-dtoa.o)
                0x0000000000015790                _dtoa_r
 .text.__sflush_r
                0x0000000000016654      0x120 /usr/local/gcc-arm-none-eabi/bin/../lib/gcc/arm-none-eabi/10.3.1/../../../../arm-none-eabi/lib/thumb/v7e-m/nofp/libg.a(lib_a-fflush.o)
                0x0000000000016654                __sflush_r
 .text._fflush_r
                0x0000000000016774       0x5c /usr/local/gcc-arm-none-eabi/bin/../lib/gcc/arm-none-eabi/10.3.1/../../../../arm-none-eabi/lib/thumb/v7e-m/nofp/libg.a(lib_a-fflush.o)
                0x0000000000016774                _fflush_r
 .text._cleanup_r
                0x00000000000167d0        0xc /usr/local/gcc-arm-none-eabi/bin/../lib/gcc/arm-none-eabi/10.3.1/../../../../arm-none-eabi/lib/thumb/v7e-m/nofp/libg.a(lib_a-findfp.o)
                0x00000000000167d0                _cleanup_r
 .text.__sinit  0x00000000000167dc      0x10c /usr/local/gcc-arm-none-eabi/bin/../lib/gcc/arm-none-eabi/10.3.1/../../../../arm-none-eabi/lib/thumb/v7e-m/nofp/libg.a(lib_a-findfp.o)
                0x00000000000167dc                __sinit
 .text.__sfp_lock_acquire
                0x00000000000168e8        0xc /usr/local/gcc-arm-none-eabi/bin/../lib/gcc/arm-none-eabi/10.3.1/../../../../arm-none-eabi/lib/thumb/v7e-m/nofp/libg.a(lib_a-findfp.o)
                0x00000000000168e8                __sfp_lock_acquire
 .text.__sfp_lock_release
                0x00000000000168f4        0xc /usr/local/gcc-arm-none-eabi/bin/../lib/gcc/arm-none-eabi/10.3.1/../../../../arm-none-eabi/lib/thumb/v7e-m/nofp/libg.a(lib_a-findfp.o)
                0x00000000000168f4                __sfp_lock_release
 .text.__libc_fini_array
                0x0000000000016900       0x2c /usr/local/gcc-arm-none-eabi/bin/../lib/gcc/arm-none-eabi/10.3.1/../../../../arm-none-eabi/lib/thumb/v7e-m/nofp/libg.a(lib_a-fini.o)
                0x0000000000016900                __libc_fini_array
 .text._malloc_trim_r
                0x000000000001692c       0xa0 /usr/local/gcc-arm-none-eabi/bin/../lib/gcc/arm-none-eabi/10.3.1/../../../../arm-none-eabi/lib/thumb/v7e-m/nofp/libg.a(lib_a-freer.o)
                0x000000000001692c                _malloc_trim_r
 .text._free_r  0x00000000000169cc      0x20c /usr/local/gcc-arm-none-eabi/bin/../lib/gcc/arm-none-eabi/10.3.1/../../../../arm-none-eabi/lib/thumb/v7e-m/nofp/libg.a(lib_a-freer.o)
                0x00000000000169cc                _free_r
 .text._fwalk_reent
                0x0000000000016bd8       0x48 /usr/local/gcc-arm-none-eabi/bin/../lib/gcc/arm-none-eabi/10.3.1/../../../../arm-none-eabi/lib/thumb/v7e-m/nofp/libg.a(lib_a-fwalk.o)
                0x0000000000016bd8                _fwalk_reent
 .text._localeconv_r
                0x0000000000016c20        0x8 /usr/local/gcc-arm-none-eabi/bin/../lib/gcc/arm-none-eabi/10.3.1/../../../../arm-none-eabi/lib/thumb/v7e-m/nofp/libg.a(lib_a-localeconv.o)
                0x0000000000016c20                _localeconv_r
 .text.__smakebuf_r
                0x0000000000016c28       0xe0 /usr/local/gcc-arm-none-eabi/bin/../lib/gcc/arm-none-eabi/10.3.1/../../../../arm-none-eabi/lib/thumb/v7e-m/nofp/libg.a(lib_a-makebuf.o)
                0x0000000000016c28                __smakebuf_r
 .text._Balloc  0x0000000000016d08       0x4c /usr/local/gcc-arm-none-eabi/bin/../lib/gcc/arm-none-eabi/10.3.1/../../../../arm-none-eabi/lib/thumb/v7e-m/nofp/libg.a(lib_a-mprec.o)
                0x0000000000016d08                _Balloc
 .text._Bfree   0x0000000000016d54       0x14 /usr/local/gcc-arm-none-eabi/bin/../lib/gcc/arm-none-eabi/10.3.1/../../../../arm-none-eabi/lib/thumb/v7e-m/nofp/libg.a(lib_a-mprec.o)
                0x0000000000016d54                _Bfree
 .text.__multadd
                0x0000000000016d68       0xa0 /usr/local/gcc-arm-none-eabi/bin/../lib/gcc/arm-none-eabi/10.3.1/../../../../arm-none-eabi/lib/thumb/v7e-m/nofp/libg.a(lib_a-mprec.o)
                0x0000000000016d68                __multadd
 .text.__hi0bits
                0x0000000000016e08       0x40 /usr/local/gcc-arm-none-eabi/bin/../lib/gcc/arm-none-eabi/10.3.1/../../../../arm-none-eabi/lib/thumb/v7e-m/nofp/libg.a(lib_a-mprec.o)
                0x0000000000016e08                __hi0bits
 .text.__lo0bits
                0x0000000000016e48       0x5c /usr/local/gcc-arm-none-eabi/bin/../lib/gcc/arm-none-eabi/10.3.1/../../../../arm-none-eabi/lib/thumb/v7e-m/nofp/libg.a(lib_a-mprec.o)
                0x0000000000016e48                __lo0bits
 .text.__i2b    0x0000000000016ea4       0x5c /usr/local/gcc-arm-none-eabi/bin/../lib/gcc/arm-none-eabi/10.3.1/../../../../arm-none-eabi/lib/thumb/v7e-m/nofp/libg.a(lib_a-mprec.o)
                0x0000000000016ea4                __i2b
 .text.__multiply
                0x0000000000016f00      0x15c /usr/local/gcc-arm-none-eabi/bin/../lib/gcc/arm-none-eabi/10.3.1/../../../../arm-none-eabi/lib/thumb/v7e-m/nofp/libg.a(lib_a-mprec.o)
                0x0000000000016f00                __multiply
 .text.__pow5mult
                0x000000000001705c       0xc0 /usr/local/gcc-arm-none-eabi/bin/../lib/gcc/arm-none-eabi/10.3.1/../../../../arm-none-eabi/lib/thumb/v7e-m/nofp/libg.a(lib_a-mprec.o)
                0x000000000001705c                __pow5mult
 .text.__lshift
                0x000000000001711c       0xf0 /usr/local/gcc-arm-none-eabi/bin/../lib/gcc/arm-none-eabi/10.3.1/../../../../arm-none-eabi/lib/thumb/v7e-m/nofp/libg.a(lib_a-mprec.o)
                0x000000000001711c                __lshift
 .text.__mcmp   0x000000000001720c       0x40 /usr/local/gcc-arm-none-eabi/bin/../lib/gcc/arm-none-eabi/10.3.1/../../../../arm-none-eabi/lib/thumb/v7e-m/nofp/libg.a(lib_a-mprec.o)
                0x000000000001720c                __mcmp
 .text.__mdiff  0x000000000001724c      0x14c /usr/local/gcc-arm-none-eabi/bin/../lib/gcc/arm-none-eabi/10.3.1/../../../../arm-none-eabi/lib/thumb/v7e-m/nofp/libg.a(lib_a-mprec.o)
                0x000000000001724c                __mdiff
 .text.__d2b    0x0000000000017398       0xc4 /usr/local/gcc-arm-none-eabi/bin/../lib/gcc/arm-none-eabi/10.3.1/../../../../arm-none-eabi/lib/thumb/v7e-m/nofp/libg.a(lib_a-mprec.o)
                0x0000000000017398                __d2b
 .text.frexp    0x000000000001745c       0x70 /usr/local/gcc-arm-none-eabi/bin/../lib/gcc/arm-none-eabi/10.3.1/../../../../arm-none-eabi/lib/thumb/v7e-m/nofp/libg.a(lib_a-s_frexp.o)
                0x000000000001745c                frexp
 .text.__sread  0x00000000000174cc       0x24 /usr/local/gcc-arm-none-eabi/bin/../lib/gcc/arm-none-eabi/10.3.1/../../../../arm-none-eabi/lib/thumb/v7e-m/nofp/libg.a(lib_a-stdio.o)
                0x00000000000174cc                __sread
 .text.__swrite
                0x00000000000174f0       0x40 /usr/local/gcc-arm-none-eabi/bin/../lib/gcc/arm-none-eabi/10.3.1/../../../../arm-none-eabi/lib/thumb/v7e-m/nofp/libg.a(lib_a-stdio.o)
                0x00000000000174f0                __swrite
 .text.__sseek  0x0000000000017530       0x20 /usr/local/gcc-arm-none-eabi/bin/../lib/gcc/arm-none-eabi/10.3.1/../../../../arm-none-eabi/lib/thumb/v7e-m/nofp/libg.a(lib_a-stdio.o)
                0x0000000000017530                __sseek
 .text.__sclose
                0x0000000000017550        0x8 /usr/local/gcc-arm-none-eabi/bin/../lib/gcc/arm-none-eabi/10.3.1/../../../../arm-none-eabi/lib/thumb/v7e-m/nofp/libg.a(lib_a-stdio.o)
                0x0000000000017550                __sclose
 .text.strncpy  0x0000000000017558       0x64 /usr/local/gcc-arm-none-eabi/bin/../lib/gcc/arm-none-eabi/10.3.1/../../../../arm-none-eabi/lib/thumb/v7e-m/nofp/libg.a(lib_a-strncpy.o)
                0x0000000000017558                strncpy
 .text.__ssprint_r
                0x00000000000175bc       0xf8 /usr/local/gcc-arm-none-eabi/bin/../lib/gcc/arm-none-eabi/10.3.1/../../../../arm-none-eabi/lib/thumb/v7e-m/nofp/libg.a(lib_a-svfiprintf.o)
                0x00000000000175bc                __ssprint_r
 .text.__register_exitproc
                0x00000000000176b4       0x8c /usr/local/gcc-arm-none-eabi/bin/../lib/gcc/arm-none-eabi/10.3.1/../../../../arm-none-eabi/lib/thumb/v7e-m/nofp/libg.a(lib_a-__atexit.o)
                0x00000000000176b4                __register_exitproc
 .text.__assert_func
                0x0000000000017740       0x40 /usr/local/gcc-arm-none-eabi/bin/../lib/gcc/arm-none-eabi/10.3.1/../../../../arm-none-eabi/lib/thumb/v7e-m/nofp/libg.a(lib_a-assert.o)
                0x0000000000017740                __assert_func
 .text._calloc_r
                0x0000000000017780       0x78 /usr/local/gcc-arm-none-eabi/bin/../lib/gcc/arm-none-eabi/10.3.1/../../../../arm-none-eabi/lib/thumb/v7e-m/nofp/libg.a(lib_a-callocr.o)
                0x0000000000017780                _calloc_r
 .text._close_r
                0x00000000000177f8       0x24 /usr/local/gcc-arm-none-eabi/bin/../lib/gcc/arm-none-eabi/10.3.1/../../../../arm-none-eabi/lib/thumb/v7e-m/nofp/libg.a(lib_a-closer.o)
                0x00000000000177f8                _close_r
 .text.__errno  0x000000000001781c        0xc /usr/local/gcc-arm-none-eabi/bin/../lib/gcc/arm-none-eabi/10.3.1/../../../../arm-none-eabi/lib/thumb/v7e-m/nofp/libg.a(lib_a-errno.o)
                0x000000000001781c                __errno
 .text._fclose_r
                0x0000000000017828       0xcc /usr/local/gcc-arm-none-eabi/bin/../lib/gcc/arm-none-eabi/10.3.1/../../../../arm-none-eabi/lib/thumb/v7e-m/nofp/libg.a(lib_a-fclose.o)
                0x0000000000017828                _fclose_r
 .text.fiprintf
                0x00000000000178f4       0x28 /usr/local/gcc-arm-none-eabi/bin/../lib/gcc/arm-none-eabi/10.3.1/../../../../arm-none-eabi/lib/thumb/v7e-m/nofp/libg.a(lib_a-fiprintf.o)
                0x00000000000178f4                fiprintf
 .text._fstat_r
                0x000000000001791c       0x2c /usr/local/gcc-arm-none-eabi/bin/../lib/gcc/arm-none-eabi/10.3.1/../../../../arm-none-eabi/lib/thumb/v7e-m/nofp/libg.a(lib_a-fstatr.o)
                0x000000000001791c                _fstat_r
 .text._isatty_r
                0x0000000000017948       0x24 /usr/local/gcc-arm-none-eabi/bin/../lib/gcc/arm-none-eabi/10.3.1/../../../../arm-none-eabi/lib/thumb/v7e-m/nofp/libg.a(lib_a-isattyr.o)
                0x0000000000017948                _isatty_r
 .text.__locale_mb_cur_max
                0x000000000001796c        0xc /usr/local/gcc-arm-none-eabi/bin/../lib/gcc/arm-none-eabi/10.3.1/../../../../arm-none-eabi/lib/thumb/v7e-m/nofp/libg.a(lib_a-locale.o)
                0x000000000001796c                __locale_mb_cur_max
 .text._lseek_r
                0x0000000000017978       0x2c /usr/local/gcc-arm-none-eabi/bin/../lib/gcc/arm-none-eabi/10.3.1/../../../../arm-none-eabi/lib/thumb/v7e-m/nofp/libg.a(lib_a-lseekr.o)
                0x0000000000017978                _lseek_r
 .text.__ascii_mbtowc
                0x00000000000179a4       0x2c /usr/local/gcc-arm-none-eabi/bin/../lib/gcc/arm-none-eabi/10.3.1/../../../../arm-none-eabi/lib/thumb/v7e-m/nofp/libg.a(lib_a-mbtowc_r.o)
                0x00000000000179a4                __ascii_mbtowc
 .text._read_r  0x00000000000179d0       0x2c /usr/local/gcc-arm-none-eabi/bin/../lib/gcc/arm-none-eabi/10.3.1/../../../../arm-none-eabi/lib/thumb/v7e-m/nofp/libg.a(lib_a-readr.o)
                0x00000000000179d0                _read_r
 .text.__sprint_r.part.0
                0x00000000000179fc       0x78 /usr/local/gcc-arm-none-eabi/bin/../lib/gcc/arm-none-eabi/10.3.1/../../../../arm-none-eabi/lib/thumb/v7e-m/nofp/libg.a(lib_a-vfiprintf.o)
 .text._vfiprintf_r
                0x0000000000017a74      0xda0 /usr/local/gcc-arm-none-eabi/bin/../lib/gcc/arm-none-eabi/10.3.1/../../../../arm-none-eabi/lib/thumb/v7e-m/nofp/libg.a(lib_a-vfiprintf.o)
                0x0000000000017a74                _vfiprintf_r
 .text.__sbprintf
                0x0000000000018814       0x80 /usr/local/gcc-arm-none-eabi/bin/../lib/gcc/arm-none-eabi/10.3.1/../../../../arm-none-eabi/lib/thumb/v7e-m/nofp/libg.a(lib_a-vfiprintf.o)
 .text.__ascii_wctomb
                0x0000000000018894       0x1c /usr/local/gcc-arm-none-eabi/bin/../lib/gcc/arm-none-eabi/10.3.1/../../../../arm-none-eabi/lib/thumb/v7e-m/nofp/libg.a(lib_a-wctomb_r.o)
                0x0000000000018894                __ascii_wctomb
 .text.__fputwc
                0x00000000000188b0       0xa8 /usr/local/gcc-arm-none-eabi/bin/../lib/gcc/arm-none-eabi/10.3.1/../../../../arm-none-eabi/lib/thumb/v7e-m/nofp/libg.a(lib_a-fputwc.o)
                0x00000000000188b0                __fputwc
 .text._fputwc_r
                0x0000000000018958       0x68 /usr/local/gcc-arm-none-eabi/bin/../lib/gcc/arm-none-eabi/10.3.1/../../../../arm-none-eabi/lib/thumb/v7e-m/nofp/libg.a(lib_a-fputwc.o)
                0x0000000000018958                _fputwc_r
 .text._wcrtomb_r
                0x00000000000189c0       0x3c /usr/local/gcc-arm-none-eabi/bin/../lib/gcc/arm-none-eabi/10.3.1/../../../../arm-none-eabi/lib/thumb/v7e-m/nofp/libg.a(lib_a-wcrtomb.o)
                0x00000000000189c0                _wcrtomb_r
 .text          0x00000000000189fc       0x2c /usr/local/gcc-arm-none-eabi/bin/../lib/gcc/arm-none-eabi/10.3.1/thumb/v7e-m/nofp/libgcc.a(_arm_unorddf2.o)
                0x00000000000189fc                __aeabi_dcmpun
                0x00000000000189fc                __unorddf2
 .text          0x0000000000018a28       0x30 /usr/local/gcc-arm-none-eabi/bin/../lib/gcc/arm-none-eabi/10.3.1/thumb/v7e-m/nofp/libgcc.a(_aeabi_uldivmod.o)
                0x0000000000018a28                __aeabi_uldivmod
 .text          0x0000000000018a58      0x2d0 /usr/local/gcc-arm-none-eabi/bin/../lib/gcc/arm-none-eabi/10.3.1/thumb/v7e-m/nofp/libgcc.a(_udivmoddi4.o)
                0x0000000000018a58                __udivmoddi4
 .text          0x0000000000018d28        0x4 /usr/local/gcc-arm-none-eabi/bin/../lib/gcc/arm-none-eabi/10.3.1/thumb/v7e-m/nofp/libgcc.a(_dvmd_tls.o)
                0x0000000000018d28                __aeabi_ldiv0
                0x0000000000018d28                __aeabi_idiv0
 .text._close   0x0000000000018d2c       0x10 /usr/local/gcc-arm-none-eabi/bin/../lib/gcc/arm-none-eabi/10.3.1/../../../../arm-none-eabi/lib/thumb/v7e-m/nofp/libnosys.a(close.o)
                0x0000000000018d2c                _close
 .text._fstat   0x0000000000018d3c       0x10 /usr/local/gcc-arm-none-eabi/bin/../lib/gcc/arm-none-eabi/10.3.1/../../../../arm-none-eabi/lib/thumb/v7e-m/nofp/libnosys.a(fstat.o)
                0x0000000000018d3c                _fstat
 .text._getpid  0x0000000000018d4c       0x10 /usr/local/gcc-arm-none-eabi/bin/../lib/gcc/arm-none-eabi/10.3.1/../../../../arm-none-eabi/lib/thumb/v7e-m/nofp/libnosys.a(getpid.o)
                0x0000000000018d4c                _getpid
 .text._isatty  0x0000000000018d5c       0x10 /usr/local/gcc-arm-none-eabi/bin/../lib/gcc/arm-none-eabi/10.3.1/../../../../arm-none-eabi/lib/thumb/v7e-m/nofp/libnosys.a(isatty.o)
                0x0000000000018d5c                _isatty
 .text._kill    0x0000000000018d6c       0x10 /usr/local/gcc-arm-none-eabi/bin/../lib/gcc/arm-none-eabi/10.3.1/../../../../arm-none-eabi/lib/thumb/v7e-m/nofp/libnosys.a(kill.o)
                0x0000000000018d6c                _kill
 .text._lseek   0x0000000000018d7c       0x10 /usr/local/gcc-arm-none-eabi/bin/../lib/gcc/arm-none-eabi/10.3.1/../../../../arm-none-eabi/lib/thumb/v7e-m/nofp/libnosys.a(lseek.o)
                0x0000000000018d7c                _lseek
 .text._read    0x0000000000018d8c       0x10 /usr/local/gcc-arm-none-eabi/bin/../lib/gcc/arm-none-eabi/10.3.1/../../../../arm-none-eabi/lib/thumb/v7e-m/nofp/libnosys.a(read.o)
                0x0000000000018d8c                _read
 .text._sbrk    0x0000000000018d9c       0x1c /usr/local/gcc-arm-none-eabi/bin/../lib/gcc/arm-none-eabi/10.3.1/../../../../arm-none-eabi/lib/thumb/v7e-m/nofp/libnosys.a(sbrk.o)
                0x0000000000018d9c                _sbrk
 .text._write   0x0000000000018db8       0x10 /usr/local/gcc-arm-none-eabi/bin/../lib/gcc/arm-none-eabi/10.3.1/../../../../arm-none-eabi/lib/thumb/v7e-m/nofp/libnosys.a(write.o)
                0x0000000000018db8                _write
 .text._exit    0x0000000000018dc8        0x4 /usr/local/gcc-arm-none-eabi/bin/../lib/gcc/arm-none-eabi/10.3.1/../../../../arm-none-eabi/lib/thumb/v7e-m/nofp/libnosys.a(_exit.o)
                0x0000000000018dc8                _exit
 *(.rodata .rodata.* .constdata .constdata.*)
 .rodata        0x0000000000018dcc       0x63 ../main.o
 *fill*         0x0000000000018e2f        0x1 
 .rodata.K60_SDHC0_init
                0x0000000000018e30        0xc Drivers/SDHC.o
                0x0000000000018e30                K60_SDHC0_init
 .rodata._ZL21ESDHC_COMMAND_XFERTYP
                0x0000000000018e3c      0x100 Drivers/SDHC.o
 .rodata._ZL9GPIOPorts
                0x0000000000018f3c       0x20 Libraries/FEHIO.o
 .rodata._ZL10ADCNumbers
                0x0000000000018f5c       0x21 Libraries/FEHIO.o
 *fill*         0x0000000000018f7d        0x3 
 .rodata._ZL14GPIOPinNumbers
                0x0000000000018f80       0x80 Libraries/FEHIO.o
 .rodata._ZL16AnalogPinNumbers
                0x0000000000019000       0x84 Libraries/FEHIO.o
 .rodata        0x0000000000019084       0x78 Libraries/FEHIO.o
 .rodata        0x00000000000190fc       0x32 Libraries/FEHLCD.o
 *fill*         0x000000000001912e        0x2 
 .rodata._global_impure_ptr
                0x0000000000019130        0x4 /usr/local/gcc-arm-none-eabi/bin/../lib/gcc/arm-none-eabi/10.3.1/../../../../arm-none-eabi/lib/thumb/v7e-m/nofp/libg.a(lib_a-impure.o)
                0x0000000000019130                _global_impure_ptr
 .rodata._svfprintf_r.str1.4
                0x0000000000019134       0x42 /usr/local/gcc-arm-none-eabi/bin/../lib/gcc/arm-none-eabi/10.3.1/../../../../arm-none-eabi/lib/thumb/v7e-m/nofp/libg.a(lib_a-svfprintf.o)
 *fill*         0x0000000000019176        0x2 
 .rodata.blanks.1
                0x0000000000019178       0x10 /usr/local/gcc-arm-none-eabi/bin/../lib/gcc/arm-none-eabi/10.3.1/../../../../arm-none-eabi/lib/thumb/v7e-m/nofp/libg.a(lib_a-svfprintf.o)
 .rodata.zeroes.0
                0x0000000000019188       0x10 /usr/local/gcc-arm-none-eabi/bin/../lib/gcc/arm-none-eabi/10.3.1/../../../../arm-none-eabi/lib/thumb/v7e-m/nofp/libg.a(lib_a-svfprintf.o)
 .rodata._dtoa_r.str1.4
                0x0000000000019198       0x7e /usr/local/gcc-arm-none-eabi/bin/../lib/gcc/arm-none-eabi/10.3.1/../../../../arm-none-eabi/lib/thumb/v7e-m/nofp/libg.a(lib_a-dtoa.o)
                                         0x82 (size before relaxing)
 *fill*         0x0000000000019216        0x2 
 .rodata.__multadd.str1.4
                0x0000000000019218       0x5b /usr/local/gcc-arm-none-eabi/bin/../lib/gcc/arm-none-eabi/10.3.1/../../../../arm-none-eabi/lib/thumb/v7e-m/nofp/libg.a(lib_a-mprec.o)
                                         0x6f (size before relaxing)
 *fill*         0x0000000000019273        0x5 
 .rodata.__mprec_bigtens
                0x0000000000019278       0x28 /usr/local/gcc-arm-none-eabi/bin/../lib/gcc/arm-none-eabi/10.3.1/../../../../arm-none-eabi/lib/thumb/v7e-m/nofp/libg.a(lib_a-mprec.o)
                0x0000000000019278                __mprec_bigtens
 .rodata.__mprec_tens
                0x00000000000192a0       0xc8 /usr/local/gcc-arm-none-eabi/bin/../lib/gcc/arm-none-eabi/10.3.1/../../../../arm-none-eabi/lib/thumb/v7e-m/nofp/libg.a(lib_a-mprec.o)
                0x00000000000192a0                __mprec_tens
 .rodata.p05.0  0x0000000000019368        0xc /usr/local/gcc-arm-none-eabi/bin/../lib/gcc/arm-none-eabi/10.3.1/../../../../arm-none-eabi/lib/thumb/v7e-m/nofp/libg.a(lib_a-mprec.o)
 .rodata.__assert_func.str1.4
                0x0000000000019374       0x3f /usr/local/gcc-arm-none-eabi/bin/../lib/gcc/arm-none-eabi/10.3.1/../../../../arm-none-eabi/lib/thumb/v7e-m/nofp/libg.a(lib_a-assert.o)
                                         0x43 (size before relaxing)
 *fill*         0x00000000000193b3        0x1 
 .rodata._ctype_
                0x00000000000193b4      0x101 /usr/local/gcc-arm-none-eabi/bin/../lib/gcc/arm-none-eabi/10.3.1/../../../../arm-none-eabi/lib/thumb/v7e-m/nofp/libg.a(lib_a-ctype_.o)
                0x00000000000193b4                _ctype_
 *fill*         0x00000000000194b5        0x3 
 .rodata._setlocale_r.str1.4
                0x00000000000194b8        0xa /usr/local/gcc-arm-none-eabi/bin/../lib/gcc/arm-none-eabi/10.3.1/../../../../arm-none-eabi/lib/thumb/v7e-m/nofp/libg.a(lib_a-locale.o)
                                          0xd (size before relaxing)
 *fill*         0x00000000000194c2        0x2 
 .rodata.str1.4
                0x00000000000194c4        0x2 /usr/local/gcc-arm-none-eabi/bin/../lib/gcc/arm-none-eabi/10.3.1/../../../../arm-none-eabi/lib/thumb/v7e-m/nofp/libg.a(lib_a-locale.o)
 .rodata._vfiprintf_r.str1.4
                0x00000000000194c6       0x2f /usr/local/gcc-arm-none-eabi/bin/../lib/gcc/arm-none-eabi/10.3.1/../../../../arm-none-eabi/lib/thumb/v7e-m/nofp/libg.a(lib_a-vfiprintf.o)
 *fill*         0x00000000000194c6        0x2 
 .rodata.blanks.1
                0x00000000000194c8       0x10 /usr/local/gcc-arm-none-eabi/bin/../lib/gcc/arm-none-eabi/10.3.1/../../../../arm-none-eabi/lib/thumb/v7e-m/nofp/libg.a(lib_a-vfiprintf.o)
 .rodata.zeroes.0
                0x00000000000194d8       0x10 /usr/local/gcc-arm-none-eabi/bin/../lib/gcc/arm-none-eabi/10.3.1/../../../../arm-none-eabi/lib/thumb/v7e-m/nofp/libg.a(lib_a-vfiprintf.o)
                0x00000000000194e8                . = ALIGN (0x4)
                0x00000000000194e8                . = ALIGN (0x4)
 *(.init)
 .init          0x00000000000194e8        0x4 /usr/local/gcc-arm-none-eabi/bin/../lib/gcc/arm-none-eabi/10.3.1/thumb/v7e-m/nofp/crti.o
                0x00000000000194e8                _init
 .init          0x00000000000194ec        0x8 /usr/local/gcc-arm-none-eabi/bin/../lib/gcc/arm-none-eabi/10.3.1/thumb/v7e-m/nofp/crtn.o
                0x00000000000194f4                . = ALIGN (0x4)
                0x00000000000194f4                __preinit_array_start = .
 *(.preinit_array)
                0x00000000000194f4                __preinit_array_end = .
                0x00000000000194f4                . = ALIGN (0x4)
                0x00000000000194f4                __init_array_start = .
 *(SORT_BY_NAME(.init_array.*))
 .init_array.00000
                0x00000000000194f4        0x4 /usr/local/gcc-arm-none-eabi/bin/../lib/gcc/arm-none-eabi/10.3.1/../../../../arm-none-eabi/lib/thumb/v7e-m/nofp/libg.a(lib_a-__call_atexit.o)
 *(.init_array)
 .init_array    0x00000000000194f8        0x4 /usr/local/gcc-arm-none-eabi/bin/../lib/gcc/arm-none-eabi/10.3.1/thumb/v7e-m/nofp/crtbegin.o
 .init_array    0x00000000000194fc        0x4 ../main.o
 .init_array    0x0000000000019500        0x4 FEHProteus.o
 .init_array    0x0000000000019504        0x4 Libraries/FEHBuzzer.o
 .init_array    0x0000000000019508        0x4 Libraries/FEHLCD.o
 .init_array    0x000000000001950c        0x4 Libraries/FEHAccel.o
 .init_array    0x0000000000019510        0x4 Libraries/FEHBattery.o
 .init_array    0x0000000000019514        0x4 Libraries/FEHRCS.o
 .init_array    0x0000000000019518        0x4 Libraries/FEHSD.o
 .init_array    0x000000000001951c        0x4 /usr/local/gcc-arm-none-eabi/bin/../lib/gcc/arm-none-eabi/10.3.1/../../../../arm-none-eabi/lib/thumb/v7e-m/nofp/libstdc++.a(eh_alloc.o)
                0x0000000000019520                __init_array_end = .
 *(.fini)
 .fini          0x0000000000019520        0x4 /usr/local/gcc-arm-none-eabi/bin/../lib/gcc/arm-none-eabi/10.3.1/thumb/v7e-m/nofp/crti.o
                0x0000000000019520                _fini
 .fini          0x0000000000019524        0x8 /usr/local/gcc-arm-none-eabi/bin/../lib/gcc/arm-none-eabi/10.3.1/thumb/v7e-m/nofp/crtn.o
                0x000000000001952c                . = ALIGN (0x4)
 *crtbegin.o(.ctors)
 *(EXCLUDE_FILE(*crtend.o) .ctors)
 *(SORT_BY_NAME(.ctors.*))
 *crtend.o(.ctors)
                0x000000000001952c                . = ALIGN (0x4)
 *crtbegin.o(.dtors)
 *(EXCLUDE_FILE(*crtend.o) .dtors)
 *(SORT_BY_NAME(.dtors.*))
 *crtend.o(.dtors)
                0x000000000001952c                . = ALIGN (0x4)

.ARM.extab
 *(.ARM.extab* .gnu.linkonce.armextab.*)
                0x000000000001952c                __exidx_start = .

.ARM.exidx      0x000000000001952c        0x8
 *(.ARM.exidx* .gnu.linkonce.armexidx.*)
 .ARM.exidx.text.startup._GLOBAL__sub_I__ZN9__gnu_cxx9__freeresEv
                0x000000000001952c        0x8 /usr/local/gcc-arm-none-eabi/bin/../lib/gcc/arm-none-eabi/10.3.1/../../../../arm-none-eabi/lib/thumb/v7e-m/nofp/libstdc++.a(eh_alloc.o)
 .ARM.exidx     0x0000000000019534        0x0 /usr/local/gcc-arm-none-eabi/bin/../lib/gcc/arm-none-eabi/10.3.1/thumb/v7e-m/nofp/libgcc.a(_udivmoddi4.o)
                                          0x8 (size before relaxing)
                0x0000000000019534                __exidx_end = .
                0x0000000000019534                _etext = .

.rel.dyn        0x0000000000019534        0x0
 .rel.iplt      0x0000000000019534        0x0 /usr/local/gcc-arm-none-eabi/bin/../lib/gcc/arm-none-eabi/10.3.1/thumb/v7e-m/nofp/crtbegin.o

.m_usb_data
 *(m_usb_bdt)

.data_RAM2      0x000000001fff0000        0x0 load address 0x0000000000019534
 FILL mask 0xff
                [!provide]                        PROVIDE (__start_data_RAM2 = .)
 *(.ramfunc.$RAM2)
 *(.ramfunc.$SRAM_LOWER)
 *(.EXTRA_RAM)
 *(.data.$RAM2)
 *(.data.$SRAM_LOWER)
 *(.data.$RAM2.*)
 *(.data.$SRAM_LOWER.*)
                0x000000001fff0000                . = ALIGN (0x4)
                [!provide]                        PROVIDE (__end_data_RAM2 = .)

.uninit_RESERVED
                0x0000000020000000        0x0
                0x0000000020000000                . = ALIGN (0x4)
 *(.bss.$RESERVED*)
                0x0000000020000000                . = ALIGN (0x4)
                0x0000000020000000                _end_uninit_RESERVED = .

.data           0x0000000020000000     0x16c8 load address 0x0000000000019534
 FILL mask 0xff
                0x0000000020000000                _data = .
 *(vtable)
 *(.ramfunc*)
 *(CodeQuickAccess)
 *(DataQuickAccess)
 *(RamFunction)
 *(.data*)
 .data._ZL4Stat
                0x0000000020000000        0x1 Drivers/SDHC.o
 *fill*         0x0000000020000001        0x3 ff
 .data.image    0x0000000020000004      0x74e Libraries/FEHLCD.o
                0x0000000020000004                image
 *fill*         0x0000000020000752        0x2 ff
 .data.logo     0x0000000020000754      0x3e6 Libraries/FEHLCD.o
                0x0000000020000754                logo
 *fill*         0x0000000020000b3a        0x2 ff
 .data._ZN6FEHLCD8fontDataE
                0x0000000020000b3c      0x1e0 Libraries/FEHLCD.o
                0x0000000020000b3c                FEHLCD::fontData
 .data._impure_ptr
                0x0000000020000d1c        0x4 /usr/local/gcc-arm-none-eabi/bin/../lib/gcc/arm-none-eabi/10.3.1/../../../../arm-none-eabi/lib/thumb/v7e-m/nofp/libg.a(lib_a-impure.o)
                0x0000000020000d1c                _impure_ptr
 .data.impure_data
                0x0000000020000d20      0x428 /usr/local/gcc-arm-none-eabi/bin/../lib/gcc/arm-none-eabi/10.3.1/../../../../arm-none-eabi/lib/thumb/v7e-m/nofp/libg.a(lib_a-impure.o)
 .data.__malloc_av_
                0x0000000020001148      0x408 /usr/local/gcc-arm-none-eabi/bin/../lib/gcc/arm-none-eabi/10.3.1/../../../../arm-none-eabi/lib/thumb/v7e-m/nofp/libg.a(lib_a-mallocr.o)
                0x0000000020001148                __malloc_av_
 .data.__malloc_sbrk_base
                0x0000000020001550        0x4 /usr/local/gcc-arm-none-eabi/bin/../lib/gcc/arm-none-eabi/10.3.1/../../../../arm-none-eabi/lib/thumb/v7e-m/nofp/libg.a(lib_a-mallocr.o)
                0x0000000020001550                __malloc_sbrk_base
 .data.__malloc_trim_threshold
                0x0000000020001554        0x4 /usr/local/gcc-arm-none-eabi/bin/../lib/gcc/arm-none-eabi/10.3.1/../../../../arm-none-eabi/lib/thumb/v7e-m/nofp/libg.a(lib_a-mallocr.o)
                0x0000000020001554                __malloc_trim_threshold
 .data.__atexit_recursive_mutex
                0x0000000020001558        0x4 /usr/local/gcc-arm-none-eabi/bin/../lib/gcc/arm-none-eabi/10.3.1/../../../../arm-none-eabi/lib/thumb/v7e-m/nofp/libg.a(lib_a-__call_atexit.o)
                0x0000000020001558                __atexit_recursive_mutex
 .data.__global_locale
                0x000000002000155c      0x16c /usr/local/gcc-arm-none-eabi/bin/../lib/gcc/arm-none-eabi/10.3.1/../../../../arm-none-eabi/lib/thumb/v7e-m/nofp/libg.a(lib_a-locale.o)
                0x000000002000155c                __global_locale
                0x00000000200016c8                . = ALIGN (0x4)
                0x00000000200016c8                _edata = .

.igot.plt       0x00000000200016c8        0x0 load address 0x000000000001abfc
 .igot.plt      0x00000000200016c8        0x0 /usr/local/gcc-arm-none-eabi/bin/../lib/gcc/arm-none-eabi/10.3.1/thumb/v7e-m/nofp/crtbegin.o

.bss_RAM2       0x000000001fff0000        0x0
                0x000000001fff0000                . = ALIGN (0x4)
                [!provide]                        PROVIDE (__start_bss_RAM2 = .)
 *(.bss.$RAM2)
 *(.bss.$SRAM_LOWER)
 *(.bss.$RAM2.*)
 *(.bss.$SRAM_LOWER.*)
                0x000000001fff0000                . = ALIGN ((. != 0x0)?0x4:0x1)