Archive member included to satisfy reference by file (symbol)

/usr/local/gcc-arm-none-eabi/bin/../lib/gcc/arm-none-eabi/10.3.1/../../../../arm-none-eabi/lib/thumb/v7e-m/nofp/libstdc++.a(del_ops.o)
                              Libraries/FEHIO.o (operator delete(void*, unsigned int))
/usr/local/gcc-arm-none-eabi/bin/../lib/gcc/arm-none-eabi/10.3.1/../../../../arm-none-eabi/lib/thumb/v7e-m/nofp/libstdc++.a(new_op.o)
                              Libraries/FEHIO.o (operator new(unsigned int))
/usr/local/gcc-arm-none-eabi/bin/../lib/gcc/arm-none-eabi/10.3.1/../../../../arm-none-eabi/lib/thumb/v7e-m/nofp/libstdc++.a(bad_alloc.o)
                              /usr/local/gcc-arm-none-eabi/bin/../lib/gcc/arm-none-eabi/10.3.1/../../../../arm-none-eabi/lib/thumb/v7e-m/nofp/libstdc++.a(new_op.o) (std::bad_alloc::~bad_alloc())
/usr/local/gcc-arm-none-eabi/bin/../lib/gcc/arm-none-eabi/10.3.1/../../../../arm-none-eabi/lib/thumb/v7e-m/nofp/libstdc++.a(del_op.o)
                              /usr/local/gcc-arm-none-eabi/bin/../lib/gcc/arm-none-eabi/10.3.1/../../../../arm-none-eabi/lib/thumb/v7e-m/nofp/libstdc++.a(del_ops.o) (operator delete(void*))
/usr/local/gcc-arm-none-eabi/bin/../lib/gcc/arm-none-eabi/10.3.1/../../../../arm-none-eabi/lib/thumb/v7e-m/nofp/libstdc++.a(eh_alloc.o)
                              /usr/local/gcc-arm-none-eabi/bin/../lib/gcc/arm-none-eabi/10.3.1/../../../../arm-none-eabi/lib/thumb/v7e-m/nofp/libstdc++.a(new_op.o) (__cxa_allocate_exception)
/usr/local/gcc-arm-none-eabi/bin/../lib/gcc/arm-none-eabi/10.3.1/../../../../arm-none-eabi/lib/thumb/v7e-m/nofp/libstdc++.a(eh_exception.o)
                              /usr/local/gcc-arm-none-eabi/bin/../lib/gcc/arm-none-eabi/10.3.1/../../../../arm-none-eabi/lib/thumb/v7e-m/nofp/libstdc++.a(bad_alloc.o) (std::exception::~exception())
/usr/local/gcc-arm-none-eabi/bin/../lib/gcc/arm-none-eabi/10.3.1/../../../../arm-none-eabi/lib/thumb/v7e-m/nofp/libstdc++.a(eh_terminate.o)
                              /usr/local/gcc-arm-none-eabi/bin/../lib/gcc/arm-none-eabi/10.3.1/../../../../arm-none-eabi/lib/thumb/v7e-m/nofp/libstdc++.a(eh_alloc.o) (std::terminate())
/usr/local/gcc-arm-none-eabi/bin/../lib/gcc/arm-none-eabi/10.3.1/../../../../arm-none-eabi/lib/thumb/v7e-m/nofp/libstdc++.a(eh_throw.o)
                              /usr/local/gcc-arm-none-eabi/bin/../lib/gcc/arm-none-eabi/10.3.1/../../../../arm-none-eabi/lib/thumb/v7e-m/nofp/libstdc++.a(new_op.o) (__cxa_throw)
/usr/local/gcc-arm-none-eabi/bin/../lib/gcc/arm-none-eabi/10.3.1/../../../../arm-none-eabi/lib/thumb/v7e-m/nofp/libstdc++.a(eh_unex_handler.o)
                              /usr/local/gcc-arm-none-eabi/bin/../lib/gcc/arm-none-eabi/10.3.1/../../../../arm-none-eabi/lib/thumb/v7e-m/nofp/libstdc++.a(eh_terminate.o) (__cxxabiv1::__unexpected_handler)
/usr/local/gcc-arm-none-eabi/bin/../lib/gcc/arm-none-eabi/10.3.1/../../../../arm-none-eabi/lib/thumb/v7e-m/nofp/libstdc++.a(new_handler.o)
                              /usr/local/gcc-arm-none-eabi/bin/../lib/gcc/arm-none-eabi/10.3.1/../../../../arm-none-eabi/lib/thumb/v7e-m/nofp/libstdc++.a(new_op.o) (std::get_new_handler())
/usr/local/gcc-arm-none-eabi/bin/../lib/gcc/arm-none-eabi/10.3.1/../../../../arm-none-eabi/lib/thumb/v7e-m/nofp/libstdc++.a(pure.o)
                              /usr/local/gcc-arm-none-eabi/bin/../lib/gcc/arm-none-eabi/10.3.1/../../../../arm-none-eabi/lib/thumb/v7e-m/nofp/libstdc++.a(eh_exception.o) (__cxa_pure_virtual)
/usr/local/gcc-arm-none-eabi/bin/../lib/gcc/arm-none-eabi/10.3.1/../../../../arm-none-eabi/lib/thumb/v7e-m/nofp/libstdc++.a(si_class_type_info.o)
                              /usr/local/gcc-arm-none-eabi/bin/../lib/gcc/arm-none-eabi/10.3.1/../../../../arm-none-eabi/lib/thumb/v7e-m/nofp/libstdc++.a(bad_alloc.o) (vtable for __cxxabiv1::__si_class_type_info)
/usr/local/gcc-arm-none-eabi/bin/../lib/gcc/arm-none-eabi/10.3.1/../../../../arm-none-eabi/lib/thumb/v7e-m/nofp/libstdc++.a(tinfo.o)
                              /usr/local/gcc-arm-none-eabi/bin/../lib/gcc/arm-none-eabi/10.3.1/../../../../arm-none-eabi/lib/thumb/v7e-m/nofp/libstdc++.a(si_class_type_info.o) (std::type_info::__is_pointer_p() const)
/usr/local/gcc-arm-none-eabi/bin/../lib/gcc/arm-none-eabi/10.3.1/../../../../arm-none-eabi/lib/thumb/v7e-m/nofp/libstdc++.a(vterminate.o)
                              /usr/local/gcc-arm-none-eabi/bin/../lib/gcc/arm-none-eabi/10.3.1/../../../../arm-none-eabi/lib/thumb/v7e-m/nofp/libstdc++.a(eh_terminate.o) (__gnu_cxx::__verbose_terminate_handler())
/usr/local/gcc-arm-none-eabi/bin/../lib/gcc/arm-none-eabi/10.3.1/../../../../arm-none-eabi/lib/thumb/v7e-m/nofp/libstdc++.a(class_type_info.o)
                              /usr/local/gcc-arm-none-eabi/bin/../lib/gcc/arm-none-eabi/10.3.1/../../../../arm-none-eabi/lib/thumb/v7e-m/nofp/libstdc++.a(si_class_type_info.o) (__cxxabiv1::__class_type_info::__do_upcast(__cxxabiv1::__class_type_info const*, void**) const)
[...]
Memory Configuration

Name             Origin             Length             Attributes
PROGRAM_FLASH    0x000000000000c000 0x0000000000073c00 xr
SRAM_UPPER       0x0000000020000000 0x0000000000010000 xrw
SRAM_LOWER       0x000000001fff0000 0x0000000000010000 xrw
*default*        0x0000000000000000 0xffffffffffffffff

Linker script and memory map

LOAD /usr/local/gcc-arm-none-eabi/bin/../lib/gcc/arm-none-eabi/10.3.1/thumb/v7e-m/nofp/crti.o
LOAD /usr/local/gcc-arm-none-eabi/bin/../lib/gcc/arm-none-eabi/10.3.1/thumb/v7e-m/nofp/crtbegin.o
LOAD /usr/local/gcc-arm-none-eabi/bin/../lib/gcc/arm-none-eabi/10.3.1/../../../../arm-none-eabi/lib/thumb/v7e-m/nofp/crt0.o
LOAD ../main.o
LOAD Startup/startup_mk60d10.o
LOAD Libraries/FEHMotor.o
LOAD Drivers/mcg.o
LOAD Drivers/i2c.o
LOAD Drivers/spi.o
LOAD Drivers/uart.o
LOAD Drivers/ff.o
LOAD Drivers/SDHC.o
LOAD Drivers/lptmr.o
LOAD FEHProteus.o
LOAD Drivers/FEHPropeller.o
LOAD Libraries/FEHUtility.o
LOAD Libraries/FEHIO.o
LOAD Drivers/adc16.o
LOAD Libraries/FEHBuzzer.o
LOAD Libraries/FEHServo.o
LOAD Libraries/FEHLCD.o
LOAD Libraries/FEHAccel.o
LOAD Libraries/FEHBattery.o
LOAD Drivers/FEHXBee.o
LOAD Libraries/FEHRCS.o
LOAD Libraries/FEHSD.o
LOAD Libraries/FEHRandom.o
LOAD /usr/local/gcc-arm-none-eabi/bin/../lib/gcc/arm-none-eabi/10.3.1/../../../../arm-none-eabi/lib/thumb/v7e-m/nofp/libstdc++.a
LOAD /usr/local/gcc-arm-none-eabi/bin/../lib/gcc/arm-none-eabi/10.3.1/../../../../arm-none-eabi/lib/thumb/v7e-m/nofp/libm.a
START GROUP
LOAD /usr/local/gcc-arm-none-eabi/bin/../lib/gcc/arm-none-eabi/10.3.1/thumb/v7e-m/nofp/libgcc.a
LOAD /usr/local/gcc-arm-none-eabi/bin/../lib/gcc/arm-none-eabi/10.3.1/../../../../arm-none-eabi/lib/thumb/v7e-m/nofp/libg.a
LOAD /usr/local/gcc-arm-none-eabi/bin/../lib/gcc/arm-none-eabi/10.3.1/../../../../arm-none-eabi/lib/thumb/v7e-m/nofp/libc.a
END GROUP
START GROUP
LOAD /usr/local/gcc-arm-none-eabi/bin/../lib/gcc/arm-none-eabi/10.3.1/thumb/v7e-m/nofp/libgcc.a
LOAD /usr/local/gcc-arm-none-eabi/bin/../lib/gcc/arm-none-eabi/10.3.1/../../../../arm-none-eabi/lib/thumb/v7e-m/nofp/libc.a
LOAD /usr/local/gcc-arm-none-eabi/bin/../lib/gcc/arm-none-eabi/10.3.1/../../../../arm-none-eabi/lib/thumb/v7e-m/nofp/libnosys.a
END GROUP
LOAD /usr/local/gcc-arm-none-eabi/bin/../lib/gcc/arm-none-eabi/10.3.1/thumb/v7e-m/nofp/crtend.o
LOAD /usr/local/gcc-arm-none-eabi/bin/../lib/gcc/arm-none-eabi/10.3.1/thumb/v7e-m/nofp/crtn.o
                0x000000000000c000                __base_PROGRAM_FLASH = 0xc000
                0x000000000000c000                __base_Flash = 0xc000
                0x000000000007fc00                __top_PROGRAM_FLASH = 0x7fc00
                0x000000000007fc00                __top_Flash = 0x7fc00
                0x0000000020000000                __base_SRAM_UPPER = 0x20000000
                0x0000000020000000                __base_RAM = 0x20000000
                0x0000000020010000                __top_SRAM_UPPER = 0x20010000
                0x0000000020010000                __top_RAM = 0x20010000
                0x000000001fff0000                __base_SRAM_LOWER = 0x1fff0000
                0x000000001fff0000                __base_RAM2 = 0x1fff0000
                0x0000000020000000                __top_SRAM_LOWER = 0x20000000
                0x0000000020000000                __top_RAM2 = 0x20000000

.text           0x000000000000c000      0x410
 FILL mask 0xff
                0x000000000000c000                __vectors_start__ = ABSOLUTE (.)
 *(.isr_vector)
 .isr_vector    0x000000000000c000      0x1bc Startup/startup_mk60d10.o
                0x000000000000c000                __Vectors
                0x000000000000c000                g_pfnVectors
                0x000000000000c1bc                . = ALIGN (0x4)
                0x000000000000c1bc                __section_table_start = .
                0x000000000000c1bc                __data_section_table = .
                0x000000000000c1bc        0x4 LONG 0x11fe8 LOADADDR (.data)
                0x000000000000c1c0        0x4 LONG 0x20000000 ADDR (.data)
                0x000000000000c1c4        0x4 LONG 0x155c SIZEOF (.data)
                0x000000000000c1c8        0x4 LONG 0x11fe8 LOADADDR (.data_RAM2)
                0x000000000000c1cc        0x4 LONG 0x1fff0000 ADDR (.data_RAM2)
                0x000000000000c1d0        0x4 LONG 0x0 SIZEOF (.data_RAM2)
                0x000000000000c1d4                __data_section_table_end = .
                0x000000000000c1d4                __bss_section_table = .
                0x000000000000c1d4        0x4 LONG 0x2000155c ADDR (.bss)
                0x000000000000c1d8        0x4 LONG 0x468 SIZEOF (.bss)
                0x000000000000c1dc        0x4 LONG 0x1fff0000 ADDR (.bss_RAM2)
                0x000000000000c1e0        0x4 LONG 0x0 SIZEOF (.bss_RAM2)
                0x000000000000c1e4                __bss_section_table_end = .
                0x000000000000c1e4                __section_table_end = .
 *(.after_vectors*)
 .after_vectors.init_data
                0x000000000000c1e4       0x42 Startup/startup_mk60d10.o
                0x000000000000c1e4                data_init(unsigned int, unsigned int, unsigned int)
 .after_vectors.init_bss
                0x000000000000c226       0x36 Startup/startup_mk60d10.o
                0x000000000000c226                bss_init(unsigned int, unsigned int)
 .after_vectors.reset
                0x000000000000c25c       0xb4 Startup/startup_mk60d10.o
                0x000000000000c25c                ResetISR
 .after_vectors
                0x000000000000c310       0x3c Startup/startup_mk60d10.o
                0x000000000000c310                NMI_Handler
                0x000000000000c316                HardFault_Handler
                0x000000000000c31c                MemManage_Handler
                0x000000000000c322                BusFault_Handler
                0x000000000000c328                UsageFault_Handler
                0x000000000000c32e                SVC_Handler
                0x000000000000c334                DebugMon_Handler
                0x000000000000c33a                PendSV_Handler
                0x000000000000c340                SysTick_Handler
                0x000000000000c346                PIT2_DriverIRQHandler
                0x000000000000c346                SDHC_DriverIRQHandler
                0x000000000000c346                I2S0_Tx_DriverIRQHandler
                0x000000000000c346                TSI0_DriverIRQHandler
                0x000000000000c346                RTC_Seconds_DriverIRQHandler
                0x000000000000c346                Reserved109_DriverIRQHandler
                0x000000000000c346                DMA6_DriverIRQHandler
                0x000000000000c346                LLWU_DriverIRQHandler
                0x000000000000c346                MCM_DriverIRQHandler
                0x000000000000c346                MCG_DriverIRQHandler
                0x000000000000c346                ENET_1588_Timer_DriverIRQHandler
                0x000000000000c346                DAC1_DriverIRQHandler
                0x000000000000c346                CMP1_DriverIRQHandler
                0x000000000000c346                UART5_RX_TX_DriverIRQHandler
                0x000000000000c346                FTM0_DriverIRQHandler
                0x000000000000c346                IntDefaultHandler
                0x000000000000c346                USB0_DriverIRQHandler
                0x000000000000c346                UART5_ERR_DriverIRQHandler
                0x000000000000c346                DMA11_DriverIRQHandler
                0x000000000000c346                DAC0_DriverIRQHandler
                0x000000000000c346                DMA10_DriverIRQHandler
                0x000000000000c346                CMP2_DriverIRQHandler
                0x000000000000c346                UART2_ERR_DriverIRQHandler
                0x000000000000c346                SPI2_DriverIRQHandler
                0x000000000000c346                LVD_LVW_DriverIRQHandler
                0x000000000000c346                RNG_DriverIRQHandler
                0x000000000000c346                DMA5_DriverIRQHandler
                0x000000000000c346                DMA4_DriverIRQHandler
                0x000000000000c346                UART2_RX_TX_DriverIRQHandler
                0x000000000000c346                USBDCD_DriverIRQHandler
                0x000000000000c346                UART3_ERR_DriverIRQHandler
                0x000000000000c346                DMA3_DriverIRQHandler
                0x000000000000c346                DMA8_DriverIRQHandler
                0x000000000000c346                DMA9_DriverIRQHandler
                0x000000000000c346                UART0_ERR_DriverIRQHandler
                0x000000000000c346                CMT_DriverIRQHandler
                0x000000000000c346                ADC1_DriverIRQHandler
                0x000000000000c346                DMA14_DriverIRQHandler
                0x000000000000c346                PIT3_DriverIRQHandler
                0x000000000000c346                PIT1_DriverIRQHandler
                0x000000000000c346                WDOG_EWM_DriverIRQHandler
                0x000000000000c346                PDB0_DriverIRQHandler
                0x000000000000c346                Reserved95_DriverIRQHandler
                0x000000000000c346                RTC_DriverIRQHandler
                0x000000000000c346                I2S0_Rx_DriverIRQHandler
                0x000000000000c346                Read_Collision_DriverIRQHandler
                0x000000000000c346                SWI_DriverIRQHandler
                0x000000000000c346                UART4_RX_TX_DriverIRQHandler
                0x000000000000c346                UART4_ERR_DriverIRQHandler
                0x000000000000c346                UART0_LON_DriverIRQHandler
                0x000000000000c346                DMA1_DriverIRQHandler
                0x000000000000c346                I2C1_DriverIRQHandler
                0x000000000000c346                UART3_RX_TX_DriverIRQHandler
                0x000000000000c346                ENET_Receive_DriverIRQHandler
                0x000000000000c346                DMA13_DriverIRQHandler
                0x000000000000c346                ENET_Error_DriverIRQHandler
                0x000000000000c346                DMA15_DriverIRQHandler
                0x000000000000c346                SPI0_DriverIRQHandler
                0x000000000000c346                ADC0_DriverIRQHandler
                0x000000000000c346                FTFL_DriverIRQHandler
                0x000000000000c346                CMP0_DriverIRQHandler
                0x000000000000c346                CAN0_DriverIRQHandler
                0x000000000000c346                Reserved59_DriverIRQHandler
                0x000000000000c346                UART1_ERR_DriverIRQHandler
                0x000000000000c346                DMA2_DriverIRQHandler
                0x000000000000c346                ENET_Transmit_DriverIRQHandler
                0x000000000000c346                I2C0_DriverIRQHandler
                0x000000000000c346                CAN1_DriverIRQHandler
                0x000000000000c346                DMA7_DriverIRQHandler
                0x000000000000c346                UART1_RX_TX_DriverIRQHandler
                0x000000000000c346                Reserved108_DriverIRQHandler
                0x000000000000c346                Reserved102_DriverIRQHandler
                0x000000000000c346                DMA0_DriverIRQHandler
                0x000000000000c346                DMA12_DriverIRQHandler
                0x000000000000c346                SPI1_DriverIRQHandler
                0x000000000000c346                LPTMR0_DriverIRQHandler
                0x000000000000c346                DMA_Error_DriverIRQHandler
                0x000000000000c346                FTM1_DriverIRQHandler
                0x000000000000c346                FTM2_DriverIRQHandler
                0x0000000000000400                . = 0x400
 *fill*         0x000000000000c34c       0xb4 ff
                0x000000000000c400                PROVIDE (__FLASH_CONFIG_START__ = .)
 *(.FlashConfig)
 .FlashConfig   0x000000000000c400       0x10 Startup/startup_mk60d10.o
                0x000000000000c410                PROVIDE (__FLASH_CONFIG_END__ = .)
                0x0000000000000001                ASSERT (! ((__FLASH_CONFIG_START__ == __FLASH_CONFIG_END__)), Linker Flash Config Support Enabled, but no .FlashConfig section provided within application)

.eh_frame       0x000000000000c410        0x0
 .eh_frame      0x000000000000c410        0x0 /usr/local/gcc-arm-none-eabi/bin/../lib/gcc/arm-none-eabi/10.3.1/thumb/v7e-m/nofp/crtbegin.o

.glue_7         0x000000000000c410        0x0
 .glue_7        0x000000000000c410        0x0 linker stubs

.glue_7t        0x000000000000c410        0x0
 .glue_7t       0x000000000000c410        0x0 linker stubs

.vfp11_veneer   0x000000000000c410        0x0
 .vfp11_veneer  0x000000000000c410        0x0 linker stubs

.v4_bx          0x000000000000c410        0x0
 .v4_bx         0x000000000000c410        0x0 linker stubs

.iplt           0x000000000000c410        0x0
 .iplt          0x000000000000c410        0x0 /usr/local/gcc-arm-none-eabi/bin/../lib/gcc/arm-none-eabi/10.3.1/thumb/v7e-m/nofp/crtbegin.o

.text           0x000000000000c410     0x5bd0
 *(.text*)
 .text          0x000000000000c410       0x40 /usr/local/gcc-arm-none-eabi/bin/../lib/gcc/arm-none-eabi/10.3.1/thumb/v7e-m/nofp/crtbegin.o
 .text.main     0x000000000000c450       0x28 ../main.o
                0x000000000000c450                main
 .text._Z41__static_initialization_and_destruction_0ii
                0x000000000000c478       0x68 ../main.o
 .text._GLOBAL__sub_I_sensor1
                0x000000000000c4e0       0x10 ../main.o
 .text.PORTD_IRQHandler
                0x000000000000c4f0       0x50 Startup/startup_mk60d10.o
                0x000000000000c4f0                PORTD_IRQHandler
 .text._Z15InitPowerButtonv
                0x000000000000c540       0x60 Startup/startup_mk60d10.o
                0x000000000000c540                InitPowerButton()
 .text._ZL11pll_init_blv
                0x000000000000c5a0       0xe0 Startup/startup_mk60d10.o
 .text._Z14InitFEHProteusv
                0x000000000000c680       0xec Startup/startup_mk60d10.o
                0x000000000000c680                InitFEHProteus()
 .text.DMA0_IRQHandler
                0x000000000000c76c        0xc Startup/startup_mk60d10.o
                0x000000000000c76c                DMA0_IRQHandler
 .text.DMA1_IRQHandler
                0x000000000000c778        0xc Startup/startup_mk60d10.o
                0x000000000000c778                DMA1_IRQHandler
 .text.DMA2_IRQHandler
                0x000000000000c784        0xc Startup/startup_mk60d10.o
                0x000000000000c784                DMA2_IRQHandler
 .text.DMA3_IRQHandler
                0x000000000000c790        0xc Startup/startup_mk60d10.o
                0x000000000000c790                DMA3_IRQHandler
 .text.DMA4_IRQHandler
                0x000000000000c79c        0xc Startup/startup_mk60d10.o
                0x000000000000c79c                DMA4_IRQHandler
 .text.DMA5_IRQHandler
                0x000000000000c7a8        0xc Startup/startup_mk60d10.o
                0x000000000000c7a8                DMA5_IRQHandler
 .text.DMA6_IRQHandler
                0x000000000000c7b4        0xc Startup/startup_mk60d10.o
                0x000000000000c7b4                DMA6_IRQHandler
 .text.DMA7_IRQHandler
                0x000000000000c7c0        0xc Startup/startup_mk60d10.o
                0x000000000000c7c0                DMA7_IRQHandler
 .text.DMA8_IRQHandler
                0x000000000000c7cc        0xc Startup/startup_mk60d10.o
                0x000000000000c7cc                DMA8_IRQHandler
 .text.DMA9_IRQHandler
                0x000000000000c7d8        0xc Startup/startup_mk60d10.o
                0x000000000000c7d8                DMA9_IRQHandler
 .text.DMA10_IRQHandler
                0x000000000000c7e4        0xc Startup/startup_mk60d10.o
                0x000000000000c7e4                DMA10_IRQHandler
 .text.DMA11_IRQHandler
                0x000000000000c7f0        0xc Startup/startup_mk60d10.o
                0x000000000000c7f0                DMA11_IRQHandler
 .text.DMA12_IRQHandler
                0x000000000000c7fc        0xc Startup/startup_mk60d10.o
                0x000000000000c7fc                DMA12_IRQHandler
 .text.DMA13_IRQHandler
                0x000000000000c808        0xc Startup/startup_mk60d10.o
                0x000000000000c808                DMA13_IRQHandler
 .text.DMA14_IRQHandler
                0x000000000000c814        0xc Startup/startup_mk60d10.o
                0x000000000000c814                DMA14_IRQHandler
 .text.DMA15_IRQHandler
                0x000000000000c820        0xc Startup/startup_mk60d10.o
                0x000000000000c820                DMA15_IRQHandler
 .text.DMA_Error_IRQHandler
                0x000000000000c82c        0xc Startup/startup_mk60d10.o
                0x000000000000c82c                DMA_Error_IRQHandler
 .text.MCM_IRQHandler
                0x000000000000c838        0xc Startup/startup_mk60d10.o
                0x000000000000c838                MCM_IRQHandler
 .text.FTFL_IRQHandler
                0x000000000000c844        0xc Startup/startup_mk60d10.o
                0x000000000000c844                FTFL_IRQHandler
 .text.Read_Collision_IRQHandler
                0x000000000000c850        0xc Startup/startup_mk60d10.o
                0x000000000000c850                Read_Collision_IRQHandler
 .text.LVD_LVW_IRQHandler
                0x000000000000c85c        0xc Startup/startup_mk60d10.o
                0x000000000000c85c                LVD_LVW_IRQHandler
 .text.LLWU_IRQHandler
                0x000000000000c868        0xc Startup/startup_mk60d10.o
                0x000000000000c868                LLWU_IRQHandler
 .text.WDOG_EWM_IRQHandler
                0x000000000000c874        0xc Startup/startup_mk60d10.o
                0x000000000000c874                WDOG_EWM_IRQHandler
 .text.RNG_IRQHandler
                0x000000000000c880        0xc Startup/startup_mk60d10.o
                0x000000000000c880                RNG_IRQHandler
 .text.I2C0_IRQHandler
                0x000000000000c88c        0xc Startup/startup_mk60d10.o
                0x000000000000c88c                I2C0_IRQHandler
 .text.I2C1_IRQHandler
                0x000000000000c898        0xc Startup/startup_mk60d10.o
                0x000000000000c898                I2C1_IRQHandler
 .text.SPI0_IRQHandler
                0x000000000000c8a4        0xc Startup/startup_mk60d10.o
                0x000000000000c8a4                SPI0_IRQHandler
 .text.SPI1_IRQHandler
                0x000000000000c8b0        0xc Startup/startup_mk60d10.o
                0x000000000000c8b0                SPI1_IRQHandler
 .text.SPI2_IRQHandler
                0x000000000000c8bc        0xc Startup/startup_mk60d10.o
                0x000000000000c8bc                SPI2_IRQHandler
 .text.CAN0_ORed_Message_buffer_IRQHandler
                0x000000000000c8c8        0xc Startup/startup_mk60d10.o
                0x000000000000c8c8                CAN0_ORed_Message_buffer_IRQHandler
 .text.CAN0_Bus_Off_IRQHandler
                0x000000000000c8d4        0xc Startup/startup_mk60d10.o
                0x000000000000c8d4                CAN0_Bus_Off_IRQHandler
 .text.CAN0_Error_IRQHandler
                0x000000000000c8e0        0xc Startup/startup_mk60d10.o
                0x000000000000c8e0                CAN0_Error_IRQHandler
 .text.CAN0_Tx_Warning_IRQHandler
                0x000000000000c8ec        0xc Startup/startup_mk60d10.o
                0x000000000000c8ec                CAN0_Tx_Warning_IRQHandler
 .text.CAN0_Rx_Warning_IRQHandler
                0x000000000000c8f8        0xc Startup/startup_mk60d10.o
                0x000000000000c8f8                CAN0_Rx_Warning_IRQHandler
 .text.CAN0_Wake_Up_IRQHandler
                0x000000000000c904        0xc Startup/startup_mk60d10.o
                0x000000000000c904                CAN0_Wake_Up_IRQHandler
 .text.I2S0_Tx_IRQHandler
                0x000000000000c910        0xc Startup/startup_mk60d10.o
                0x000000000000c910                I2S0_Tx_IRQHandler
 .text.I2S0_Rx_IRQHandler
                0x000000000000c91c        0xc Startup/startup_mk60d10.o
                0x000000000000c91c                I2S0_Rx_IRQHandler
 .text.CAN1_ORed_Message_buffer_IRQHandler
                0x000000000000c928        0xc Startup/startup_mk60d10.o
                0x000000000000c928                CAN1_ORed_Message_buffer_IRQHandler
 .text.CAN1_Bus_Off_IRQHandler
                0x000000000000c934        0xc Startup/startup_mk60d10.o
                0x000000000000c934                CAN1_Bus_Off_IRQHandler
 .text.CAN1_Error_IRQHandler
                0x000000000000c940        0xc Startup/startup_mk60d10.o
                0x000000000000c940                CAN1_Error_IRQHandler
 .text.CAN1_Tx_Warning_IRQHandler
                0x000000000000c94c        0xc Startup/startup_mk60d10.o
                0x000000000000c94c                CAN1_Tx_Warning_IRQHandler
 .text.CAN1_Rx_Warning_IRQHandler
                0x000000000000c958        0xc Startup/startup_mk60d10.o
                0x000000000000c958                CAN1_Rx_Warning_IRQHandler
 .text.CAN1_Wake_Up_IRQHandler
                0x000000000000c964        0xc Startup/startup_mk60d10.o
                0x000000000000c964                CAN1_Wake_Up_IRQHandler
 .text.Reserved59_IRQHandler
                0x000000000000c970        0xc Startup/startup_mk60d10.o
                0x000000000000c970                Reserved59_IRQHandler
 .text.UART0_LON_IRQHandler
                0x000000000000c97c        0xc Startup/startup_mk60d10.o
                0x000000000000c97c                UART0_LON_IRQHandler
 .text.UART0_ERR_IRQHandler
                0x000000000000c988        0xc Startup/startup_mk60d10.o
                0x000000000000c988                UART0_ERR_IRQHandler
 .text.UART1_RX_TX_IRQHandler
                0x000000000000c994        0xc Startup/startup_mk60d10.o
                0x000000000000c994                UART1_RX_TX_IRQHandler
 .text.UART1_ERR_IRQHandler
                0x000000000000c9a0        0xc Startup/startup_mk60d10.o
                0x000000000000c9a0                UART1_ERR_IRQHandler
 .text.UART2_RX_TX_IRQHandler
                0x000000000000c9ac        0xc Startup/startup_mk60d10.o
                0x000000000000c9ac                UART2_RX_TX_IRQHandler
 .text.UART2_ERR_IRQHandler
                0x000000000000c9b8        0xc Startup/startup_mk60d10.o
                0x000000000000c9b8                UART2_ERR_IRQHandler
 .text.UART3_RX_TX_IRQHandler
                0x000000000000c9c4        0xc Startup/startup_mk60d10.o
                0x000000000000c9c4                UART3_RX_TX_IRQHandler
 .text.UART3_ERR_IRQHandler
                0x000000000000c9d0        0xc Startup/startup_mk60d10.o
                0x000000000000c9d0                UART3_ERR_IRQHandler
 .text.UART4_RX_TX_IRQHandler
                0x000000000000c9dc        0xc Startup/startup_mk60d10.o
                0x000000000000c9dc                UART4_RX_TX_IRQHandler
 .text.UART4_ERR_IRQHandler
                0x000000000000c9e8        0xc Startup/startup_mk60d10.o
                0x000000000000c9e8                UART4_ERR_IRQHandler
 .text.UART5_RX_TX_IRQHandler
                0x000000000000c9f4        0xc Startup/startup_mk60d10.o
                0x000000000000c9f4                UART5_RX_TX_IRQHandler
 .text.UART5_ERR_IRQHandler
                0x000000000000ca00        0xc Startup/startup_mk60d10.o
                0x000000000000ca00                UART5_ERR_IRQHandler
 .text.ADC0_IRQHandler
                0x000000000000ca0c        0xc Startup/startup_mk60d10.o
                0x000000000000ca0c                ADC0_IRQHandler
 .text.ADC1_IRQHandler
                0x000000000000ca18        0xc Startup/startup_mk60d10.o
                0x000000000000ca18                ADC1_IRQHandler
 .text.CMP0_IRQHandler
                0x000000000000ca24        0xc Startup/startup_mk60d10.o
                0x000000000000ca24                CMP0_IRQHandler
 .text.CMP1_IRQHandler
                0x000000000000ca30        0xc Startup/startup_mk60d10.o
                0x000000000000ca30                CMP1_IRQHandler
 .text.CMP2_IRQHandler
                0x000000000000ca3c        0xc Startup/startup_mk60d10.o
                0x000000000000ca3c                CMP2_IRQHandler
 .text.FTM0_IRQHandler
                0x000000000000ca48        0xc Startup/startup_mk60d10.o
                0x000000000000ca48                FTM0_IRQHandler
 .text.FTM1_IRQHandler
                0x000000000000ca54        0xc Startup/startup_mk60d10.o
                0x000000000000ca54                FTM1_IRQHandler
 .text.FTM2_IRQHandler
                0x000000000000ca60        0xc Startup/startup_mk60d10.o
                0x000000000000ca60                FTM2_IRQHandler
 .text.CMT_IRQHandler
                0x000000000000ca6c        0xc Startup/startup_mk60d10.o
                0x000000000000ca6c                CMT_IRQHandler
 .text.RTC_IRQHandler
                0x000000000000ca78        0xc Startup/startup_mk60d10.o
                0x000000000000ca78                RTC_IRQHandler
 .text.RTC_Seconds_IRQHandler
                0x000000000000ca84        0xc Startup/startup_mk60d10.o
                0x000000000000ca84                RTC_Seconds_IRQHandler
 .text.PIT1_IRQHandler
                0x000000000000ca90        0xc Startup/startup_mk60d10.o
                0x000000000000ca90                PIT1_IRQHandler
 .text.PIT2_IRQHandler
                0x000000000000ca9c        0xc Startup/startup_mk60d10.o
                0x000000000000ca9c                PIT2_IRQHandler
 .text.PIT3_IRQHandler
                0x000000000000caa8        0xc Startup/startup_mk60d10.o
                0x000000000000caa8                PIT3_IRQHandler
 .text.PDB0_IRQHandler
                0x000000000000cab4        0xc Startup/startup_mk60d10.o
                0x000000000000cab4                PDB0_IRQHandler
 .text.USB0_IRQHandler
                0x000000000000cac0        0xc Startup/startup_mk60d10.o
                0x000000000000cac0                USB0_IRQHandler
 .text.USBDCD_IRQHandler
                0x000000000000cacc        0xc Startup/startup_mk60d10.o
                0x000000000000cacc                USBDCD_IRQHandler
 .text.ENET_1588_Timer_IRQHandler
                0x000000000000cad8        0xc Startup/startup_mk60d10.o
                0x000000000000cad8                ENET_1588_Timer_IRQHandler
 .text.ENET_Transmit_IRQHandler
                0x000000000000cae4        0xc Startup/startup_mk60d10.o
                0x000000000000cae4                ENET_Transmit_IRQHandler
 .text.ENET_Receive_IRQHandler
                0x000000000000caf0        0xc Startup/startup_mk60d10.o
                0x000000000000caf0                ENET_Receive_IRQHandler
 .text.ENET_Error_IRQHandler
                0x000000000000cafc        0xc Startup/startup_mk60d10.o
                0x000000000000cafc                ENET_Error_IRQHandler
 .text.Reserved95_IRQHandler
                0x000000000000cb08        0xc Startup/startup_mk60d10.o
                0x000000000000cb08                Reserved95_IRQHandler
 .text.SDHC_IRQHandler
                0x000000000000cb14        0xc Startup/startup_mk60d10.o
                0x000000000000cb14                SDHC_IRQHandler
 .text.DAC0_IRQHandler
                0x000000000000cb20        0xc Startup/startup_mk60d10.o
                0x000000000000cb20                DAC0_IRQHandler
 .text.DAC1_IRQHandler
                0x000000000000cb2c        0xc Startup/startup_mk60d10.o
                0x000000000000cb2c                DAC1_IRQHandler
 .text.TSI0_IRQHandler
                0x000000000000cb38        0xc Startup/startup_mk60d10.o
                0x000000000000cb38                TSI0_IRQHandler
 .text.MCG_IRQHandler
                0x000000000000cb44        0xc Startup/startup_mk60d10.o
                0x000000000000cb44                MCG_IRQHandler
 .text.LPTMR0_IRQHandler
                0x000000000000cb50        0xc Startup/startup_mk60d10.o
                0x000000000000cb50                LPTMR0_IRQHandler
 .text.Reserved102_IRQHandler
                0x000000000000cb5c        0xc Startup/startup_mk60d10.o
                0x000000000000cb5c                Reserved102_IRQHandler
 .text.Reserved108_IRQHandler
                0x000000000000cb68        0xc Startup/startup_mk60d10.o
                0x000000000000cb68                Reserved108_IRQHandler
 .text.Reserved109_IRQHandler
                0x000000000000cb74        0xc Startup/startup_mk60d10.o
                0x000000000000cb74                Reserved109_IRQHandler
 .text.SWI_IRQHandler
                0x000000000000cb80        0xc Startup/startup_mk60d10.o
                0x000000000000cb80                SWI_IRQHandler
 *fill*         0x000000000000cb8c        0x4 
 .text._ZN8FEHMotorC2ENS_12FEHMotorPortEf
                0x000000000000cb90       0x7c Libraries/FEHMotor.o
                0x000000000000cb90                FEHMotor::FEHMotor(FEHMotor::FEHMotorPort, float)
                0x000000000000cb90                FEHMotor::FEHMotor(FEHMotor::FEHMotorPort, float)
 .text._Z21IIC_StartTransmissionhh
                0x000000000000cc0c       0x6c Drivers/i2c.o
                0x000000000000cc0c                IIC_StartTransmission(unsigned char, unsigned char)
 .text._Z5Pausev
                0x000000000000cc78       0x24 Drivers/i2c.o
                0x000000000000cc78                Pause()
 .text._Z21MMA8451QWriteRegisterhh
                0x000000000000cc9c       0x68 Drivers/i2c.o
                0x000000000000cc9c                MMA8451QWriteRegister(unsigned char, unsigned char)
 .text._Z8i2c_Waitv
                0x000000000000cd04       0x6c Drivers/i2c.o
                0x000000000000cd04                i2c_Wait()
 .text._Z12SPI_SendCharh
                0x000000000000cd70       0x1a Drivers/spi.o
                0x000000000000cd70                SPI_SendChar(unsigned char)
 .text._Z16SPI_WriteCommandhh
                0x000000000000cd8a       0x34 Drivers/spi.o
                0x000000000000cd8a                SPI_WriteCommand(unsigned char, unsigned char)
 *fill*         0x000000000000cdbe        0x2 
 .text._Z13SPI_CS_Assertv
                0x000000000000cdc0       0x1c Drivers/spi.o
                0x000000000000cdc0                SPI_CS_Assert()
 .text._Z15SPI_CS_Deassertv
                0x000000000000cddc       0x1c Drivers/spi.o
                0x000000000000cddc                SPI_CS_Deassert()
 .text._Z12SPI_Transferh
                0x000000000000cdf8       0x6c Drivers/spi.o
                0x000000000000cdf8                SPI_Transfer(unsigned char)
 *fill*         0x000000000000ce64        0x4 
 .text._Z8SPI_Initv
                0x000000000000ce68       0xa0 Drivers/spi.o
                0x000000000000ce68                SPI_Init()
 .text._Z9uart_initPV11UART_MemMapii
                0x000000000000cf08      0x174 Drivers/uart.o
                0x000000000000cf08                uart_init(UART_MemMap volatile*, int, int)
 .text._Z12uart_getcharPV11UART_MemMap
                0x000000000000d07c       0x32 Drivers/uart.o
                0x000000000000d07c                uart_getchar(UART_MemMap volatile*)
 .text._ZL7mem_setPvij
                0x000000000000d0ae       0x3c Drivers/ff.o
 .text._ZL11move_windowP5FATFSm
                0x000000000000d0ea       0xc8 Drivers/ff.o
 .text._ZL4syncP5FATFS
                0x000000000000d1b2      0x14c Drivers/ff.o
 .text._ZL8validateP5FATFSt
                0x000000000000d2fe       0x54 Drivers/ff.o
 .text._Z6f_syncP3FIL
                0x000000000000d352      0x186 Drivers/ff.o
                0x000000000000d352                f_sync(FIL*)
 .text._Z7f_closeP3FIL
                0x000000000000d4d8       0x28 Drivers/ff.o
                0x000000000000d4d8                f_close(FIL*)
 .text._ZL17SDHC_set_baudratemm
                0x000000000000d500       0xe8 Drivers/SDHC.o
 .text._Z9SDHC_initP17esdhc_info_structPK17esdhc_init_struct
                0x000000000000d5e8      0x130 Drivers/SDHC.o
                0x000000000000d5e8                SDHC_init(esdhc_info_struct*, esdhc_init_struct const*)
 .text._ZL15SDHC_is_runningv
                0x000000000000d718       0x24 Drivers/SDHC.o
 .text._ZL16SDHC_status_waitm
                0x000000000000d73c       0x2c Drivers/SDHC.o
 .text._ZL17SDHC_send_commandP20esdhc_command_struct
                0x000000000000d768      0x1f8 Drivers/SDHC.o
 .text._Z10SDHC_ioctlmPv
                0x000000000000d960      0x6f0 Drivers/SDHC.o
                0x000000000000d960                SDHC_ioctl(unsigned long, void*)
 .text._ZL14rcvr_datablockPhm
                0x000000000000e050       0xf0 Drivers/SDHC.o
 .text._Z9disk_readhPhmh
                0x000000000000e140      0x124 Drivers/SDHC.o
                0x000000000000e140                disk_read(unsigned char, unsigned char*, unsigned long, unsigned char)
 .text._ZL14xmit_datablockPKhm
                0x000000000000e264       0xa4 Drivers/SDHC.o
 .text._Z10disk_writehPKhmh
                0x000000000000e308      0x198 Drivers/SDHC.o
                0x000000000000e308                disk_write(unsigned char, unsigned char const*, unsigned long, unsigned char)
 .text._Z10disk_ioctlhhPv
                0x000000000000e4a0      0x104 Drivers/SDHC.o
                0x000000000000e4a0                disk_ioctl(unsigned char, unsigned char, void*)
 .text._Z11disk_statush
                0x000000000000e5a4       0x28 Drivers/SDHC.o
                0x000000000000e5a4                disk_status(unsigned char)
 .text._Z13time_delay_msm
                0x000000000000e5cc       0x6c Drivers/lptmr.o
                0x000000000000e5cc                time_delay_ms(unsigned long)
 .text._Z41__static_initialization_and_destruction_0ii
                0x000000000000e638       0x2c FEHProteus.o
 .text._GLOBAL__sub_I_Propeller
                0x000000000000e664       0x10 FEHProteus.o
 .text._ZN12FEHPropellerC2Ev
                0x000000000000e674       0x1a Drivers/FEHPropeller.o
                0x000000000000e674                FEHPropeller::FEHPropeller()
                0x000000000000e674                FEHPropeller::FEHPropeller()
 *fill*         0x000000000000e68e        0x2 
 .text._ZN12FEHPropeller10InitializeEv
                0x000000000000e690       0x74 Drivers/FEHPropeller.o
                0x000000000000e690                FEHPropeller::Initialize()
 .text._ZL5Delaymjj
                0x000000000000e704       0x94 Libraries/FEHUtility.o
 .text._Z5Sleepi
                0x000000000000e798       0x2c Libraries/FEHUtility.o
                0x000000000000e798                Sleep(int)
 .text._Z5Sleepd
                0x000000000000e7c4       0x4c Libraries/FEHUtility.o
                0x000000000000e7c4                Sleep(double)
 .text._Z16PORTB_IRQHandlerv
                0x000000000000e810       0x9c Libraries/FEHIO.o
                0x000000000000e810                PORTB_IRQHandler()
 .text._Z16PORTC_IRQHandlerv
                0x000000000000e8ac       0x9c Libraries/FEHIO.o
                0x000000000000e8ac                PORTC_IRQHandler()
 .text._Z16PORTA_IRQHandlerv
                0x000000000000e948       0xa0 Libraries/FEHIO.o
                0x000000000000e948                PORTA_IRQHandler()
 .text._Z16PORTE_IRQHandlerv
                0x000000000000e9e8       0x98 Libraries/FEHIO.o
                0x000000000000e9e8                PORTE_IRQHandler()
 .text._ZN14AnalogInputPinC2EN5FEHIO8FEHIOPinE
                0x000000000000ea80       0x1e Libraries/FEHIO.o
                0x000000000000ea80                AnalogInputPin::AnalogInputPin(FEHIO::FEHIOPin)
                0x000000000000ea80                AnalogInputPin::AnalogInputPin(FEHIO::FEHIOPin)
 *fill*         0x000000000000ea9e        0x2 
 .text._ZN13AnalogEncoder12EncoderValueEv
                0x000000000000eaa0       0xb0 Libraries/FEHIO.o
                0x000000000000eaa0                AnalogEncoder::EncoderValue()
 .text._ZN14AnalogInputPin8InitADCsEv
                0x000000000000eb50       0x98 Libraries/FEHIO.o
                0x000000000000eb50                AnalogInputPin::InitADCs()
 .text._Z15PIT0_IRQHandlerv
                0x000000000000ebe8       0x28 Libraries/FEHIO.o
                0x000000000000ebe8                PIT0_IRQHandler()
 .text._ZN13AnalogEncoder4InitEv
                0x000000000000ec10       0x44 Libraries/FEHIO.o
                0x000000000000ec10                AnalogEncoder::Init()
 .text._ZN13AnalogEncoder14SetCounterInitEj
                0x000000000000ec54       0x20 Libraries/FEHIO.o
                0x000000000000ec54                AnalogEncoder::SetCounterInit(unsigned int)
 .text._ZN13AnalogEncoder10ProcessIntEv
                0x000000000000ec74       0x68 Libraries/FEHIO.o
                0x000000000000ec74                AnalogEncoder::ProcessInt()
 .text._ZN13AnalogEncoder14ProcessIntSelfEv
                0x000000000000ecdc       0x6e Libraries/FEHIO.o
                0x000000000000ecdc                AnalogEncoder::ProcessIntSelf()
 .text._Z7ADC_CalPV10ADC_MemMap
                0x000000000000ed4a      0x13e Drivers/adc16.o
                0x000000000000ed4a                ADC_Cal(ADC_MemMap volatile*)
 .text._Z14ADC_Config_AltPV10ADC_MemMapP7adc_cfg
                0x000000000000ee88       0x6c Drivers/adc16.o
                0x000000000000ee88                ADC_Config_Alt(ADC_MemMap volatile*, adc_cfg*)
 .text._ZN9FEHBuzzerC2Ev
                0x000000000000eef4       0x14 Libraries/FEHBuzzer.o
                0x000000000000eef4                FEHBuzzer::FEHBuzzer()
                0x000000000000eef4                FEHBuzzer::FEHBuzzer()
 .text._Z41__static_initialization_and_destruction_0ii
                0x000000000000ef08       0x2c Libraries/FEHBuzzer.o
 .text._GLOBAL__sub_I_Buzzer
                0x000000000000ef34       0x10 Libraries/FEHBuzzer.o
 .text._ZN6FEHLCD11_InitializeEv
                0x000000000000ef44      0x410 Libraries/FEHLCD.o
                0x000000000000ef44                FEHLCD::_Initialize()
 .text._ZN6FEHLCDC2Ev
                0x000000000000f354       0x50 Libraries/FEHLCD.o
                0x000000000000f354                FEHLCD::FEHLCD()
                0x000000000000f354                FEHLCD::FEHLCD()
 .text._ZN6FEHLCD10InitializeEv
                0x000000000000f3a4       0x28 Libraries/FEHLCD.o
                0x000000000000f3a4                FEHLCD::Initialize()
 .text._ZN6FEHLCD10PrintImageEii
                0x000000000000f3cc       0xbc Libraries/FEHLCD.o
                0x000000000000f3cc                FEHLCD::PrintImage(int, int)
 .text._ZN6FEHLCD9PrintLogoEii
                0x000000000000f488       0xbc Libraries/FEHLCD.o
                0x000000000000f488                FEHLCD::PrintLogo(int, int)
 .text._ZN6FEHLCD22ConvertFEHColorTo24BitENS_11FEHLCDColorE
                0x000000000000f544       0x78 Libraries/FEHLCD.o
                0x000000000000f544                FEHLCD::ConvertFEHColorTo24Bit(FEHLCD::FEHLCDColor)
 .text._ZN6FEHLCD24Convert24BitColorTo16BitEj
                0x000000000000f5bc       0x30 Libraries/FEHLCD.o
                0x000000000000f5bc                FEHLCD::Convert24BitColorTo16Bit(unsigned int)
 .text._ZN6FEHLCD22ConvertRGBColorTo16BitEhhh
                0x000000000000f5ec       0x4a Libraries/FEHLCD.o
                0x000000000000f5ec                FEHLCD::ConvertRGBColorTo16Bit(unsigned char, unsigned char, unsigned char)
 .text._ZN6FEHLCD5ClearENS_11FEHLCDColorE
                0x000000000000f636       0x28 Libraries/FEHLCD.o
                0x000000000000f636                FEHLCD::Clear(FEHLCD::FEHLCDColor)
 .text._ZN6FEHLCD5ClearEj
                0x000000000000f65e       0x2c Libraries/FEHLCD.o
                0x000000000000f65e                FEHLCD::Clear(unsigned int)
 .text._ZN6FEHLCD18SetBackgroundColorENS_11FEHLCDColorE
                0x000000000000f68a       0x28 Libraries/FEHLCD.o
                0x000000000000f68a                FEHLCD::SetBackgroundColor(FEHLCD::FEHLCDColor)
 .text._ZN6FEHLCD18SetBackgroundColorEj
                0x000000000000f6b2       0x26 Libraries/FEHLCD.o
                0x000000000000f6b2                FEHLCD::SetBackgroundColor(unsigned int)
 .text._ZN6FEHLCD12SetFontColorENS_11FEHLCDColorE
                0x000000000000f6d8       0x28 Libraries/FEHLCD.o
                0x000000000000f6d8                FEHLCD::SetFontColor(FEHLCD::FEHLCDColor)
 .text._ZN6FEHLCD12SetFontColorEj
                0x000000000000f700       0x26 Libraries/FEHLCD.o
                0x000000000000f700                FEHLCD::SetFontColor(unsigned int)
 .text._ZN6FEHLCD7WriteAtEPKcii
                0x000000000000f726       0x46 Libraries/FEHLCD.o
                0x000000000000f726                FEHLCD::WriteAt(char const*, int, int)
 .text._ZN6FEHLCD11TS_SPI_InitEv
                0x000000000000f76c       0x7c Libraries/FEHLCD.o
                0x000000000000f76c                FEHLCD::TS_SPI_Init()
 .text._ZN6FEHLCD5WriteEPKc
                0x000000000000f7e8       0x4e Libraries/FEHLCD.o
                0x000000000000f7e8                FEHLCD::Write(char const*)
 .text._ZN6FEHLCD9WriteLineEPKc
                0x000000000000f836       0x26 Libraries/FEHLCD.o
                0x000000000000f836                FEHLCD::WriteLine(char const*)
 .text._ZN6FEHLCD10WriteIndexEh
                0x000000000000f85c      0x14c Libraries/FEHLCD.o
                0x000000000000f85c                FEHLCD::WriteIndex(unsigned char)
 .text._ZN6FEHLCD14WriteParameterEh
                0x000000000000f9a8      0x130 Libraries/FEHLCD.o
                0x000000000000f9a8                FEHLCD::WriteParameter(unsigned char)
 .text._ZN6FEHLCD6_ClearEv
                0x000000000000fad8      0x15c Libraries/FEHLCD.o
                0x000000000000fad8                FEHLCD::_Clear()
 .text._ZN6FEHLCD8NextLineEv
                0x000000000000fc34       0x2a Libraries/FEHLCD.o
                0x000000000000fc34                FEHLCD::NextLine()
 .text._ZN6FEHLCD9CheckLineEv
                0x000000000000fc5e       0x28 Libraries/FEHLCD.o
                0x000000000000fc5e                FEHLCD::CheckLine()
 .text._ZN6FEHLCD8NextCharEv
                0x000000000000fc86       0x32 Libraries/FEHLCD.o
                0x000000000000fc86                FEHLCD::NextChar()
 .text._ZN6FEHLCD13SetDrawRegionEiiii
                0x000000000000fcb8       0xfe Libraries/FEHLCD.o
                0x000000000000fcb8                FEHLCD::SetDrawRegion(int, int, int, int)
 .text._ZN6FEHLCD9WriteCharEiic
                0x000000000000fdb6       0x34 Libraries/FEHLCD.o
                0x000000000000fdb6                FEHLCD::WriteChar(int, int, char)
 *fill*         0x000000000000fdea        0x2 
 .text._ZN6FEHLCD11WriteCharAtEiic
                0x000000000000fdec      0x214 Libraries/FEHLCD.o
                0x000000000000fdec                FEHLCD::WriteCharAt(int, int, char)
 .text._ZN6FEHLCD11RepeatColorEv
                0x0000000000010000       0x70 Libraries/FEHLCD.o
                0x0000000000010000                FEHLCD::RepeatColor()
 .text._ZN6FEHLCD10_ForePixelEv
                0x0000000000010070       0xc4 Libraries/FEHLCD.o
                0x0000000000010070                FEHLCD::_ForePixel()
 .text._ZN6FEHLCD10_BackPixelEv
                0x0000000000010134       0xc4 Libraries/FEHLCD.o
                0x0000000000010134                FEHLCD::_BackPixel()
 .text._ZN6FEHLCD22SetRegisterColorValuesEv
                0x00000000000101f8      0x336 Libraries/FEHLCD.o
                0x00000000000101f8                FEHLCD::SetRegisterColorValues()
 *fill*         0x000000000001052e        0x2 
 .text._Z41__static_initialization_and_destruction_0ii
                0x0000000000010530       0x2c Libraries/FEHLCD.o
 .text._GLOBAL__sub_I_image
                0x000000000001055c       0x10 Libraries/FEHLCD.o
 .text._ZN8FEHAccelC2Ev
                0x000000000001056c       0x70 Libraries/FEHAccel.o
                0x000000000001056c                FEHAccel::FEHAccel()
                0x000000000001056c                FEHAccel::FEHAccel()
 .text._Z41__static_initialization_and_destruction_0ii
                0x00000000000105dc       0x2c Libraries/FEHAccel.o
 .text._GLOBAL__sub_I_Accel
                0x0000000000010608       0x10 Libraries/FEHAccel.o
 .text._ZN10FEHBatteryC2EN5FEHIO8FEHIOPinE
                0x0000000000010618       0x22 Libraries/FEHBattery.o
                0x0000000000010618                FEHBattery::FEHBattery(FEHIO::FEHIOPin)
                0x0000000000010618                FEHBattery::FEHBattery(FEHIO::FEHIOPin)
 *fill*         0x000000000001063a        0x2 
 .text._Z41__static_initialization_and_destruction_0ii
                0x000000000001063c       0x30 Libraries/FEHBattery.o
 .text._GLOBAL__sub_I_Battery
                0x000000000001066c       0x10 Libraries/FEHBattery.o
 .text._ZN7FEHXBeeC2Ev
                0x000000000001067c       0x1a Drivers/FEHXBee.o
                0x000000000001067c                FEHXBee::FEHXBee()
                0x000000000001067c                FEHXBee::FEHXBee()
 *fill*         0x0000000000010696        0x2 
 .text._ZN7FEHXBee17SetPacketCallBackEPFvPhhE
                0x0000000000010698       0x20 Drivers/FEHXBee.o
                0x0000000000010698                FEHXBee::SetPacketCallBack(void (*)(unsigned char*, unsigned char))
 .text._Z22UART0_RX_TX_IRQHandlerv
                0x00000000000106b8       0xec Drivers/FEHXBee.o
                0x00000000000106b8                UART0_RX_TX_IRQHandler()
 .text._ZN6FEHRCSC2Ev
                0x00000000000107a4       0x74 Libraries/FEHRCS.o
                0x00000000000107a4                FEHRCS::FEHRCS()
                0x00000000000107a4                FEHRCS::FEHRCS()
 .text._Z14RCSDataProcessPhh
                0x0000000000010818       0xa0 Libraries/FEHRCS.o
                0x0000000000010818                RCSDataProcess(unsigned char*, unsigned char)
 .text._Z41__static_initialization_and_destruction_0ii
                0x00000000000108b8       0x2c Libraries/FEHRCS.o
 .text._GLOBAL__sub_I_RCS
                0x00000000000108e4       0x10 Libraries/FEHRCS.o
 .text._ZN5FEHSDC2Ev
                0x00000000000108f4       0x24 Libraries/FEHSD.o
                0x00000000000108f4                FEHSD::FEHSD()
                0x00000000000108f4                FEHSD::FEHSD()
 .text._ZN5FEHSD9FCloseAllEv
                0x0000000000010918       0x6c Libraries/FEHSD.o
                0x0000000000010918                FEHSD::FCloseAll()
 .text._Z41__static_initialization_and_destruction_0ii
                0x0000000000010984       0x2c Libraries/FEHSD.o
 .text._GLOBAL__sub_I_SD
                0x00000000000109b0       0x10 Libraries/FEHSD.o
 .text._ZN9FEHRandom10InitializeEv
                0x00000000000109c0       0x3c Libraries/FEHRandom.o
                0x00000000000109c0                FEHRandom::Initialize()
 .text.startup._GLOBAL__sub_I__ZN9__gnu_cxx9__freeresEv
                0x00000000000109fc       0x28 /usr/local/gcc-arm-none-eabi/bin/../lib/gcc/arm-none-eabi/10.3.1/../../../../arm-none-eabi/lib/thumb/v7e-m/nofp/libstdc++.a(eh_alloc.o)
 .text          0x0000000000010a24      0x378 /usr/local/gcc-arm-none-eabi/bin/../lib/gcc/arm-none-eabi/10.3.1/thumb/v7e-m/nofp/libgcc.a(_arm_addsubdf3.o)
                0x0000000000010a24                __aeabi_drsub
                0x0000000000010a2c                __subdf3
                0x0000000000010a2c                __aeabi_dsub
                0x0000000000010a30                __aeabi_dadd
                0x0000000000010a30                __adddf3
                0x0000000000010ca8                __aeabi_ui2d
                0x0000000000010ca8                __floatunsidf
                0x0000000000010cc8                __floatsidf
                0x0000000000010cc8                __aeabi_i2d
                0x0000000000010cec                __extendsfdf2
                0x0000000000010cec                __aeabi_f2d
                0x0000000000010d30                __aeabi_ul2d
                0x0000000000010d30                __floatundidf
                0x0000000000010d40                __aeabi_l2d
                0x0000000000010d40                __floatdidf
 .text          0x0000000000010d9c      0x424 /usr/local/gcc-arm-none-eabi/bin/../lib/gcc/arm-none-eabi/10.3.1/thumb/v7e-m/nofp/libgcc.a(_arm_muldivdf3.o)
                0x0000000000010d9c                __aeabi_dmul
                0x0000000000010d9c                __muldf3
                0x0000000000010ff0                __aeabi_ddiv
                0x0000000000010ff0                __divdf3
 .text          0x00000000000111c0       0x40 /usr/local/gcc-arm-none-eabi/bin/../lib/gcc/arm-none-eabi/10.3.1/thumb/v7e-m/nofp/libgcc.a(_arm_fixunsdfsi.o)
                0x00000000000111c0                __fixunsdfsi
                0x00000000000111c0                __aeabi_d2uiz
 .text          0x0000000000011200       0xa0 /usr/local/gcc-arm-none-eabi/bin/../lib/gcc/arm-none-eabi/10.3.1/thumb/v7e-m/nofp/libgcc.a(_arm_truncdfsf2.o)
                0x0000000000011200                __aeabi_d2f
                0x0000000000011200                __truncdfsf2
 .text          0x00000000000112a0       0xec /usr/local/gcc-arm-none-eabi/bin/../lib/gcc/arm-none-eabi/10.3.1/thumb/v7e-m/nofp/libgcc.a(_arm_cmpsf2.o)
                0x00000000000112a0                __gesf2
                0x00000000000112a0                __gtsf2
                0x00000000000112a8                __ltsf2
                0x00000000000112a8                __lesf2
                0x00000000000112b0                __nesf2
                0x00000000000112b0                __eqsf2
                0x00000000000112b0                __cmpsf2
                0x0000000000011310                __aeabi_cfrcmple
                0x0000000000011318                __aeabi_cfcmpeq
                0x0000000000011318                __aeabi_cfcmple
                0x0000000000011328                __aeabi_fcmpeq
                0x000000000001133c                __aeabi_fcmplt
                0x0000000000011350                __aeabi_fcmple
                0x0000000000011364                __aeabi_fcmpge
                0x0000000000011378                __aeabi_fcmpgt
 .text.__libc_init_array
                0x000000000001138c       0x48 /usr/local/gcc-arm-none-eabi/bin/../lib/gcc/arm-none-eabi/10.3.1/../../../../arm-none-eabi/lib/thumb/v7e-m/nofp/libg.a(lib_a-init.o)
                0x000000000001138c                __libc_init_array
 .text.__retarget_lock_acquire_recursive
                0x00000000000113d4        0x4 /usr/local/gcc-arm-none-eabi/bin/../lib/gcc/arm-none-eabi/10.3.1/../../../../arm-none-eabi/lib/thumb/v7e-m/nofp/libg.a(lib_a-lock.o)
                0x00000000000113d4                __retarget_lock_acquire_recursive
 .text.__retarget_lock_release_recursive
                0x00000000000113d8        0x4 /usr/local/gcc-arm-none-eabi/bin/../lib/gcc/arm-none-eabi/10.3.1/../../../../arm-none-eabi/lib/thumb/v7e-m/nofp/libg.a(lib_a-lock.o)
                0x00000000000113d8                __retarget_lock_release_recursive
 .text.malloc   0x00000000000113dc       0x10 /usr/local/gcc-arm-none-eabi/bin/../lib/gcc/arm-none-eabi/10.3.1/../../../../arm-none-eabi/lib/thumb/v7e-m/nofp/libg.a(lib_a-malloc.o)
                0x00000000000113dc                malloc
 .text._malloc_r
                0x00000000000113ec      0x560 /usr/local/gcc-arm-none-eabi/bin/../lib/gcc/arm-none-eabi/10.3.1/../../../../arm-none-eabi/lib/thumb/v7e-m/nofp/libg.a(lib_a-mallocr.o)
                0x00000000000113ec                _malloc_r
 .text.__malloc_lock
                0x000000000001194c        0xc /usr/local/gcc-arm-none-eabi/bin/../lib/gcc/arm-none-eabi/10.3.1/../../../../arm-none-eabi/lib/thumb/v7e-m/nofp/libg.a(lib_a-mlock.o)
                0x000000000001194c                __malloc_lock
 .text.__malloc_unlock
                0x0000000000011958        0xc /usr/local/gcc-arm-none-eabi/bin/../lib/gcc/arm-none-eabi/10.3.1/../../../../arm-none-eabi/lib/thumb/v7e-m/nofp/libg.a(lib_a-mlock.o)
                0x0000000000011958                __malloc_unlock
 .text._sbrk_r  0x0000000000011964       0x24 /usr/local/gcc-arm-none-eabi/bin/../lib/gcc/arm-none-eabi/10.3.1/../../../../arm-none-eabi/lib/thumb/v7e-m/nofp/libg.a(lib_a-sbrkr.o)
                0x0000000000011964                _sbrk_r
 .text.startup.register_fini
                0x0000000000011988       0x14 /usr/local/gcc-arm-none-eabi/bin/../lib/gcc/arm-none-eabi/10.3.1/../../../../arm-none-eabi/lib/thumb/v7e-m/nofp/libg.a(lib_a-__call_atexit.o)
 .text.atexit   0x000000000001199c        0xc /usr/local/gcc-arm-none-eabi/bin/../lib/gcc/arm-none-eabi/10.3.1/../../../../arm-none-eabi/lib/thumb/v7e-m/nofp/libg.a(lib_a-atexit.o)
                0x000000000001199c                atexit
 .text.__libc_fini_array
                0x00000000000119a8       0x2c /usr/local/gcc-arm-none-eabi/bin/../lib/gcc/arm-none-eabi/10.3.1/../../../../arm-none-eabi/lib/thumb/v7e-m/nofp/libg.a(lib_a-fini.o)
                0x00000000000119a8                __libc_fini_array
 .text._malloc_trim_r
                0x00000000000119d4       0xa0 /usr/local/gcc-arm-none-eabi/bin/../lib/gcc/arm-none-eabi/10.3.1/../../../../arm-none-eabi/lib/thumb/v7e-m/nofp/libg.a(lib_a-freer.o)
                0x00000000000119d4                _malloc_trim_r
 .text._free_r  0x0000000000011a74      0x20c /usr/local/gcc-arm-none-eabi/bin/../lib/gcc/arm-none-eabi/10.3.1/../../../../arm-none-eabi/lib/thumb/v7e-m/nofp/libg.a(lib_a-freer.o)
                0x0000000000011a74                _free_r
 .text.__register_exitproc
                0x0000000000011c80       0x8c /usr/local/gcc-arm-none-eabi/bin/../lib/gcc/arm-none-eabi/10.3.1/../../../../arm-none-eabi/lib/thumb/v7e-m/nofp/libg.a(lib_a-__atexit.o)
                0x0000000000011c80                __register_exitproc
 .text._sbrk    0x0000000000011d0c       0x1c /usr/local/gcc-arm-none-eabi/bin/../lib/gcc/arm-none-eabi/10.3.1/../../../../arm-none-eabi/lib/thumb/v7e-m/nofp/libnosys.a(sbrk.o)
                0x0000000000011d0c                _sbrk
 *(.rodata .rodata.* .constdata .constdata.*)
 .rodata        0x0000000000011d28        0xe ../main.o
 *fill*         0x0000000000011d36        0x2 
 .rodata.K60_SDHC0_init
                0x0000000000011d38        0xc Drivers/SDHC.o
                0x0000000000011d38                K60_SDHC0_init
 .rodata._ZL21ESDHC_COMMAND_XFERTYP
                0x0000000000011d44      0x100 Drivers/SDHC.o
 .rodata._ZL10ADCNumbers
                0x0000000000011e44       0x21 Libraries/FEHIO.o
 *fill*         0x0000000000011e65        0x3 
 .rodata._ZL16AnalogPinNumbers
                0x0000000000011e68       0x84 Libraries/FEHIO.o
 .rodata        0x0000000000011eec       0x78 Libraries/FEHIO.o
 .rodata        0x0000000000011f64       0x32 Libraries/FEHLCD.o
 *fill*         0x0000000000011f96        0x2 
 .rodata._global_impure_ptr
                0x0000000000011f98        0x4 /usr/local/gcc-arm-none-eabi/bin/../lib/gcc/arm-none-eabi/10.3.1/../../../../arm-none-eabi/lib/thumb/v7e-m/nofp/libg.a(lib_a-impure.o)
                0x0000000000011f98                _global_impure_ptr
                0x0000000000011f9c                . = ALIGN (0x4)
                0x0000000000011f9c                . = ALIGN (0x4)
 *(.init)
 .init          0x0000000000011f9c        0x4 /usr/local/gcc-arm-none-eabi/bin/../lib/gcc/arm-none-eabi/10.3.1/thumb/v7e-m/nofp/crti.o
                0x0000000000011f9c                _init
 .init          0x0000000000011fa0        0x8 /usr/local/gcc-arm-none-eabi/bin/../lib/gcc/arm-none-eabi/10.3.1/thumb/v7e-m/nofp/crtn.o
                0x0000000000011fa8                . = ALIGN (0x4)
                0x0000000000011fa8                __preinit_array_start = .
 *(.preinit_array)
                0x0000000000011fa8                __preinit_array_end = .
                0x0000000000011fa8                . = ALIGN (0x4)
                0x0000000000011fa8                __init_array_start = .
 *(SORT_BY_NAME(.init_array.*))
 .init_array.00000
                0x0000000000011fa8        0x4 /usr/local/gcc-arm-none-eabi/bin/../lib/gcc/arm-none-eabi/10.3.1/../../../../arm-none-eabi/lib/thumb/v7e-m/nofp/libg.a(lib_a-__call_atexit.o)
 *(.init_array)
 .init_array    0x0000000000011fac        0x4 /usr/local/gcc-arm-none-eabi/bin/../lib/gcc/arm-none-eabi/10.3.1/thumb/v7e-m/nofp/crtbegin.o
 .init_array    0x0000000000011fb0        0x4 ../main.o
 .init_array    0x0000000000011fb4        0x4 FEHProteus.o
 .init_array    0x0000000000011fb8        0x4 Libraries/FEHBuzzer.o
 .init_array    0x0000000000011fbc        0x4 Libraries/FEHLCD.o
 .init_array    0x0000000000011fc0        0x4 Libraries/FEHAccel.o
 .init_array    0x0000000000011fc4        0x4 Libraries/FEHBattery.o
 .init_array    0x0000000000011fc8        0x4 Libraries/FEHRCS.o
 .init_array    0x0000000000011fcc        0x4 Libraries/FEHSD.o
 .init_array    0x0000000000011fd0        0x4 /usr/local/gcc-arm-none-eabi/bin/../lib/gcc/arm-none-eabi/10.3.1/../../../../arm-none-eabi/lib/thumb/v7e-m/nofp/libstdc++.a(eh_alloc.o)
                0x0000000000011fd4                __init_array_end = .
 *(.fini)
 .fini          0x0000000000011fd4        0x4 /usr/local/gcc-arm-none-eabi/bin/../lib/gcc/arm-none-eabi/10.3.1/thumb/v7e-m/nofp/crti.o
                0x0000000000011fd4                _fini
 .fini          0x0000000000011fd8        0x8 /usr/local/gcc-arm-none-eabi/bin/../lib/gcc/arm-none-eabi/10.3.1/thumb/v7e-m/nofp/crtn.o
                0x0000000000011fe0                . = ALIGN (0x4)
 *crtbegin.o(.ctors)
 *(EXCLUDE_FILE(*crtend.o) .ctors)
 *(SORT_BY_NAME(.ctors.*))
 *crtend.o(.ctors)
                0x0000000000011fe0                . = ALIGN (0x4)
 *crtbegin.o(.dtors)
 *(EXCLUDE_FILE(*crtend.o) .dtors)
 *(SORT_BY_NAME(.dtors.*))
 *crtend.o(.dtors)
                0x0000000000011fe0                . = ALIGN (0x4)

.ARM.extab
 *(.ARM.extab* .gnu.linkonce.armextab.*)
                0x0000000000011fe0                __exidx_start = .

.ARM.exidx      0x0000000000011fe0        0x8
 *(.ARM.exidx* .gnu.linkonce.armexidx.*)
 .ARM.exidx.text.startup._GLOBAL__sub_I__ZN9__gnu_cxx9__freeresEv
                0x0000000000011fe0        0x8 /usr/local/gcc-arm-none-eabi/bin/../lib/gcc/arm-none-eabi/10.3.1/../../../../arm-none-eabi/lib/thumb/v7e-m/nofp/libstdc++.a(eh_alloc.o)
                0x0000000000011fe8                __exidx_end = .
                0x0000000000011fe8                _etext = .

.rel.dyn        0x0000000000011fe8        0x0
 .rel.iplt      0x0000000000011fe8        0x0 /usr/local/gcc-arm-none-eabi/bin/../lib/gcc/arm-none-eabi/10.3.1/thumb/v7e-m/nofp/crtbegin.o

.m_usb_data
 *(m_usb_bdt)

.data_RAM2      0x000000001fff0000        0x0 load address 0x0000000000011fe8
 FILL mask 0xff
                [!provide]                        PROVIDE (__start_data_RAM2 = .)
 *(.ramfunc.$RAM2)
 *(.ramfunc.$SRAM_LOWER)
 *(.EXTRA_RAM)
 *(.data.$RAM2)
 *(.data.$SRAM_LOWER)
 *(.data.$RAM2.*)
 *(.data.$SRAM_LOWER.*)
                0x000000001fff0000                . = ALIGN (0x4)
                [!provide]                        PROVIDE (__end_data_RAM2 = .)

.uninit_RESERVED
                0x0000000020000000        0x0
                0x0000000020000000                . = ALIGN (0x4)
 *(.bss.$RESERVED*)
                0x0000000020000000                . = ALIGN (0x4)
                0x0000000020000000                _end_uninit_RESERVED = .

.data           0x0000000020000000     0x155c load address 0x0000000000011fe8
 FILL mask 0xff
                0x0000000020000000                _data = .
 *(vtable)
 *(.ramfunc*)
 *(CodeQuickAccess)
 *(DataQuickAccess)
 *(RamFunction)
 *(.data*)
 .data._ZL4Stat
                0x0000000020000000        0x1 Drivers/SDHC.o
 *fill*         0x0000000020000001        0x3 ff
 .data.image    0x0000000020000004      0x74e Libraries/FEHLCD.o
                0x0000000020000004                image
 *fill*         0x0000000020000752        0x2 ff
 .data.logo     0x0000000020000754      0x3e6 Libraries/FEHLCD.o
                0x0000000020000754                logo
 *fill*         0x0000000020000b3a        0x2 ff
 .data._ZN6FEHLCD8fontDataE
                0x0000000020000b3c      0x1e0 Libraries/FEHLCD.o
                0x0000000020000b3c                FEHLCD::fontData
 .data._impure_ptr
                0x0000000020000d1c        0x4 /usr/local/gcc-arm-none-eabi/bin/../lib/gcc/arm-none-eabi/10.3.1/../../../../arm-none-eabi/lib/thumb/v7e-m/nofp/libg.a(lib_a-impure.o)
                0x0000000020000d1c                _impure_ptr
 .data.impure_data
                0x0000000020000d20      0x428 /usr/local/gcc-arm-none-eabi/bin/../lib/gcc/arm-none-eabi/10.3.1/../../../../arm-none-eabi/lib/thumb/v7e-m/nofp/libg.a(lib_a-impure.o)
 .data.__malloc_av_
                0x0000000020001148      0x408 /usr/local/gcc-arm-none-eabi/bin/../lib/gcc/arm-none-eabi/10.3.1/../../../../arm-none-eabi/lib/thumb/v7e-m/nofp/libg.a(lib_a-mallocr.o)
                0x0000000020001148                __malloc_av_
 .data.__malloc_sbrk_base
                0x0000000020001550        0x4 /usr/local/gcc-arm-none-eabi/bin/../lib/gcc/arm-none-eabi/10.3.1/../../../../arm-none-eabi/lib/thumb/v7e-m/nofp/libg.a(lib_a-mallocr.o)
                0x0000000020001550                __malloc_sbrk_base
 .data.__malloc_trim_threshold
                0x0000000020001554        0x4 /usr/local/gcc-arm-none-eabi/bin/../lib/gcc/arm-none-eabi/10.3.1/../../../../arm-none-eabi/lib/thumb/v7e-m/nofp/libg.a(lib_a-mallocr.o)
                0x0000000020001554                __malloc_trim_threshold
 .data.__atexit_recursive_mutex
                0x0000000020001558        0x4 /usr/local/gcc-arm-none-eabi/bin/../lib/gcc/arm-none-eabi/10.3.1/../../../../arm-none-eabi/lib/thumb/v7e-m/nofp/libg.a(lib_a-__call_atexit.o)
                0x0000000020001558                __atexit_recursive_mutex
                0x000000002000155c                . = ALIGN (0x4)
                0x000000002000155c                _edata = .

.igot.plt       0x000000002000155c        0x0 load address 0x0000000000013544
 .igot.plt      0x000000002000155c        0x0 /usr/local/gcc-arm-none-eabi/bin/../lib/gcc/arm-none-eabi/10.3.1/thumb/v7e-m/nofp/crtbegin.o

.bss_RAM2       0x000000001fff0000        0x0
                0x000000001fff0000                . = ALIGN (0x4)
                [!provide]                        PROVIDE (__start_bss_RAM2 = .)
 *(.bss.$RAM2)
 *(.bss.$SRAM_LOWER)
 *(.bss.$RAM2.*)
 *(.bss.$SRAM_LOWER.*)
                0x000000001fff0000                . = ALIGN ((. != 0x0)?0x4:0x1)
                [!provide]                        PROVIDE (__end_bss_RAM2 = .)

.bss            0x000000002000155c      0x468
                0x000000002000155c                . = ALIGN (0x4)
                0x000000002000155c                _bss = .
 *(.bss*)
 .bss           0x000000002000155c       0x1c /usr/local/gcc-arm-none-eabi/bin/../lib/gcc/arm-none-eabi/10.3.1/thumb/v7e-m/nofp/crtbegin.o
 .bss.sensor1   0x0000000020001578        0x1 ../main.o
                0x0000000020001578                sensor1
 *fill*         0x0000000020001579        0x3 
 .bss.sensor2   0x000000002000157c        0x1 ../main.o
                0x000000002000157c                sensor2
 *fill*         0x000000002000157d        0x3 
 .bss.sensor3   0x0000000020001580        0x1 ../main.o
                0x0000000020001580                sensor3
 *fill*         0x0000000020001581        0x3 
 .bss.drive_motor_left
                0x0000000020001584        0x8 ../main.o
                0x0000000020001584                drive_motor_left
 .bss.drive_motor_right
                0x000000002000158c        0x8 ../main.o
                0x000000002000158c                drive_motor_right
 .bss.MasterTransmission
                0x0000000020001594        0x1 Drivers/i2c.o
                0x0000000020001594                MasterTransmission
 .bss.SlaveID   0x0000000020001595        0x1 Drivers/i2c.o
                0x0000000020001595                SlaveID
 .bss.timeout   0x0000000020001596        0x1 Drivers/i2c.o
                0x0000000020001596                timeout
 *fill*         0x0000000020001597        0x1 
 .bss.SDHC_Card
                0x0000000020001598       0x14 Drivers/SDHC.o
                0x0000000020001598                SDHC_Card
 .bss.SDHC_Info
                0x00000000200015ac      0x204 Drivers/SDHC.o
                0x00000000200015ac                SDHC_Info
 .bss.SDHC_Device
                0x00000000200017b0        0x8 Drivers/SDHC.o
                0x00000000200017b0                SDHC_Device
 .bss.Propeller
                0x00000000200017b8        0x1 FEHProteus.o
                0x00000000200017b8                Propeller
 *fill*         0x00000000200017b9        0x3 
 .bss.CoreClockKHz
                0x00000000200017bc        0x4 FEHProteus.o
                0x00000000200017bc                CoreClockKHz
 .bss.CoreClockMHz
                0x00000000200017c0        0x4 FEHProteus.o
                0x00000000200017c0                CoreClockMHz
 .bss.PeripheralClockKHz
                0x00000000200017c4        0x4 FEHProteus.o
                0x00000000200017c4                PeripheralClockKHz
 .bss._ZN14AnalogInputPin17Master_Adc_ConfigE
                0x00000000200017c8       0x10 Libraries/FEHIO.o
                0x00000000200017c8                AnalogInputPin::Master_Adc_Config
 .bss._ZN14AnalogInputPin18Encoder_Adc_ConfigE
                0x00000000200017d8       0x10 Libraries/FEHIO.o
                0x00000000200017d8                AnalogInputPin::Encoder_Adc_Config
 .bss.interrupt_counts
                0x00000000200017e8       0x80 Libraries/FEHIO.o
                0x00000000200017e8                interrupt_counts
 .bss._ZN13AnalogEncoder7pinListE
                0x0000000020001868        0x4 Libraries/FEHIO.o
                0x0000000020001868                AnalogEncoder::pinList
 .bss.__interrupt_counter
                0x000000002000186c        0x4 Libraries/FEHIO.o
                0x000000002000186c                __interrupt_counter
 .bss.Buzzer    0x0000000020001870        0x1 Libraries/FEHBuzzer.o
                0x0000000020001870                Buzzer
 *fill*         0x0000000020001871        0x3 
 .bss.LCD       0x0000000020001874       0x44 Libraries/FEHLCD.o
                0x0000000020001874                LCD
 .bss.initialized
                0x00000000200018b8        0x1 Libraries/FEHLCD.o
                0x00000000200018b8                initialized
 *fill*         0x00000000200018b9        0x3 
 .bss.Accel     0x00000000200018bc        0x1 Libraries/FEHAccel.o
                0x00000000200018bc                Accel
 *fill*         0x00000000200018bd        0x3 
 .bss.Battery   0x00000000200018c0        0x1 Libraries/FEHBattery.o
                0x00000000200018c0                Battery
 *fill*         0x00000000200018c1        0x3 
 .bss.XBeeDataProcess
                0x00000000200018c4        0x4 Drivers/FEHXBee.o
                0x00000000200018c4                XBeeDataProcess
 .bss._xbeebuffer
                0x00000000200018c8       0x10 Drivers/FEHXBee.o
                0x00000000200018c8                _xbeebuffer
 .bss._xbeebufferindex
                0x00000000200018d8        0x1 Drivers/FEHXBee.o
                0x00000000200018d8                _xbeebufferindex
 .bss._xbeestate
                0x00000000200018d9        0x1 Drivers/FEHXBee.o
                0x00000000200018d9                _xbeestate
 .bss._xbeebytereceived
                0x00000000200018da        0x1 Drivers/FEHXBee.o
                0x00000000200018da                _xbeebytereceived
 .bss._xbeebyte
                0x00000000200018db        0x1 Drivers/FEHXBee.o
                0x00000000200018db                _xbeebyte
 .bss.RCS       0x00000000200018dc        0x8 Libraries/FEHRCS.o
                0x00000000200018dc                RCS
 .bss._enabled  0x00000000200018e4        0x1 Libraries/FEHRCS.o
                0x00000000200018e4                _enabled
 *fill*         0x00000000200018e5        0x3 
 .bss._RCS_x    0x00000000200018e8        0x4 Libraries/FEHRCS.o
                0x00000000200018e8                _RCS_x
 .bss._RCS_y    0x00000000200018ec        0x4 Libraries/FEHRCS.o
                0x00000000200018ec                _RCS_y
 .bss._RCS_heading
                0x00000000200018f0        0x4 Libraries/FEHRCS.o
                0x00000000200018f0                _RCS_heading
 .bss._RCS_objective
                0x00000000200018f4        0x4 Libraries/FEHRCS.o
                0x00000000200018f4                _RCS_objective
 .bss._RCS_time
                0x00000000200018f8        0x1 Libraries/FEHRCS.o
                0x00000000200018f8                _RCS_time
 .bss._RCS_stop
                0x00000000200018f9        0x1 Libraries/FEHRCS.o
                0x00000000200018f9                _RCS_stop
 .bss._RCS_foundpacket
                0x00000000200018fa        0x1 Libraries/FEHRCS.o
                0x00000000200018fa                _RCS_foundpacket
 *fill*         0x00000000200018fb        0x1 
 .bss.SD        0x00000000200018fc        0x8 Libraries/FEHSD.o
                0x00000000200018fc                SD
 .bss.f_res     0x0000000020001904        0x1 Libraries/FEHSD.o
                0x0000000020001904                f_res
 *fill*         0x0000000020001905        0x3 
 .bss.filePtrs  0x0000000020001908       0x64 Libraries/FEHSD.o
                0x0000000020001908                filePtrs
 .bss.Random    0x000000002000196c        0x1 Libraries/FEHRandom.o
                0x000000002000196c                Random
 *fill*         0x000000002000196d        0x3 
 .bss._ZN12_GLOBAL__N_114emergency_poolE
                0x0000000020001970       0x10 /usr/local/gcc-arm-none-eabi/bin/../lib/gcc/arm-none-eabi/10.3.1/../../../../arm-none-eabi/lib/thumb/v7e-m/nofp/libstdc++.a(eh_alloc.o)
 .bss.__lock___atexit_recursive_mutex
                0x0000000020001980        0x1 /usr/local/gcc-arm-none-eabi/bin/../lib/gcc/arm-none-eabi/10.3.1/../../../../arm-none-eabi/lib/thumb/v7e-m/nofp/libg.a(lib_a-lock.o)
                0x0000000020001980                __lock___atexit_recursive_mutex
 *fill*         0x0000000020001981        0x3 
 .bss.__lock___malloc_recursive_mutex
                0x0000000020001984        0x1 /usr/local/gcc-arm-none-eabi/bin/../lib/gcc/arm-none-eabi/10.3.1/../../../../arm-none-eabi/lib/thumb/v7e-m/nofp/libg.a(lib_a-lock.o)
                0x0000000020001984                __lock___malloc_recursive_mutex
 *fill*         0x0000000020001985        0x3 
 .bss.__malloc_current_mallinfo
                0x0000000020001988       0x28 /usr/local/gcc-arm-none-eabi/bin/../lib/gcc/arm-none-eabi/10.3.1/../../../../arm-none-eabi/lib/thumb/v7e-m/nofp/libg.a(lib_a-mallocr.o)
                0x0000000020001988                __malloc_current_mallinfo
 .bss.__malloc_max_sbrked_mem
                0x00000000200019b0        0x4 /usr/local/gcc-arm-none-eabi/bin/../lib/gcc/arm-none-eabi/10.3.1/../../../../arm-none-eabi/lib/thumb/v7e-m/nofp/libg.a(lib_a-mallocr.o)
                0x00000000200019b0                __malloc_max_sbrked_mem
 .bss.__malloc_max_total_mem
                0x00000000200019b4        0x4 /usr/local/gcc-arm-none-eabi/bin/../lib/gcc/arm-none-eabi/10.3.1/../../../../arm-none-eabi/lib/thumb/v7e-m/nofp/libg.a(lib_a-mallocr.o)
                0x00000000200019b4                __malloc_max_total_mem
 .bss.__malloc_top_pad
                0x00000000200019b8        0x4 /usr/local/gcc-arm-none-eabi/bin/../lib/gcc/arm-none-eabi/10.3.1/../../../../arm-none-eabi/lib/thumb/v7e-m/nofp/libg.a(lib_a-mallocr.o)
                0x00000000200019b8                __malloc_top_pad
 .bss.errno     0x00000000200019bc        0x4 /usr/local/gcc-arm-none-eabi/bin/../lib/gcc/arm-none-eabi/10.3.1/../../../../arm-none-eabi/lib/thumb/v7e-m/nofp/libg.a(lib_a-reent.o)
                0x00000000200019bc                errno
 .bss.heap_end.0
                0x00000000200019c0        0x4 /usr/local/gcc-arm-none-eabi/bin/../lib/gcc/arm-none-eabi/10.3.1/../../../../arm-none-eabi/lib/thumb/v7e-m/nofp/libnosys.a(sbrk.o)
 *(COMMON)
                0x00000000200019c4                . = ALIGN (0x4)
                0x00000000200019c4                _ebss = .
                0x00000000200019c4                PROVIDE (end = .)

.noinit_RAM2    0x000000001fff0000        0x0
                0x000000001fff0000                . = ALIGN (0x4)
 *(.noinit.$RAM2)
 *(.noinit.$SRAM_LOWER)
 *(.noinit.$RAM2.*)
 *(.noinit.$SRAM_LOWER.*)
                0x000000001fff0000                . = ALIGN (0x4)

.noinit         0x00000000200019c4        0x0
                0x00000000200019c4                . = ALIGN (0x4)
                0x00000000200019c4                _noinit = .
 *(.noinit*)
                0x00000000200019c4                . = ALIGN (0x4)
                0x00000000200019c4                _end_noinit = .
                0x0000000000001000                _HeapSize = 0x1000

.heap           0x000000001fff0000     0x1000
                0x000000001fff0000                _pvHeapStart = .
                0x000000001fff1000                . = (. + _HeapSize)
 *fill*         0x000000001fff0000     0x1000 
                0x000000001fff1000                . = ALIGN (0x4)
                0x000000001fff1000                _pvHeapLimit = .
                0x0000000000001000                _StackSize = 0x1000

.heap2stackfill
                0x000000001fff1000     0x1000
                0x000000001fff2000                . = (. + _StackSize)
 *fill*         0x000000001fff1000     0x1000 

.stack          0x000000001ffff000        0x0
                0x000000001ffff000                _vStackBase = .
                0x000000001ffff000                . = ALIGN (0x4)
                0x0000000020000000                _vStackTop = (. + _StackSize)
                0x000000000000c000                _image_start = LOADADDR (.text)
                0x0000000000013544                _image_end = (LOADADDR (.data) + SIZEOF (.data))
                0x0000000000007544                _image_size = (_image_end - _image_start)
OUTPUT(../Proteus.elf elf32-littlearm)
LOAD linker stubs

.ARM.attributes
                0x0000000000000000       0x2a
 .ARM.attributes
                0x0000000000000000       0x1e /usr/local/gcc-arm-none-eabi/bin/../lib/gcc/arm-none-eabi/10.3.1/thumb/v7e-m/nofp/crti.o
 .ARM.attributes
                0x000000000000001e       0x2e /usr/local/gcc-arm-none-eabi/bin/../lib/gcc/arm-none-eabi/10.3.1/thumb/v7e-m/nofp/crtbegin.o
 .ARM.attributes
                0x000000000000004c       0x2e ../main.o
 .ARM.attributes
                0x000000000000007a       0x2e Startup/startup_mk60d10.o
 .ARM.attributes
                0x00000000000000a8       0x2e Libraries/FEHMotor.o
 .ARM.attributes
                0x00000000000000d6       0x2e Drivers/i2c.o
 .ARM.attributes
                0x0000000000000104       0x2e Drivers/spi.o
 .ARM.attributes
                0x0000000000000132       0x2e Drivers/uart.o
 .ARM.attributes
                0x0000000000000160       0x2e Drivers/ff.o
 .ARM.attributes
                0x000000000000018e       0x2e Drivers/SDHC.o
 .ARM.attributes
                0x00000000000001bc       0x2e Drivers/lptmr.o
 .ARM.attributes
                0x00000000000001ea       0x2e FEHProteus.o
 .ARM.attributes
                0x0000000000000218       0x2e Drivers/FEHPropeller.o
 .ARM.attributes
                0x0000000000000246       0x2e Libraries/FEHUtility.o
 .ARM.attributes
                0x0000000000000274       0x2e Libraries/FEHIO.o
 .ARM.attributes
                0x00000000000002a2       0x2e Drivers/adc16.o
 .ARM.attributes
                0x00000000000002d0       0x2e Libraries/FEHBuzzer.o
 .ARM.attributes
                0x00000000000002fe       0x2e Libraries/FEHLCD.o
 .ARM.attributes
                0x000000000000032c       0x2e Libraries/FEHAccel.o
 .ARM.attributes
                0x000000000000035a       0x2e Libraries/FEHBattery.o
 .ARM.attributes
                0x0000000000000388       0x2e Drivers/FEHXBee.o
 .ARM.attributes
                0x00000000000003b6       0x2e Libraries/FEHRCS.o
 .ARM.attributes
                0x00000000000003e4       0x2e Libraries/FEHSD.o
 .ARM.attributes
                0x0000000000000412       0x2e Libraries/FEHRandom.o
 .ARM.attributes
                0x0000000000000440       0x2e /usr/local/gcc-arm-none-eabi/bin/../lib/gcc/arm-none-eabi/10.3.1/../../../../arm-none-eabi/lib/thumb/v7e-m/nofp/libstdc++.a(eh_alloc.o)
 .ARM.attributes
                0x000000000000046e       0x1e /usr/local/gcc-arm-none-eabi/bin/../lib/gcc/arm-none-eabi/10.3.1/thumb/v7e-m/nofp/libgcc.a(_arm_addsubdf3.o)
 .ARM.attributes
                0x000000000000048c       0x1e /usr/local/gcc-arm-none-eabi/bin/../lib/gcc/arm-none-eabi/10.3.1/thumb/v7e-m/nofp/libgcc.a(_arm_muldivdf3.o)
 .ARM.attributes
                0x00000000000004aa       0x1e /usr/local/gcc-arm-none-eabi/bin/../lib/gcc/arm-none-eabi/10.3.1/thumb/v7e-m/nofp/libgcc.a(_arm_fixunsdfsi.o)
 .ARM.attributes
                0x00000000000004c8       0x1e /usr/local/gcc-arm-none-eabi/bin/../lib/gcc/arm-none-eabi/10.3.1/thumb/v7e-m/nofp/libgcc.a(_arm_truncdfsf2.o)
 .ARM.attributes
                0x00000000000004e6       0x1e /usr/local/gcc-arm-none-eabi/bin/../lib/gcc/arm-none-eabi/10.3.1/thumb/v7e-m/nofp/libgcc.a(_arm_cmpsf2.o)
 .ARM.attributes
                0x0000000000000504       0x2e /usr/local/gcc-arm-none-eabi/bin/../lib/gcc/arm-none-eabi/10.3.1/../../../../arm-none-eabi/lib/thumb/v7e-m/nofp/libg.a(lib_a-impure.o)
 .ARM.attributes
                0x0000000000000532       0x2e /usr/local/gcc-arm-none-eabi/bin/../lib/gcc/arm-none-eabi/10.3.1/../../../../arm-none-eabi/lib/thumb/v7e-m/nofp/libg.a(lib_a-init.o)
 .ARM.attributes
                0x0000000000000560       0x2e /usr/local/gcc-arm-none-eabi/bin/../lib/gcc/arm-none-eabi/10.3.1/../../../../arm-none-eabi/lib/thumb/v7e-m/nofp/libg.a(lib_a-lock.o)
 .ARM.attributes
                0x000000000000058e       0x2e /usr/local/gcc-arm-none-eabi/bin/../lib/gcc/arm-none-eabi/10.3.1/../../../../arm-none-eabi/lib/thumb/v7e-m/nofp/libg.a(lib_a-malloc.o)
 .ARM.attributes
                0x00000000000005bc       0x2e /usr/local/gcc-arm-none-eabi/bin/../lib/gcc/arm-none-eabi/10.3.1/../../../../arm-none-eabi/lib/thumb/v7e-m/nofp/libg.a(lib_a-mallocr.o)
 .ARM.attributes
                0x00000000000005ea       0x2e /usr/local/gcc-arm-none-eabi/bin/../lib/gcc/arm-none-eabi/10.3.1/../../../../arm-none-eabi/lib/thumb/v7e-m/nofp/libg.a(lib_a-mlock.o)
 .ARM.attributes
                0x0000000000000618       0x2e /usr/local/gcc-arm-none-eabi/bin/../lib/gcc/arm-none-eabi/10.3.1/../../../../arm-none-eabi/lib/thumb/v7e-m/nofp/libg.a(lib_a-sbrkr.o)
 .ARM.attributes
                0x0000000000000646       0x2e /usr/local/gcc-arm-none-eabi/bin/../lib/gcc/arm-none-eabi/10.3.1/../../../../arm-none-eabi/lib/thumb/v7e-m/nofp/libg.a(lib_a-__call_atexit.o)
 .ARM.attributes
                0x0000000000000674       0x2e /usr/local/gcc-arm-none-eabi/bin/../lib/gcc/arm-none-eabi/10.3.1/../../../../arm-none-eabi/lib/thumb/v7e-m/nofp/libg.a(lib_a-atexit.o)
 .ARM.attributes
                0x00000000000006a2       0x2e /usr/local/gcc-arm-none-eabi/bin/../lib/gcc/arm-none-eabi/10.3.1/../../../../arm-none-eabi/lib/thumb/v7e-m/nofp/libg.a(lib_a-fini.o)
 .ARM.attributes
                0x00000000000006d0       0x2e /usr/local/gcc-arm-none-eabi/bin/../lib/gcc/arm-none-eabi/10.3.1/../../../../arm-none-eabi/lib/thumb/v7e-m/nofp/libg.a(lib_a-freer.o)
 .ARM.attributes
                0x00000000000006fe       0x2e /usr/local/gcc-arm-none-eabi/bin/../lib/gcc/arm-none-eabi/10.3.1/../../../../arm-none-eabi/lib/thumb/v7e-m/nofp/libg.a(lib_a-reent.o)
 .ARM.attributes
                0x000000000000072c       0x2e /usr/local/gcc-arm-none-eabi/bin/../lib/gcc/arm-none-eabi/10.3.1/../../../../arm-none-eabi/lib/thumb/v7e-m/nofp/libg.a(lib_a-__atexit.o)
 .ARM.attributes
                0x000000000000075a       0x2e /usr/local/gcc-arm-none-eabi/bin/../lib/gcc/arm-none-eabi/10.3.1/../../../../arm-none-eabi/lib/thumb/v7e-m/nofp/libnosys.a(sbrk.o)
 .ARM.attributes
                0x0000000000000788       0x1e /usr/local/gcc-arm-none-eabi/bin/../lib/gcc/arm-none-eabi/10.3.1/thumb/v7e-m/nofp/crtn.o

.comment        0x0000000000000000       0x49
 .comment       0x0000000000000000       0x49 ../main.o
                                         0x4a (size before relaxing)
 .comment       0x0000000000000049       0x4a Startup/startup_mk60d10.o
 .comment       0x0000000000000049       0x4a Libraries/FEHMotor.o
 .comment       0x0000000000000049       0x4a Drivers/i2c.o
 .comment       0x0000000000000049       0x4a Drivers/spi.o
 .comment       0x0000000000000049       0x4a Drivers/uart.o
 .comment       0x0000000000000049       0x4a Drivers/ff.o
 .comment       0x0000000000000049       0x4a Drivers/SDHC.o
 .comment       0x0000000000000049       0x4a Drivers/lptmr.o
 .comment       0x0000000000000049       0x4a FEHProteus.o
 .comment       0x0000000000000049       0x4a Drivers/FEHPropeller.o
 .comment       0x0000000000000049       0x4a Libraries/FEHUtility.o
 .comment       0x0000000000000049       0x4a Libraries/FEHIO.o
 .comment       0x0000000000000049       0x4a Drivers/adc16.o
 .comment       0x0000000000000049       0x4a Libraries/FEHBuzzer.o
 .comment       0x0000000000000049       0x4a Libraries/FEHLCD.o
 .comment       0x0000000000000049       0x4a Libraries/FEHAccel.o
 .comment       0x0000000000000049       0x4a Libraries/FEHBattery.o
 .comment       0x0000000000000049       0x4a Drivers/FEHXBee.o
 .comment       0x0000000000000049       0x4a Libraries/FEHRCS.o
 .comment       0x0000000000000049       0x4a Libraries/FEHSD.o
 .comment       0x0000000000000049       0x4a Libraries/FEHRandom.o

.debug_info     0x0000000000000000    0x141e9
 .debug_info    0x0000000000000000      0xf78 ../main.o
 .debug_info    0x0000000000000f78     0x2e5b Startup/startup_mk60d10.o
 .debug_info    0x0000000000003dd3      0x363 Libraries/FEHMotor.o
 .debug_info    0x0000000000004136      0x2d7 Drivers/i2c.o
 .debug_info    0x000000000000440d      0x74c Drivers/spi.o
 .debug_info    0x0000000000004b59      0x60f Drivers/uart.o
 .debug_info    0x0000000000005168     0x1d82 Drivers/ff.o
 .debug_info    0x0000000000006eea      0xfde Drivers/SDHC.o
 .debug_info    0x0000000000007ec8      0x33b Drivers/lptmr.o
 .debug_info    0x0000000000008203      0x1f1 FEHProteus.o
 .debug_info    0x00000000000083f4      0x7b3 Drivers/FEHPropeller.o
 .debug_info    0x0000000000008ba7      0x38c Libraries/FEHUtility.o
 .debug_info    0x0000000000008f33     0x1dc1 Libraries/FEHIO.o
 .debug_info    0x000000000000acf4      0x51d Drivers/adc16.o
 .debug_info    0x000000000000b211      0xa98 Libraries/FEHBuzzer.o
 .debug_info    0x000000000000bca9     0x2bcb Libraries/FEHLCD.o
 .debug_info    0x000000000000e874      0x2cc Libraries/FEHAccel.o
 .debug_info    0x000000000000eb40      0x413 Libraries/FEHBattery.o
 .debug_info    0x000000000000ef53      0xb53 Drivers/FEHXBee.o
 .debug_info    0x000000000000faa6     0x1f49 Libraries/FEHRCS.o
 .debug_info    0x00000000000119ef     0x1cb9 Libraries/FEHSD.o
 .debug_info    0x00000000000136a8      0xb41 Libraries/FEHRandom.o

.debug_abbrev   0x0000000000000000     0x33c0
 .debug_abbrev  0x0000000000000000      0x279 ../main.o
 .debug_abbrev  0x0000000000000279      0x53d Startup/startup_mk60d10.o
 .debug_abbrev  0x00000000000007b6      0x177 Libraries/FEHMotor.o
 .debug_abbrev  0x000000000000092d      0x137 Drivers/i2c.o
 .debug_abbrev  0x0000000000000a64      0x1a9 Drivers/spi.o
 .debug_abbrev  0x0000000000000c0d      0x16e Drivers/uart.o
 .debug_abbrev  0x0000000000000d7b      0x1bc Drivers/ff.o
 .debug_abbrev  0x0000000000000f37      0x27b Drivers/SDHC.o
 .debug_abbrev  0x00000000000011b2       0xde Drivers/lptmr.o
 .debug_abbrev  0x0000000000001290       0xf3 FEHProteus.o
 .debug_abbrev  0x0000000000001383      0x1be Drivers/FEHPropeller.o
 .debug_abbrev  0x0000000000001541      0x161 Libraries/FEHUtility.o
 .debug_abbrev  0x00000000000016a2      0x55d Libraries/FEHIO.o
 .debug_abbrev  0x0000000000001bff      0x135 Drivers/adc16.o
 .debug_abbrev  0x0000000000001d34      0x220 Libraries/FEHBuzzer.o
 .debug_abbrev  0x0000000000001f54      0x3a3 Libraries/FEHLCD.o
 .debug_abbrev  0x00000000000022f7      0x153 Libraries/FEHAccel.o
 .debug_abbrev  0x000000000000244a      0x1e4 Libraries/FEHBattery.o
 .debug_abbrev  0x000000000000262e      0x240 Drivers/FEHXBee.o
 .debug_abbrev  0x000000000000286e      0x44b Libraries/FEHRCS.o
 .debug_abbrev  0x0000000000002cb9      0x4a2 Libraries/FEHSD.o
 .debug_abbrev  0x000000000000315b      0x265 Libraries/FEHRandom.o

.debug_loc      0x0000000000000000     0x6ff9
 .debug_loc     0x0000000000000000       0xa8 ../main.o
 .debug_loc     0x00000000000000a8     0x12a8 Startup/startup_mk60d10.o
 .debug_loc     0x0000000000001350      0x140 Libraries/FEHMotor.o
 .debug_loc     0x0000000000001490      0x1f8 Drivers/i2c.o
 .debug_loc     0x0000000000001688      0x250 Drivers/spi.o
 .debug_loc     0x00000000000018d8      0x170 Drivers/uart.o
 .debug_loc     0x0000000000001a48      0xf8e Drivers/ff.o
 .debug_loc     0x00000000000029d6      0x538 Drivers/SDHC.o
 .debug_loc     0x0000000000002f0e       0x5c Drivers/lptmr.o
 .debug_loc     0x0000000000002f6a       0x7c FEHProteus.o
 .debug_loc     0x0000000000002fe6      0x1a8 Drivers/FEHPropeller.o
 .debug_loc     0x000000000000318e      0x280 Libraries/FEHUtility.o
 .debug_loc     0x000000000000340e      0xd56 Libraries/FEHIO.o
 .debug_loc     0x0000000000004164      0x114 Drivers/adc16.o
 .debug_loc     0x0000000000004278      0x448 Libraries/FEHBuzzer.o
 .debug_loc     0x00000000000046c0     0x19d3 Libraries/FEHLCD.o
 .debug_loc     0x0000000000006093      0x20c Libraries/FEHAccel.o
 .debug_loc     0x000000000000629f      0x11c Libraries/FEHBattery.o
 .debug_loc     0x00000000000063bb      0x2bc Drivers/FEHXBee.o
 .debug_loc     0x0000000000006677      0x4cc Libraries/FEHRCS.o
 .debug_loc     0x0000000000006b43      0x3ba Libraries/FEHSD.o
 .debug_loc     0x0000000000006efd       0xfc Libraries/FEHRandom.o

.debug_aranges  0x0000000000000000      0xe78
 .debug_aranges
                0x0000000000000000       0x30 ../main.o
 .debug_aranges
                0x0000000000000030      0x360 Startup/startup_mk60d10.o
 .debug_aranges
                0x0000000000000390       0x38 Libraries/FEHMotor.o
 .debug_aranges
                0x00000000000003c8       0x48 Drivers/i2c.o
 .debug_aranges
                0x0000000000000410       0x58 Drivers/spi.o
 .debug_aranges
                0x0000000000000468       0x38 Drivers/uart.o
 .debug_aranges
                0x00000000000004a0      0x198 Drivers/ff.o
 .debug_aranges
                0x0000000000000638       0x98 Drivers/SDHC.o
 .debug_aranges
                0x00000000000006d0       0x20 Drivers/lptmr.o
 .debug_aranges
                0x00000000000006f0       0x28 FEHProteus.o
 .debug_aranges
                0x0000000000000718       0x40 Drivers/FEHPropeller.o
 .debug_aranges
                0x0000000000000758       0x58 Libraries/FEHUtility.o
 .debug_aranges
                0x00000000000007b0      0x160 Libraries/FEHIO.o
 .debug_aranges
                0x0000000000000910       0x30 Drivers/adc16.o
 .debug_aranges
                0x0000000000000940       0x88 Libraries/FEHBuzzer.o
 .debug_aranges
                0x00000000000009c8      0x2a0 Libraries/FEHLCD.o
 .debug_aranges
                0x0000000000000c68       0x50 Libraries/FEHAccel.o
 .debug_aranges
                0x0000000000000cb8       0x38 Libraries/FEHBattery.o
 .debug_aranges
                0x0000000000000cf0       0x58 Drivers/FEHXBee.o
 .debug_aranges
                0x0000000000000d48       0x90 Libraries/FEHRCS.o
 .debug_aranges
                0x0000000000000dd8       0x70 Libraries/FEHSD.o
 .debug_aranges
                0x0000000000000e48       0x30 Libraries/FEHRandom.o

.debug_macinfo  0x0000000000000000   0x85d79d
 .debug_macinfo
                0x0000000000000000    0x652eb ../main.o
 .debug_macinfo
                0x00000000000652eb    0x6bf52 Startup/startup_mk60d10.o
 .debug_macinfo
                0x00000000000d123d    0x63f77 Libraries/FEHMotor.o
 .debug_macinfo
                0x00000000001351b4    0x64058 Drivers/i2c.o
 .debug_macinfo
                0x000000000019920c    0x63ef1 Drivers/spi.o
 .debug_macinfo
                0x00000000001fd0fd    0x63ee2 Drivers/uart.o
 .debug_macinfo
                0x0000000000260fdf     0x450c Drivers/ff.o
 .debug_macinfo
                0x00000000002654eb    0x65446 Drivers/SDHC.o
 .debug_macinfo
                0x00000000002ca931    0x63f51 Drivers/lptmr.o
 .debug_macinfo
                0x000000000032e882    0x63ef7 FEHProteus.o
 .debug_macinfo
                0x0000000000392779    0x63fa0 Drivers/FEHPropeller.o
 .debug_macinfo
                0x00000000003f6719    0x63f0c Libraries/FEHUtility.o
 .debug_macinfo
                0x000000000045a625    0x645b0 Libraries/FEHIO.o
 .debug_macinfo
                0x00000000004bebd5    0x64593 Drivers/adc16.o
 .debug_macinfo
                0x0000000000523168    0x63f39 Libraries/FEHBuzzer.o
 .debug_macinfo
                0x00000000005870a1    0x69483 Libraries/FEHLCD.o
 .debug_macinfo
                0x00000000005f0524    0x64087 Libraries/FEHAccel.o
 .debug_macinfo
                0x00000000006545ab    0x645ba Libraries/FEHBattery.o
 .debug_macinfo
                0x00000000006b8b65    0x64c78 Drivers/FEHXBee.o
 .debug_macinfo
                0x000000000071d7dd    0x6a087 Libraries/FEHRCS.o
 .debug_macinfo
                0x0000000000787864    0x6c7b0 Libraries/FEHSD.o
 .debug_macinfo
                0x00000000007f4014    0x69789 Libraries/FEHRandom.o

.debug_line     0x0000000000000000     0xa22e
 .debug_line    0x0000000000000000      0x298 ../main.o
 .debug_line    0x0000000000000298      0xfb9 Startup/startup_mk60d10.o
 .debug_line    0x0000000000001251      0x301 Libraries/FEHMotor.o
 .debug_line    0x0000000000001552      0x32c Drivers/i2c.o
 .debug_line    0x000000000000187e      0x379 Drivers/spi.o
 .debug_line    0x0000000000001bf7      0x2d8 Drivers/uart.o
 .debug_line    0x0000000000001ecf     0x1d6b Drivers/ff.o
 .debug_line    0x0000000000003c3a      0xddb Drivers/SDHC.o
 .debug_line    0x0000000000004a15      0x23d Drivers/lptmr.o
 .debug_line    0x0000000000004c52      0x24c FEHProteus.o
 .debug_line    0x0000000000004e9e      0x2f3 Drivers/FEHPropeller.o
 .debug_line    0x0000000000005191      0x362 Libraries/FEHUtility.o
 .debug_line    0x00000000000054f3      0xcd6 Libraries/FEHIO.o
 .debug_line    0x00000000000061c9      0x366 Drivers/adc16.o
 .debug_line    0x000000000000652f      0x3a0 Libraries/FEHBuzzer.o
 .debug_line    0x00000000000068cf     0x17d6 Libraries/FEHLCD.o
 .debug_line    0x00000000000080a5      0x33d Libraries/FEHAccel.o
 .debug_line    0x00000000000083e2      0x295 Libraries/FEHBattery.o
 .debug_line    0x0000000000008677      0x46a Drivers/FEHXBee.o
 .debug_line    0x0000000000008ae1      0x9e0 Libraries/FEHRCS.o
 .debug_line    0x00000000000094c1      0x878 Libraries/FEHSD.o
 .debug_line    0x0000000000009d39      0x4f5 Libraries/FEHRandom.o

.debug_str      0x0000000000000000     0x4fb3
 .debug_str     0x0000000000000000      0xec0 ../main.o
                                        0xf78 (size before relaxing)
 .debug_str     0x0000000000000ec0     0x11ac Startup/startup_mk60d10.o
                                       0x2032 (size before relaxing)
 .debug_str     0x000000000000206c       0x52 Libraries/FEHMotor.o
                                        0x3e1 (size before relaxing)
 .debug_str     0x00000000000020be      0x14e Drivers/i2c.o
                                        0x2f6 (size before relaxing)
 .debug_str     0x000000000000220c      0x18b Drivers/spi.o
                                        0x484 (size before relaxing)
 .debug_str     0x0000000000002397      0x188 Drivers/uart.o
                                        0x411 (size before relaxing)
 .debug_str     0x000000000000251f      0x618 Drivers/ff.o
                                        0x8d4 (size before relaxing)
 .debug_str     0x0000000000002b37      0x54b Drivers/SDHC.o
                                        0x8f2 (size before relaxing)
 .debug_str     0x0000000000003082       0x5a Drivers/lptmr.o
                                        0x2d2 (size before relaxing)
 .debug_str     0x00000000000030dc       0x28 FEHProteus.o
                                        0x317 (size before relaxing)
 .debug_str     0x0000000000003104       0x3b Drivers/FEHPropeller.o
                                        0x483 (size before relaxing)
 .debug_str     0x000000000000313f       0xc0 Libraries/FEHUtility.o
                                        0x2a3 (size before relaxing)
 .debug_str     0x00000000000031ff      0xef3 Libraries/FEHIO.o
                                       0x16aa (size before relaxing)
 .debug_str     0x00000000000040f2       0xd7 Drivers/adc16.o
                                        0x366 (size before relaxing)
 .debug_str     0x00000000000041c9      0x1de Libraries/FEHBuzzer.o
                                        0x486 (size before relaxing)
 .debug_str     0x00000000000043a7      0x38a Libraries/FEHLCD.o
                                       0x110f (size before relaxing)
 .debug_str     0x0000000000004731       0xad Libraries/FEHAccel.o
                                        0x294 (size before relaxing)
 .debug_str     0x00000000000047de       0xa5 Libraries/FEHBattery.o
                                        0x49b (size before relaxing)
 .debug_str     0x0000000000004883      0x231 Drivers/FEHXBee.o
                                        0x641 (size before relaxing)
 .debug_str     0x0000000000004ab4      0x40e Libraries/FEHRCS.o
                                       0x18fc (size before relaxing)
 .debug_str     0x0000000000004ec2       0xbb Libraries/FEHSD.o